<html>
<body>
<pre>
<h1>礦ision Build Log</h1>
<h2>Tool Versions:</h2>
IDE-Version: μVision V5.14.0.0
Copyright (C) 2015 ARM Ltd and ARM Germany GmbH. All rights reserved.
License Information: ZKW, LY, LIC=GMZI6-D05N5-30VNC-713IW-NW0Z6-6Z2QW
 
Tool Versions:
Toolchain:       MDK-ARM Standard  Version: 5.14.0.0
Toolchain Path:  D:\langya\littlecomputer\keil\ARM\ARMCC\Bin
C Compiler:      Armcc.exe V5.05 update 1 (build 106)
Assembler:       Armasm.exe V5.05 update 1 (build 106)
Linker/Locator:  ArmLink.exe V5.05 update 1 (build 106)
Library Manager: ArmAr.exe V5.05 update 1 (build 106)
Hex Converter:   FromElf.exe V5.05 update 1 (build 106)
CPU DLL:         SARMCM3.DLL V5.14.0.0
Dialog DLL:      DCM.DLL V1.13.1.0
Target DLL:      Segger\JL2CM3.dll V2.99.13.0
Dialog DLL:      TCM.DLL V1.14.4.0
 
<h2>Project:</h2>
D:\langya\2022赛季\A.代码\Engineer2022\Upper\Project\EngineerUpper.uvprojx
Project File Date:  05/27/2022

<h2>Output:</h2>
Build target 'EngineerUpper'
compiling main.c...
compiling can1.c...
compiling delay.c...
compiling iwdg.c...
compiling Nvic.c...
compiling tim.c...
compiling tim2.c...
compiling Usart3.c...
compiling ZeroCheck.c...
compiling can2.c...
compiling ModbusCRC16.c...
compiling pid.c...
compiling AutoexecTask.c...
compiling ClampAngleTask.c...
compiling ForwardTask.c...
compiling LiftTask.c...
compiling MotorTask.c...
compiling RotateTask.c...
compiling StartTask.c...
compiling StateTask.c...
linking...
Program Size: Code=19412 RO-data=936 RW-data=364 ZI-data=20324  
"..\OBJ\EngineerUpper.axf" - 0 Error(s), 0 Warning(s).

<h2>Collection of Component include folders:</h2>
  D:\langya\2022赛季\A.代码\Engineer2022\Upper\Project\RTE
  D:\langya\littlecomputer\keil\ARM\PACK\Keil\STM32F1xx_DFP\1.0.5\Device\Include

<h2>Collection of Component Files used:</h2>
</pre>
</body>
</html>
