<html>
<body>
<pre>
<h1>µVision Build Log</h1>
<h2>Tool Versions:</h2>
IDE-Version: ¦ÌVision V5.29.0.0
Copyright (C) 2019 ARM Ltd and ARM Germany GmbH. All rights reserved.
License Information: ZKW,  , LIC=585FJ-UG14U-MMS9I-TDZSP-GE9BN-QWHAH
 
Tool Versions:
Toolchain:       MDK-ARM Plus  Version: 5.29.0.0
Toolchain Path:  D:\Program Files\Keil_v5\ARM\ARMCC\Bin
C Compiler:      Armcc.exe V5.06 update 6 (build 750)
Assembler:       Armasm.exe V5.06 update 6 (build 750)
Linker/Locator:  ArmLink.exe V5.06 update 6 (build 750)
Library Manager: ArmAr.exe V5.06 update 6 (build 750)
Hex Converter:   FromElf.exe V5.06 update 6 (build 750)
CPU DLL:         SARMCM3.DLL V5.29.0.0
Dialog DLL:      DCM.DLL V1.17.3.0
Target DLL:      Segger\JL2CM3.dll V2.99.18.0
Dialog DLL:      TCM.DLL V1.36.5.0
 
<h2>Project:</h2>
D:\langya\2022Èü¼¾\A.´úÂë\Engineer2022now\Chassis\Project\EngineerChassis.uvprojx
Project File Date:  06/03/2022

<h2>Output:</h2>
*** Using Compiler 'V5.06 update 6 (build 750)', folder: 'D:\Program Files\Keil_v5\ARM\ARMCC\Bin'
Build target 'EngineerChassis'
compiling iwdg.c...
compiling can1.c...
compiling delay.c...
compiling main.c...
compiling uart4.c...
compiling can2.c...
compiling usart2.c...
compiling JudgeSend.c...
compiling nvic.c...
compiling tim.c...
compiling remote.c...
compiling uart5.c...
compiling usart1.c...
compiling usart3.c...
compiling algorithmOfCRC.c...
compiling modbusCRC16.c...
compiling ZeroCheck.c...
compiling pid.c...
compiling Master2SlaveTask.c...
compiling MotorCalTask.c...
compiling ChassisTask.c...
compiling OfflineCheckTask.c...
compiling MotorFlagTask.c...
compiling StartTask.c...
compiling CharSendTask.c...
compiling StateTask.c...
compiling LaserRangingTask.c...
compiling GraphicsSendTask.c...
..\Task\GraphicsSendTask.c(1056): warning:  #177-D: variable "char_change_state"  was declared but never referenced
  	 static int char_change_state,graphic_change_state;
..\Task\GraphicsSendTask.c(1056): warning:  #177-D: variable "graphic_change_state"  was declared but never referenced
  	 static int char_change_state,graphic_change_state;
..\Task\GraphicsSendTask.c: 2 warnings, 0 errors
linking...
Program Size: Code=32844 RO-data=1308 RW-data=536 ZI-data=22272  
"..\OBJ\EngineerChassis.axf" - 0 Error(s), 2 Warning(s).

<h2>Software Packages used:</h2>

Package Vendor: Keil
                http://www.keil.com/pack/Keil.STM32F1xx_DFP.2.3.0.pack
                Keil.STM32F1xx_DFP.2.3.0
                STMicroelectronics STM32F1 Series Device Support, Drivers and Examples

<h2>Collection of Component include folders:</h2>
  .\RTE\_EngineerChassis
  C:\Users\ÑÌ»ðÒã\AppData\Local\Arm\Packs\Keil\STM32F1xx_DFP\2.3.0\Device\Include

<h2>Collection of Component Files used:</h2>
Build Time Elapsed:  00:00:05
</pre>
</body>
</html>
