Component: ARM Compiler 5.06 update 6 (build 750) Tool: armlink [4d35ed]

==============================================================================

Section Cross References

    main.o(i.BSP_init) refers to misc.o(i.NVIC_PriorityGroupConfig) for NVIC_PriorityGroupConfig
    main.o(i.BSP_init) refers to tim2.o(i.TIM3_PWM_Init) for TIM3_PWM_Init
    main.o(i.BSP_init) refers to tim.o(i.TIM4_Init) for TIM4_Init
    main.o(i.BSP_init) refers to delay.o(i.TIM6_Configration) for TIM6_Configration
    main.o(i.BSP_init) refers to delay.o(i.TIM7_Configration) for TIM7_Configration
    main.o(i.BSP_init) refers to can1.o(i.CAN1_Config) for CAN1_Config
    main.o(i.BSP_init) refers to can2.o(i.can2Config) for can2Config
    main.o(i.BSP_init) refers to main.o(i.gpioConfig) for gpioConfig
    main.o(i.BSP_init) refers to uart4.o(i.UART4_Configuration) for UART4_Configuration
    main.o(i.flagInit) refers to main.o(.bss) for g_Flag
    main.o(i.gpioConfig) refers to stm32f10x_rcc.o(i.RCC_APB2PeriphClockCmd) for RCC_APB2PeriphClockCmd
    main.o(i.gpioConfig) refers to stm32f10x_gpio.o(i.GPIO_Init) for GPIO_Init
    main.o(i.main) refers to main.o(i.BSP_init) for BSP_init
    main.o(i.main) refers to main.o(i.flagInit) for flagInit
    main.o(i.main) refers to can1.o(i.Data_Send_to_Master_Init) for Data_Send_to_Master_Init
    main.o(i.main) refers to delay.o(i.delay_ms) for delay_ms
    main.o(i.main) refers to zerocheck.o(i.ZeroCheck_Init) for ZeroCheck_Init
    main.o(i.main) refers to starttask.o(i.startTask) for startTask
    main.o(i.main) refers to tasks.o(i.vTaskStartScheduler) for vTaskStartScheduler
    system_stm32f10x.o(i.SetSysClock) refers to system_stm32f10x.o(i.SetSysClockTo72) for SetSysClockTo72
    system_stm32f10x.o(i.SystemInit) refers to system_stm32f10x.o(i.SetSysClock) for SetSysClock
    stm32f10x_it.o(i.SysTick_Handler) refers to port.o(i.xPortSysTickHandler) for xPortSysTickHandler
    startup_stm32f10x_cl.o(STACK) refers (Special) to heapauxi.o(.text) for __use_two_region_memory
    startup_stm32f10x_cl.o(HEAP) refers (Special) to heapauxi.o(.text) for __use_two_region_memory
    startup_stm32f10x_cl.o(RESET) refers (Special) to heapauxi.o(.text) for __use_two_region_memory
    startup_stm32f10x_cl.o(RESET) refers to startup_stm32f10x_cl.o(STACK) for __initial_sp
    startup_stm32f10x_cl.o(RESET) refers to startup_stm32f10x_cl.o(.text) for Reset_Handler
    startup_stm32f10x_cl.o(RESET) refers to stm32f10x_it.o(i.NMI_Handler) for NMI_Handler
    startup_stm32f10x_cl.o(RESET) refers to stm32f10x_it.o(i.HardFault_Handler) for HardFault_Handler
    startup_stm32f10x_cl.o(RESET) refers to stm32f10x_it.o(i.MemManage_Handler) for MemManage_Handler
    startup_stm32f10x_cl.o(RESET) refers to stm32f10x_it.o(i.BusFault_Handler) for BusFault_Handler
    startup_stm32f10x_cl.o(RESET) refers to stm32f10x_it.o(i.UsageFault_Handler) for UsageFault_Handler
    startup_stm32f10x_cl.o(RESET) refers to port.o(.emb_text) for SVC_Handler
    startup_stm32f10x_cl.o(RESET) refers to stm32f10x_it.o(i.DebugMon_Handler) for DebugMon_Handler
    startup_stm32f10x_cl.o(RESET) refers to stm32f10x_it.o(i.SysTick_Handler) for SysTick_Handler
    startup_stm32f10x_cl.o(RESET) refers to can1.o(i.CAN1_TX_IRQHandler) for CAN1_TX_IRQHandler
    startup_stm32f10x_cl.o(RESET) refers to can1.o(i.CAN1_RX0_IRQHandler) for CAN1_RX0_IRQHandler
    startup_stm32f10x_cl.o(RESET) refers to can1.o(i.CAN1_RX1_IRQHandler) for CAN1_RX1_IRQHandler
    startup_stm32f10x_cl.o(RESET) refers to tim.o(i.TIM4_IRQHandler) for TIM4_IRQHandler
    startup_stm32f10x_cl.o(RESET) refers to uart4.o(i.UART4_IRQHandler) for UART4_IRQHandler
    startup_stm32f10x_cl.o(RESET) refers to delay.o(i.TIM6_IRQHandler) for TIM6_IRQHandler
    startup_stm32f10x_cl.o(RESET) refers to delay.o(i.TIM7_IRQHandler) for TIM7_IRQHandler
    startup_stm32f10x_cl.o(RESET) refers to uart4.o(i.DMA2_Channel3_IRQHandler) for DMA2_Channel3_IRQHandler
    startup_stm32f10x_cl.o(RESET) refers to uart4.o(i.DMA2_Channel5_IRQHandler) for DMA2_Channel5_IRQHandler
    startup_stm32f10x_cl.o(RESET) refers to can2.o(i.CAN2_TX_IRQHandler) for CAN2_TX_IRQHandler
    startup_stm32f10x_cl.o(RESET) refers to can2.o(i.CAN2_RX0_IRQHandler) for CAN2_RX0_IRQHandler
    startup_stm32f10x_cl.o(RESET) refers to can2.o(i.CAN2_RX1_IRQHandler) for CAN2_RX1_IRQHandler
    startup_stm32f10x_cl.o(.text) refers (Special) to heapauxi.o(.text) for __use_two_region_memory
    startup_stm32f10x_cl.o(.text) refers to system_stm32f10x.o(i.SystemInit) for SystemInit
    startup_stm32f10x_cl.o(.text) refers to __main.o(!!!main) for __main
    startup_stm32f10x_cl.o(.text) refers to startup_stm32f10x_cl.o(HEAP) for Heap_Mem
    startup_stm32f10x_cl.o(.text) refers to startup_stm32f10x_cl.o(STACK) for Stack_Mem
    stm32f10x_adc.o(i.ADC_DeInit) refers to stm32f10x_rcc.o(i.RCC_APB2PeriphResetCmd) for RCC_APB2PeriphResetCmd
[...]
    i.autoexecTask                           0x08002f2c   Section        0  autoexectask.o(i.autoexecTask)
    i.can2Config                             0x08002f3c   Section        0  can2.o(i.can2Config)
    i.delay_ms                               0x080030a0   Section        0  delay.o(i.delay_ms)
    i.flagInit                               0x080030cc   Section        0  main.o(i.flagInit)
    i.flagModeSwitch                         0x08003104   Section        0  statetask.o(i.flagModeSwitch)
    i.gpioConfig                             0x08003228   Section        0  main.o(i.gpioConfig)
    i.laserRangingSend                       0x080032e4   Section        0  laserrangingtask.o(i.laserRangingSend)
    i.laserRangingSendTask                   0x0800330c   Section        0  laserrangingtask.o(i.laserRangingSendTask)
    i.main                                   0x0800334c   Section        0  main.o(i.main)
    i.modeInit                               0x08003370   Section        0  statetask.o(i.modeInit)
    i.modeSwitch                             0x08003380   Section        0  statetask.o(i.modeSwitch)
    i.modeSwitchTask                         0x08003458   Section        0  statetask.o(i.modeSwitchTask)
    i.motorCurrentSend                       0x0800347c   Section        0  can2.o(i.motorCurrentSend)
    i.motorCurrentSend2                      0x08003524   Section        0  can2.o(i.motorCurrentSend2)
    i.motorRotate                            0x080035e4   Section        0  rotatetask.o(i.motorRotate)
    i.motor_cal_task                         0x0800361c   Section        0  motortask.o(i.motor_cal_task)
    i.motor_lift_task                        0x0800387c   Section        0  lifttask.o(i.motor_lift_task)
    i.prvAddCurrentTaskToDelayedList         0x08003b20   Section        0  tasks.o(i.prvAddCurrentTaskToDelayedList)
    prvAddCurrentTaskToDelayedList           0x08003b21   Thumb Code   124  tasks.o(i.prvAddCurrentTaskToDelayedList)
    i.prvAddNewTaskToReadyList               0x08003bb8   Section        0  tasks.o(i.prvAddNewTaskToReadyList)
    prvAddNewTaskToReadyList                 0x08003bb9   Thumb Code   156  tasks.o(i.prvAddNewTaskToReadyList)
    i.prvCheckTasksWaitingTermination        0x08003c70   Section        0  tasks.o(i.prvCheckTasksWaitingTermination)
    prvCheckTasksWaitingTermination          0x08003c71   Thumb Code    86  tasks.o(i.prvCheckTasksWaitingTermination)
    i.prvDeleteTCB                           0x08003cd4   Section        0  tasks.o(i.prvDeleteTCB)
    prvDeleteTCB                             0x08003cd5   Thumb Code    18  tasks.o(i.prvDeleteTCB)
    i.prvHeapInit                            0x08003ce8   Section        0  heap_4.o(i.prvHeapInit)
    prvHeapInit                              0x08003ce9   Thumb Code    98  heap_4.o(i.prvHeapInit)
    i.prvIdleTask                            0x08003d64   Section        0  tasks.o(i.prvIdleTask)
    prvIdleTask                              0x08003d65   Thumb Code    32  tasks.o(i.prvIdleTask)
    i.prvInitialiseNewTask                   0x08003d8c   Section        0  tasks.o(i.prvInitialiseNewTask)
    prvInitialiseNewTask                     0x08003d8d   Thumb Code   144  tasks.o(i.prvInitialiseNewTask)
    i.prvInitialiseTaskLists                 0x08003e1c   Section        0  tasks.o(i.prvInitialiseTaskLists)
    prvInitialiseTaskLists                   0x08003e1d   Thumb Code    70  tasks.o(i.prvInitialiseTaskLists)
    i.prvInsertBlockIntoFreeList             0x08003e84   Section        0  heap_4.o(i.prvInsertBlockIntoFreeList)
    prvInsertBlockIntoFreeList               0x08003e85   Thumb Code    96  heap_4.o(i.prvInsertBlockIntoFreeList)
    i.prvResetNextTaskUnblockTime            0x08003eec   Section        0  tasks.o(i.prvResetNextTaskUnblockTime)
    prvResetNextTaskUnblockTime              0x08003eed   Thumb Code    42  tasks.o(i.prvResetNextTaskUnblockTime)
    i.prvTaskExitError                       0x08003f20   Section        0  port.o(i.prvTaskExitError)
    prvTaskExitError                         0x08003f21   Thumb Code    22  port.o(i.prvTaskExitError)
    i.pvPortMalloc                           0x08003f38   Section        0  heap_4.o(i.pvPortMalloc)
    i.pxPortInitialiseStack                  0x08004008   Section        0  port.o(i.pxPortInitialiseStack)
    i.rotate_Task                            0x0800402c   Section        0  rotatetask.o(i.rotate_Task)
    i.startTask                              0x0800403c   Section        0  starttask.o(i.startTask)
    i.start_task                             0x08004068   Section        0  starttask.o(i.start_task)
    i.uxListRemove                           0x080041b8   Section        0  list.o(i.uxListRemove)
    i.vListInitialise                        0x080041e0   Section        0  list.o(i.vListInitialise)
    i.vListInitialiseItem                    0x080041fa   Section        0  list.o(i.vListInitialiseItem)
    i.vListInsert                            0x08004200   Section        0  list.o(i.vListInsert)
    i.vListInsertEnd                         0x08004234   Section        0  list.o(i.vListInsertEnd)
    i.vPortEnterCritical                     0x0800424c   Section        0  port.o(i.vPortEnterCritical)
    i.vPortExitCritical                      0x08004270   Section        0  port.o(i.vPortExitCritical)
    i.vPortFree                              0x08004290   Section        0  heap_4.o(i.vPortFree)
    i.vPortSetupTimerInterrupt               0x080042d8   Section        0  port.o(i.vPortSetupTimerInterrupt)
    i.vTaskDelay                             0x080042f8   Section        0  tasks.o(i.vTaskDelay)
    i.vTaskDelayUntil                        0x0800432c   Section        0  tasks.o(i.vTaskDelayUntil)
    i.vTaskDelete                            0x080043a0   Section        0  tasks.o(i.vTaskDelete)
    i.vTaskStartScheduler                    0x0800446c   Section        0  tasks.o(i.vTaskStartScheduler)
    i.vTaskSuspendAll                        0x080044d8   Section        0  tasks.o(i.vTaskSuspendAll)
    i.vTaskSwitchContext                     0x080044e8   Section        0  tasks.o(i.vTaskSwitchContext)
    i.xPortStartScheduler                    0x08004588   Section        0  port.o(i.xPortStartScheduler)
    i.xPortSysTickHandler                    0x080045bc   Section        0  port.o(i.xPortSysTickHandler)
    i.xTaskCreate                            0x080045f0   Section        0  tasks.o(i.xTaskCreate)
    i.xTaskGetTickCount                      0x08004650   Section        0  tasks.o(i.xTaskGetTickCount)
    i.xTaskIncrementTick                     0x0800465c   Section        0  tasks.o(i.xTaskIncrementTick)
    i.xTaskResumeAll                         0x08004778   Section        0  tasks.o(i.xTaskResumeAll)
    x$fpl$d2f                                0x08004860   Section       98  d2f.o(x$fpl$d2f)
    x$fpl$dflt                               0x080048c2   Section       46  dflt_clz.o(x$fpl$dflt)
    x$fpl$dmul                               0x080048f0   Section      340  dmul.o(x$fpl$dmul)
    x$fpl$dnaninf                            0x08004a44   Section      156  dnaninf.o(x$fpl$dnaninf)
    x$fpl$dretinf                            0x08004ae0   Section       12  dretinf.o(x$fpl$dretinf)
    x$fpl$fadd                               0x08004aec   Section      196  faddsub_clz.o(x$fpl$fadd)
    _fadd1                                   0x08004afb   Thumb Code     0  faddsub_clz.o(x$fpl$fadd)
    x$fpl$fcmpinf                            0x08004bb0   Section       24  fcmpi.o(x$fpl$fcmpinf)
    x$fpl$ffix                               0x08004bc8   Section       54  ffix.o(x$fpl$ffix)
    x$fpl$fflt                               0x08004c00   Section       48  fflt_clz.o(x$fpl$fflt)
    x$fpl$fleqf                              0x08004c30   Section      104  fleqf.o(x$fpl$fleqf)
    x$fpl$fmul                               0x08004c98   Section      258  fmul.o(x$fpl$fmul)
    x$fpl$fnaninf                            0x08004d9a   Section      140  fnaninf.o(x$fpl$fnaninf)
    x$fpl$fretinf                            0x08004e26   Section       10  fretinf.o(x$fpl$fretinf)
    x$fpl$frleqf                             0x08004e30   Section       98  frleqf.o(x$fpl$frleqf)
    x$fpl$frsb                               0x08004e92   Section       20  faddsub_clz.o(x$fpl$frsb)
    x$fpl$fsub                               0x08004ea8   Section      234  faddsub_clz.o(x$fpl$fsub)
    _fsub1                                   0x08004eb7   Thumb Code     0  faddsub_clz.o(x$fpl$fsub)
    x$fpl$usenofp                            0x08004f92   Section        0  usenofp.o(x$fpl$usenofp)
    .constdata                               0x08004f94   Section       20  system_stm32f10x.o(.constdata)
    .data                                    0x20000000   Section       20  stm32f10x_rcc.o(.data)
    APBAHBPrescTable                         0x20000000   Data          16  stm32f10x_rcc.o(.data)
    ADCPrescTable                            0x20000010   Data           4  stm32f10x_rcc.o(.data)
    .data                                    0x20000014   Section       46  can1.o(.data)
    .data                                    0x20000044   Section        8  delay.o(.data)
    .data                                    0x2000004c   Section        4  tim.o(.data)
    .data                                    0x20000050   Section        4  tim2.o(.data)
    .data                                    0x20000054   Section       28  zerocheck.o(.data)
    .data                                    0x20000070   Section       12  uart4.o(.data)
    .data                                    0x2000007c   Section       32  autoexectask.o(.data)
    .data                                    0x2000009c   Section       28  lifttask.o(.data)
    .data                                    0x200000b8   Section       56  motortask.o(.data)
    .data                                    0x200000f0   Section        8  rotatetask.o(.data)
    .data                                    0x200000f8   Section       36  starttask.o(.data)
    StartTask_Handler                        0x200000fc   Data           4  starttask.o(.data)
    CPUTask_Handler                          0x20000100   Data           4  starttask.o(.data)
    modeSwitchTask_Handler                   0x20000104   Data           4  starttask.o(.data)
    autoexecTask_Handler                     0x20000108   Data           4  starttask.o(.data)
    LaserRangingTask_Handler                 0x2000010c   Data           4  starttask.o(.data)
    MOTOR_TASK_Handler                       0x20000110   Data           4  starttask.o(.data)
    LIFT_TASK_Handler                        0x20000114   Data           4  starttask.o(.data)
    ROTATE_TASK_Handler                      0x20000118   Data           4  starttask.o(.data)
    .data                                    0x2000011c   Section        8  laserrangingtask.o(.data)
    .data                                    0x20000124   Section       68  tasks.o(.data)
    pxDelayedTaskList                        0x20000128   Data           4  tasks.o(.data)
    pxOverflowDelayedTaskList                0x2000012c   Data           4  tasks.o(.data)
    uxDeletedTasksWaitingCleanUp             0x20000130   Data           4  tasks.o(.data)
    uxCurrentNumberOfTasks                   0x20000134   Data           4  tasks.o(.data)
    xTickCount                               0x20000138   Data           4  tasks.o(.data)
    uxTopReadyPriority                       0x2000013c   Data           4  tasks.o(.data)
    xSchedulerRunning                        0x20000140   Data           4  tasks.o(.data)
    uxPendedTicks                            0x20000144   Data           4  tasks.o(.data)
    xYieldPending                            0x20000148   Data           4  tasks.o(.data)
    xNumOfOverflows                          0x2000014c   Data           4  tasks.o(.data)
    uxTaskNumber                             0x20000150   Data           4  tasks.o(.data)
    xNextTaskUnblockTime                     0x20000154   Data           4  tasks.o(.data)
    xIdleTaskHandle                          0x20000158   Data           4  tasks.o(.data)
    uxSchedulerSuspended                     0x2000015c   Data           4  tasks.o(.data)
    ulTaskSwitchedInTime                     0x20000160   Data           4  tasks.o(.data)
    ulTotalRunTime                           0x20000164   Data           4  tasks.o(.data)
    .data                                    0x20000168   Section       24  heap_4.o(.data)
    xStart                                   0x20000168   Data           8  heap_4.o(.data)
    pxEnd                                    0x20000170   Data           4  heap_4.o(.data)
    xFreeBytesRemaining                      0x20000174   Data           4  heap_4.o(.data)
    xMinimumEverFreeBytesRemaining           0x20000178   Data           4  heap_4.o(.data)
    xBlockAllocatedBit                       0x2000017c   Data           4  heap_4.o(.data)
    .data                                    0x20000180   Section        4  port.o(.data)
    uxCriticalNesting                        0x20000180   Data           4  port.o(.data)
    .bss                                     0x20000184   Section       21  main.o(.bss)
    .bss                                     0x2000019c   Section       60  zerocheck.o(.bss)
    .bss                                     0x200001d8   Section       80  can2.o(.bss)
    .bss                                     0x20000228   Section       90  uart4.o(.bss)
    .bss                                     0x20000284   Section      288  motortask.o(.bss)
    .bss                                     0x200003a4   Section      740  tasks.o(.bss)
    pxReadyTasksLists                        0x200003a4   Data         640  tasks.o(.bss)
    xDelayedTaskList1                        0x20000624   Data          20  tasks.o(.bss)
    xDelayedTaskList2                        0x20000638   Data          20  tasks.o(.bss)
    xPendingReadyList                        0x2000064c   Data          20  tasks.o(.bss)
    xTasksWaitingTermination                 0x20000660   Data          20  tasks.o(.bss)
    xSuspendedTaskList                       0x20000674   Data          20  tasks.o(.bss)
    .bss                                     0x20000688   Section    17408  heap_4.o(.bss)
    ucHeap                                   0x20000688   Data       17408  heap_4.o(.bss)
    .bss                                     0x20004a88   Section       96  libspace.o(.bss)
    HEAP                                     0x20004ae8   Section      512  startup_stm32f10x_cl.o(HEAP)
    Heap_Mem                                 0x20004ae8   Data         512  startup_stm32f10x_cl.o(HEAP)
    STACK                                    0x20004ce8   Section     1024  startup_stm32f10x_cl.o(STACK)
    Stack_Mem                                0x20004ce8   Data        1024  startup_stm32f10x_cl.o(STACK)
    __initial_sp                             0x200050e8   Data           0  startup_stm32f10x_cl.o(STACK)

    Global Symbols

    Symbol Name                              Value     Ov Type        Size  Object(Section)

    BuildAttributes$$THM_ISAv4$P$D$K$B$S$PE$A:L22UL41UL21$X:L11$S22US41US21$IEEE1$IW$USESV6$~STKCKD$USESV7$~SHL$OSPACE$ROPI$EBA8$UX$STANDARDLIB$REQ8$PRES8$EABIv2 0x00000000   Number         0  anon$$obj.o ABSOLUTE
    __ARM_use_no_argv                        0x00000000   Number         0  main.o ABSOLUTE
    __ARM_exceptions_init                     - Undefined Weak Reference
    __alloca_initialize                       - Undefined Weak Reference
    __arm_preinit_                            - Undefined Weak Reference
    __cpp_initialize__aeabi_                  - Undefined Weak Reference
    __cxa_finalize                            - Undefined Weak Reference
    __rt_locale                               - Undefined Weak Reference
    __sigvec_lookup                           - Undefined Weak Reference
    _atexit_init                              - Undefined Weak Reference
    _call_atexit_fns                          - Undefined Weak Reference
    _clock_init                               - Undefined Weak Reference
    _fp_trap_init                             - Undefined Weak Reference
    _fp_trap_shutdown                         - Undefined Weak Reference
    _get_lc_collate                           - Undefined Weak Reference
    _get_lc_ctype                             - Undefined Weak Reference
    _get_lc_monetary                          - Undefined Weak Reference
    _get_lc_numeric                           - Undefined Weak Reference
    _get_lc_time                              - Undefined Weak Reference
    _getenv_init                              - Undefined Weak Reference
    _handle_redirection                       - Undefined Weak Reference
    _init_alloc                               - Undefined Weak Reference
    _init_user_alloc                          - Undefined Weak Reference
    _initio                                   - Undefined Weak Reference
    _printf_mbtowc                            - Undefined Weak Reference
    _printf_post_padding                      - Undefined Weak Reference
    _printf_pre_padding                       - Undefined Weak Reference
    _printf_truncate_signed                   - Undefined Weak Reference
    _printf_truncate_unsigned                 - Undefined Weak Reference
    _rand_init                                - Undefined Weak Reference
    _signal_finish                            - Undefined Weak Reference
    _signal_init                              - Undefined Weak Reference
    _terminate_alloc                          - Undefined Weak Reference
    _terminate_user_alloc                     - Undefined Weak Reference
    _terminateio                              - Undefined Weak Reference
    __Vectors_Size                           0x00000150   Number         0  startup_stm32f10x_cl.o ABSOLUTE
    __Vectors                                0x08000000   Data           4  startup_stm32f10x_cl.o(RESET)
    __Vectors_End                            0x08000150   Data           0  startup_stm32f10x_cl.o(RESET)
    __main                                   0x08000151   Thumb Code     8  __main.o(!!!main)
    __scatterload                            0x08000159   Thumb Code     0  __scatter.o(!!!scatter)
    __scatterload_rt2                        0x08000159   Thumb Code    44  __scatter.o(!!!scatter)
    __scatterload_rt2_thumb_only             0x08000159   Thumb Code     0  __scatter.o(!!!scatter)
    __scatterload_null                       0x08000167   Thumb Code     0  __scatter.o(!!!scatter)
    __decompress                             0x0800018d   Thumb Code    90  __dczerorl2.o(!!dczerorl2)
    __decompress1                            0x0800018d   Thumb Code     0  __dczerorl2.o(!!dczerorl2)
    __scatterload_zeroinit                   0x080001e9   Thumb Code    28  __scatter_zi.o(!!handler_zi)
    __rt_lib_init                            0x08000205   Thumb Code     0  libinit.o(.ARM.Collect$$libinit$$00000000)
    __rt_lib_init_alloca_1                   0x08000207   Thumb Code     0  libinit2.o(.ARM.Collect$$libinit$$0000002E)
    __rt_lib_init_argv_1                     0x08000207   Thumb Code     0  libinit2.o(.ARM.Collect$$libinit$$0000002C)
    __rt_lib_init_atexit_1                   0x08000207   Thumb Code     0  libinit2.o(.ARM.Collect$$libinit$$0000001B)
    __rt_lib_init_clock_1                    0x08000207   Thumb Code     0  libinit2.o(.ARM.Collect$$libinit$$00000021)
    __rt_lib_init_cpp_1                      0x08000207   Thumb Code     0  libinit2.o(.ARM.Collect$$libinit$$00000032)
    __rt_lib_init_exceptions_1               0x08000207   Thumb Code     0  libinit2.o(.ARM.Collect$$libinit$$00000030)
    __rt_lib_init_fp_1                       0x08000207   Thumb Code     0  libinit2.o(.ARM.Collect$$libinit$$00000002)
    __rt_lib_init_fp_trap_1                  0x08000207   Thumb Code     0  libinit2.o(.ARM.Collect$$libinit$$0000001F)
    __rt_lib_init_getenv_1                   0x08000207   Thumb Code     0  libinit2.o(.ARM.Collect$$libinit$$00000023)
    __rt_lib_init_heap_1                     0x08000207   Thumb Code     0  libinit2.o(.ARM.Collect$$libinit$$0000000A)
    __rt_lib_init_lc_collate_1               0x08000207   Thumb Code     0  libinit2.o(.ARM.Collect$$libinit$$00000011)
    __rt_lib_init_lc_ctype_1                 0x08000207   Thumb Code     0  libinit2.o(.ARM.Collect$$libinit$$00000013)
    __rt_lib_init_lc_monetary_1              0x08000207   Thumb Code     0  libinit2.o(.ARM.Collect$$libinit$$00000015)
    __rt_lib_init_lc_numeric_1               0x08000207   Thumb Code     0  libinit2.o(.ARM.Collect$$libinit$$00000017)
    __rt_lib_init_lc_time_1                  0x08000207   Thumb Code     0  libinit2.o(.ARM.Collect$$libinit$$00000019)
    __rt_lib_init_preinit_1                  0x08000207   Thumb Code     0  libinit2.o(.ARM.Collect$$libinit$$00000004)
    __rt_lib_init_rand_1                     0x08000207   Thumb Code     0  libinit2.o(.ARM.Collect$$libinit$$0000000E)
    __rt_lib_init_return                     0x08000207   Thumb Code     0  libinit2.o(.ARM.Collect$$libinit$$00000033)
    __rt_lib_init_signal_1                   0x08000207   Thumb Code     0  libinit2.o(.ARM.Collect$$libinit$$0000001D)
    __rt_lib_init_stdio_1                    0x08000207   Thumb Code     0  libinit2.o(.ARM.Collect$$libinit$$00000025)
    __rt_lib_init_user_alloc_1               0x08000207   Thumb Code     0  libinit2.o(.ARM.Collect$$libinit$$0000000C)
    __rt_lib_shutdown                        0x08000209   Thumb Code     0  libshutdown.o(.ARM.Collect$$libshutdown$$00000000)
    __rt_lib_shutdown_cpp_1                  0x0800020b   Thumb Code     0  libshutdown2.o(.ARM.Collect$$libshutdown$$00000002)
    __rt_lib_shutdown_fp_trap_1              0x0800020b   Thumb Code     0  libshutdown2.o(.ARM.Collect$$libshutdown$$00000007)
    __rt_lib_shutdown_heap_1                 0x0800020b   Thumb Code     0  libshutdown2.o(.ARM.Collect$$libshutdown$$0000000F)
    __rt_lib_shutdown_return                 0x0800020b   Thumb Code     0  libshutdown2.o(.ARM.Collect$$libshutdown$$00000010)
    __rt_lib_shutdown_signal_1               0x0800020b   Thumb Code     0  libshutdown2.o(.ARM.Collect$$libshutdown$$0000000A)
    __rt_lib_shutdown_stdio_1                0x0800020b   Thumb Code     0  libshutdown2.o(.ARM.Collect$$libshutdown$$00000004)
    __rt_lib_shutdown_user_alloc_1           0x0800020b   Thumb Code     0  libshutdown2.o(.ARM.Collect$$libshutdown$$0000000C)
    __rt_entry                               0x0800020d   Thumb Code     0  __rtentry.o(.ARM.Collect$$rtentry$$00000000)
    __rt_entry_presh_1                       0x0800020d   Thumb Code     0  __rtentry2.o(.ARM.Collect$$rtentry$$00000002)
    __rt_entry_sh                            0x0800020d   Thumb Code     0  __rtentry4.o(.ARM.Collect$$rtentry$$00000004)
    __rt_entry_li                            0x08000213   Thumb Code     0  __rtentry2.o(.ARM.Collect$$rtentry$$0000000A)
    __rt_entry_postsh_1                      0x08000213   Thumb Code     0  __rtentry2.o(.ARM.Collect$$rtentry$$00000009)
    __rt_entry_main                          0x08000217   Thumb Code     0  __rtentry2.o(.ARM.Collect$$rtentry$$0000000D)
    __rt_entry_postli_1                      0x08000217   Thumb Code     0  __rtentry2.o(.ARM.Collect$$rtentry$$0000000C)
    __rt_exit                                0x0800021f   Thumb Code     0  rtexit.o(.ARM.Collect$$rtexit$$00000000)
    __rt_exit_ls                             0x08000221   Thumb Code     0  rtexit2.o(.ARM.Collect$$rtexit$$00000003)
    __rt_exit_prels_1                        0x08000221   Thumb Code     0  rtexit2.o(.ARM.Collect$$rtexit$$00000002)
    __rt_exit_exit                           0x08000225   Thumb Code     0  rtexit2.o(.ARM.Collect$$rtexit$$00000004)
    SVC_Handler                              0x0800022d   Thumb Code    32  port.o(.emb_text)
    __asm___6_port_c_39a90d8d__prvStartFirstTask 0x08000251   Thumb Code    28  port.o(.emb_text)
    PendSV_Handler                           0x08000271   Thumb Code    72  port.o(.emb_text)
    vPortGetIPSR                             0x080002bd   Thumb Code     6  port.o(.emb_text)
    Reset_Handler                            0x080002c5   Thumb Code     8  startup_stm32f10x_cl.o(.text)
    ADC1_2_IRQHandler                        0x080002df   Thumb Code     0  startup_stm32f10x_cl.o(.text)
    CAN1_SCE_IRQHandler                      0x080002df   Thumb Code     0  startup_stm32f10x_cl.o(.text)
    CAN2_SCE_IRQHandler                      0x080002df   Thumb Code     0  startup_stm32f10x_cl.o(.text)
    DMA1_Channel1_IRQHandler                 0x080002df   Thumb Code     0  startup_stm32f10x_cl.o(.text)
    DMA1_Channel2_IRQHandler                 0x080002df   Thumb Code     0  startup_stm32f10x_cl.o(.text)
    DMA1_Channel3_IRQHandler                 0x080002df   Thumb Code     0  startup_stm32f10x_cl.o(.text)
    DMA1_Channel4_IRQHandler                 0x080002df   Thumb Code     0  startup_stm32f10x_cl.o(.text)
    DMA1_Channel5_IRQHandler                 0x080002df   Thumb Code     0  startup_stm32f10x_cl.o(.text)
    DMA1_Channel6_IRQHandler                 0x080002df   Thumb Code     0  startup_stm32f10x_cl.o(.text)
    DMA1_Channel7_IRQHandler                 0x080002df   Thumb Code     0  startup_stm32f10x_cl.o(.text)
    DMA2_Channel1_IRQHandler                 0x080002df   Thumb Code     0  startup_stm32f10x_cl.o(.text)
    DMA2_Channel2_IRQHandler                 0x080002df   Thumb Code     0  startup_stm32f10x_cl.o(.text)
    DMA2_Channel4_IRQHandler                 0x080002df   Thumb Code     0  startup_stm32f10x_cl.o(.text)
    ETH_IRQHandler                           0x080002df   Thumb Code     0  startup_stm32f10x_cl.o(.text)
    ETH_WKUP_IRQHandler                      0x080002df   Thumb Code     0  startup_stm32f10x_cl.o(.text)
    EXTI0_IRQHandler                         0x080002df   Thumb Code     0  startup_stm32f10x_cl.o(.text)
    EXTI15_10_IRQHandler                     0x080002df   Thumb Code     0  startup_stm32f10x_cl.o(.text)
    EXTI1_IRQHandler                         0x080002df   Thumb Code     0  startup_stm32f10x_cl.o(.text)
    EXTI2_IRQHandler                         0x080002df   Thumb Code     0  startup_stm32f10x_cl.o(.text)
    EXTI3_IRQHandler                         0x080002df   Thumb Code     0  startup_stm32f10x_cl.o(.text)
    EXTI4_IRQHandler                         0x080002df   Thumb Code     0  startup_stm32f10x_cl.o(.text)
    EXTI9_5_IRQHandler                       0x080002df   Thumb Code     0  startup_stm32f10x_cl.o(.text)
    FLASH_IRQHandler                         0x080002df   Thumb Code     0  startup_stm32f10x_cl.o(.text)
    I2C1_ER_IRQHandler                       0x080002df   Thumb Code     0  startup_stm32f10x_cl.o(.text)
    I2C1_EV_IRQHandler                       0x080002df   Thumb Code     0  startup_stm32f10x_cl.o(.text)
    I2C2_ER_IRQHandler                       0x080002df   Thumb Code     0  startup_stm32f10x_cl.o(.text)
    I2C2_EV_IRQHandler                       0x080002df   Thumb Code     0  startup_stm32f10x_cl.o(.text)
    OTG_FS_IRQHandler                        0x080002df   Thumb Code     0  startup_stm32f10x_cl.o(.text)
    OTG_FS_WKUP_IRQHandler                   0x080002df   Thumb Code     0  startup_stm32f10x_cl.o(.text)
    PVD_IRQHandler                           0x080002df   Thumb Code     0  startup_stm32f10x_cl.o(.text)
    RCC_IRQHandler                           0x080002df   Thumb Code     0  startup_stm32f10x_cl.o(.text)
    RTCAlarm_IRQHandler                      0x080002df   Thumb Code     0  startup_stm32f10x_cl.o(.text)
    RTC_IRQHandler                           0x080002df   Thumb Code     0  startup_stm32f10x_cl.o(.text)
    SPI1_IRQHandler                          0x080002df   Thumb Code     0  startup_stm32f10x_cl.o(.text)
    SPI2_IRQHandler                          0x080002df   Thumb Code     0  startup_stm32f10x_cl.o(.text)
    SPI3_IRQHandler                          0x080002df   Thumb Code     0  startup_stm32f10x_cl.o(.text)
    TAMPER_IRQHandler                        0x080002df   Thumb Code     0  startup_stm32f10x_cl.o(.text)
    TIM1_BRK_IRQHandler                      0x080002df   Thumb Code     0  startup_stm32f10x_cl.o(.text)
    TIM1_CC_IRQHandler                       0x080002df   Thumb Code     0  startup_stm32f10x_cl.o(.text)
    TIM1_TRG_COM_IRQHandler                  0x080002df   Thumb Code     0  startup_stm32f10x_cl.o(.text)
    TIM1_UP_IRQHandler                       0x080002df   Thumb Code     0  startup_stm32f10x_cl.o(.text)
    TIM2_IRQHandler                          0x080002df   Thumb Code     0  startup_stm32f10x_cl.o(.text)
    TIM3_IRQHandler                          0x080002df   Thumb Code     0  startup_stm32f10x_cl.o(.text)
    TIM5_IRQHandler                          0x080002df   Thumb Code     0  startup_stm32f10x_cl.o(.text)
    UART5_IRQHandler                         0x080002df   Thumb Code     0  startup_stm32f10x_cl.o(.text)
    USART1_IRQHandler                        0x080002df   Thumb Code     0  startup_stm32f10x_cl.o(.text)
    USART2_IRQHandler                        0x080002df   Thumb Code     0  startup_stm32f10x_cl.o(.text)
    USART3_IRQHandler                        0x080002df   Thumb Code     0  startup_stm32f10x_cl.o(.text)
    WWDG_IRQHandler                          0x080002df   Thumb Code     0  startup_stm32f10x_cl.o(.text)
    __user_initial_stackheap                 0x080002e1   Thumb Code     0  startup_stm32f10x_cl.o(.text)
    __aeabi_memset                           0x08000305   Thumb Code    16  aeabi_memset.o(.text)
    __use_two_region_memory                  0x08000315   Thumb Code     2  heapauxi.o(.text)
    __rt_heap_escrow$2region                 0x08000317   Thumb Code     2  heapauxi.o(.text)
    __rt_heap_expand$2region                 0x08000319   Thumb Code     2  heapauxi.o(.text)
    __aeabi_memclr                           0x0800031b   Thumb Code     0  rt_memclr.o(.text)
    __rt_memclr                              0x0800031b   Thumb Code    68  rt_memclr.o(.text)
    _memset                                  0x0800031f   Thumb Code     0  rt_memclr.o(.text)
    __aeabi_memclr4                          0x0800035f   Thumb Code     0  rt_memclr_w.o(.text)
    __aeabi_memclr8                          0x0800035f   Thumb Code     0  rt_memclr_w.o(.text)
    __rt_memclr_w                            0x0800035f   Thumb Code    78  rt_memclr_w.o(.text)
    _memset_w                                0x08000363   Thumb Code     0  rt_memclr_w.o(.text)
    __user_setup_stackheap                   0x080003ad   Thumb Code    74  sys_stackheap_outer.o(.text)
    exit                                     0x080003f7   Thumb Code    18  exit.o(.text)
    __user_libspace                          0x08000409   Thumb Code     8  libspace.o(.text)
    __user_perproc_libspace                  0x08000409   Thumb Code     0  libspace.o(.text)
    __user_perthread_libspace                0x08000409   Thumb Code     0  libspace.o(.text)
    _sys_exit                                0x08000411   Thumb Code     8  sys_exit.o(.text)
    __I$use$semihosting                      0x0800041d   Thumb Code     0  use_no_semi.o(.text)
    __use_no_semihosting_swi                 0x0800041d   Thumb Code     2  use_no_semi.o(.text)
    BSP_init                                 0x0800041f   Thumb Code    44  main.o(i.BSP_init)
    __semihosting_library_function           0x0800041f   Thumb Code     0  indicate_semi.o(.text)
    BusFault_Handler                         0x0800044b   Thumb Code     4  stm32f10x_it.o(i.BusFault_Handler)
    CAN1_Config                              0x08000451   Thumb Code   344  can1.o(i.CAN1_Config)
    CAN1_RX0_IRQHandler                      0x080005b1   Thumb Code   108  can1.o(i.CAN1_RX0_IRQHandler)
    CAN1_RX1_IRQHandler                      0x08000629   Thumb Code    92  can1.o(i.CAN1_RX1_IRQHandler)
    CAN1_TX_IRQHandler                       0x08000699   Thumb Code    22  can1.o(i.CAN1_TX_IRQHandler)
    CAN2_RX0_IRQHandler                      0x080006b5   Thumb Code   210  can2.o(i.CAN2_RX0_IRQHandler)
    CAN2_RX1_IRQHandler                      0x08000795   Thumb Code    42  can2.o(i.CAN2_RX1_IRQHandler)
    CAN2_TX_IRQHandler                       0x080007c5   Thumb Code    22  can2.o(i.CAN2_TX_IRQHandler)
    CAN_ClearITPendingBit                    0x080007e1   Thumb Code   162  stm32f10x_can.o(i.CAN_ClearITPendingBit)
    CAN_DeInit                               0x08000889   Thumb Code    50  stm32f10x_can.o(i.CAN_DeInit)
    CAN_FilterInit                           0x080008c1   Thumb Code   258  stm32f10x_can.o(i.CAN_FilterInit)
    CAN_GetITStatus                          0x080009c9   Thumb Code   284  stm32f10x_can.o(i.CAN_GetITStatus)
    CAN_ITConfig                             0x08000ae9   Thumb Code    18  stm32f10x_can.o(i.CAN_ITConfig)
    CAN_Init                                 0x08000afb   Thumb Code   276  stm32f10x_can.o(i.CAN_Init)
    CAN_Receive                              0x08000c0f   Thumb Code   240  stm32f10x_can.o(i.CAN_Receive)
    CAN_StructInit                           0x08000cff   Thumb Code    32  stm32f10x_can.o(i.CAN_StructInit)
    CAN_Transmit                             0x08000d1f   Thumb Code   294  stm32f10x_can.o(i.CAN_Transmit)
    CPU_task                                 0x08000e45   Thumb Code    12  starttask.o(i.CPU_task)
    CameraSteeringEngine_Set                 0x08000e51   Thumb Code   118  tim2.o(i.CameraSteeringEngine_Set)
    DMA2_Channel3_IRQHandler                 0x08000eed   Thumb Code    30  uart4.o(i.DMA2_Channel3_IRQHandler)
    DMA2_Channel5_IRQHandler                 0x08000f15   Thumb Code    32  uart4.o(i.DMA2_Channel5_IRQHandler)
    DMA_ClearFlag                            0x08000f3d   Thumb Code    18  stm32f10x_dma.o(i.DMA_ClearFlag)
    DMA_ClearITPendingBit                    0x08000f59   Thumb Code    18  stm32f10x_dma.o(i.DMA_ClearITPendingBit)
    DMA_Cmd                                  0x08000f75   Thumb Code    24  stm32f10x_dma.o(i.DMA_Cmd)
    DMA_DeInit                               0x08000f8d   Thumb Code   324  stm32f10x_dma.o(i.DMA_DeInit)
    DMA_GetCurrDataCounter                   0x080010d9   Thumb Code     8  stm32f10x_dma.o(i.DMA_GetCurrDataCounter)
    DMA_GetFlagStatus                        0x080010e1   Thumb Code    36  stm32f10x_dma.o(i.DMA_GetFlagStatus)
    DMA_GetITStatus                          0x0800110d   Thumb Code    36  stm32f10x_dma.o(i.DMA_GetITStatus)
    DMA_ITConfig                             0x08001139   Thumb Code    18  stm32f10x_dma.o(i.DMA_ITConfig)
    DMA_Init                                 0x0800114b   Thumb Code    60  stm32f10x_dma.o(i.DMA_Init)
    DMA_SetCurrDataCounter                   0x08001187   Thumb Code     4  stm32f10x_dma.o(i.DMA_SetCurrDataCounter)
    Data_Send_to_Master_Init                 0x0800118d   Thumb Code    24  can1.o(i.Data_Send_to_Master_Init)
    DebugMon_Handler                         0x080011a9   Thumb Code     2  stm32f10x_it.o(i.DebugMon_Handler)
    GPIO_Init                                0x080011ab   Thumb Code   278  stm32f10x_gpio.o(i.GPIO_Init)
    GPIO_PinRemapConfig                      0x080012c1   Thumb Code   138  stm32f10x_gpio.o(i.GPIO_PinRemapConfig)
    HardFault_Handler                        0x08001351   Thumb Code     4  stm32f10x_it.o(i.HardFault_Handler)
    IWDG_Feed                                0x08001355   Thumb Code     8  iwdg.o(i.IWDG_Feed)
    IWDG_ReloadCounter                       0x0800135d   Thumb Code    10  stm32f10x_iwdg.o(i.IWDG_ReloadCounter)
    Lift_task                                0x0800136d   Thumb Code    14  lifttask.o(i.Lift_task)
    MemManage_Handler                        0x0800137b   Thumb Code     4  stm32f10x_it.o(i.MemManage_Handler)
    Motor_task                               0x0800137f   Thumb Code    18  motortask.o(i.Motor_task)
    NMI_Handler                              0x08001391   Thumb Code     2  stm32f10x_it.o(i.NMI_Handler)
    NVIC_Config                              0x08001393   Thumb Code    34  nvic.o(i.NVIC_Config)
    NVIC_Init                                0x080013b5   Thumb Code   100  misc.o(i.NVIC_Init)
    NVIC_PriorityGroupConfig                 0x08001425   Thumb Code    10  misc.o(i.NVIC_PriorityGroupConfig)
    PID_Calc                                 0x08001439   Thumb Code   128  pid.o(i.PID_Calc)
    Pid_Motor_Init                           0x080014b9   Thumb Code   224  motortask.o(i.Pid_Motor_Init)
    RCC_AHBPeriphClockCmd                    0x080015e9   Thumb Code    26  stm32f10x_rcc.o(i.RCC_AHBPeriphClockCmd)
    RCC_APB1PeriphClockCmd                   0x08001609   Thumb Code    26  stm32f10x_rcc.o(i.RCC_APB1PeriphClockCmd)
    RCC_APB1PeriphResetCmd                   0x08001629   Thumb Code    26  stm32f10x_rcc.o(i.RCC_APB1PeriphResetCmd)
    RCC_APB2PeriphClockCmd                   0x08001649   Thumb Code    26  stm32f10x_rcc.o(i.RCC_APB2PeriphClockCmd)
    RCC_APB2PeriphResetCmd                   0x08001669   Thumb Code    26  stm32f10x_rcc.o(i.RCC_APB2PeriphResetCmd)
    RCC_GetClocksFreq                        0x08001689   Thumb Code   374  stm32f10x_rcc.o(i.RCC_GetClocksFreq)
    Slave2Master                             0x08001901   Thumb Code   218  can1.o(i.Slave2Master)
    SysTick_Handler                          0x080019ed   Thumb Code     8  stm32f10x_it.o(i.SysTick_Handler)
    SystemInit                               0x080019f5   Thumb Code    68  system_stm32f10x.o(i.SystemInit)
    TIM3_PWM_Init                            0x08001a45   Thumb Code   148  tim2.o(i.TIM3_PWM_Init)
    TIM4_IRQHandler                          0x08001ae5   Thumb Code    32  tim.o(i.TIM4_IRQHandler)
    TIM4_Init                                0x08001b0d   Thumb Code    92  tim.o(i.TIM4_Init)
    TIM6_Configration                        0x08001b6d   Thumb Code    90  delay.o(i.TIM6_Configration)
    TIM6_IRQHandler                          0x08001bcd   Thumb Code    34  delay.o(i.TIM6_IRQHandler)
    TIM7_Configration                        0x08001bf9   Thumb Code    88  delay.o(i.TIM7_Configration)
    TIM7_IRQHandler                          0x08001c55   Thumb Code    34  delay.o(i.TIM7_IRQHandler)
    TIM_ClearITPendingBit                    0x08001c81   Thumb Code     6  stm32f10x_tim.o(i.TIM_ClearITPendingBit)
    TIM_Cmd                                  0x08001c87   Thumb Code    24  stm32f10x_tim.o(i.TIM_Cmd)
    TIM_GetITStatus                          0x08001c9f   Thumb Code    34  stm32f10x_tim.o(i.TIM_GetITStatus)
    TIM_ITConfig                             0x08001cc1   Thumb Code    18  stm32f10x_tim.o(i.TIM_ITConfig)
    TIM_OC1Init                              0x08001cd5   Thumb Code   132  stm32f10x_tim.o(i.TIM_OC1Init)
    TIM_OC1PreloadConfig                     0x08001d6d   Thumb Code    18  stm32f10x_tim.o(i.TIM_OC1PreloadConfig)
    TIM_OC2Init                              0x08001d81   Thumb Code   154  stm32f10x_tim.o(i.TIM_OC2Init)
    TIM_OC2PreloadConfig                     0x08001e25   Thumb Code    26  stm32f10x_tim.o(i.TIM_OC2PreloadConfig)
    TIM_SetCompare1                          0x08001e3f   Thumb Code     4  stm32f10x_tim.o(i.TIM_SetCompare1)
    TIM_SetCompare2                          0x08001e43   Thumb Code     4  stm32f10x_tim.o(i.TIM_SetCompare2)
    TIM_TimeBaseInit                         0x08001e49   Thumb Code   122  stm32f10x_tim.o(i.TIM_TimeBaseInit)
    UART4_Configuration                      0x08001eed   Thumb Code   434  uart4.o(i.UART4_Configuration)
    UART4_IRQHandler                         0x080020b5   Thumb Code   128  uart4.o(i.UART4_IRQHandler)
    USART_Cmd                                0x0800214d   Thumb Code    24  stm32f10x_usart.o(i.USART_Cmd)
    USART_DMACmd                             0x08002165   Thumb Code    18  stm32f10x_usart.o(i.USART_DMACmd)
    USART_DeInit                             0x08002179   Thumb Code   134  stm32f10x_usart.o(i.USART_DeInit)
    USART_GetITStatus                        0x08002215   Thumb Code    84  stm32f10x_usart.o(i.USART_GetITStatus)
    USART_ITConfig                           0x08002269   Thumb Code    74  stm32f10x_usart.o(i.USART_ITConfig)
    USART_Init                               0x080022b5   Thumb Code   210  stm32f10x_usart.o(i.USART_Init)
    UsageFault_Handler                       0x0800238d   Thumb Code     4  stm32f10x_it.o(i.UsageFault_Handler)
    ZeroCheck                                0x08002391   Thumb Code   142  zerocheck.o(i.ZeroCheck)
    ZeroCheck_Init                           0x08002429   Thumb Code    82  zerocheck.o(i.ZeroCheck_Init)
    ZeroCheck_cal                            0x08002489   Thumb Code   102  zerocheck.o(i.ZeroCheck_cal)
    autoExchange                             0x08002509   Thumb Code   238  autoexectask.o(i.autoExchange)
    autoExchangeTwice                        0x08002609   Thumb Code   278  autoexectask.o(i.autoExchangeTwice)
    autoGetMineMidair                        0x08002731   Thumb Code   258  autoexectask.o(i.autoGetMineMidair)
    autoLargeIslandMine                      0x08002841   Thumb Code   346  autoexectask.o(i.autoLargeIslandMine)
    autoMineMidair                           0x080029a9   Thumb Code   276  autoexectask.o(i.autoMineMidair)
    autoModeDelay_ms                         0x08002acd   Thumb Code    36  autoexectask.o(i.autoModeDelay_ms)
    autoResetSoftware                        0x08002b01   Thumb Code   230  autoexectask.o(i.autoResetSoftware)
    autoSmallIslandMine                      0x08002bf5   Thumb Code   440  autoexectask.o(i.autoSmallIslandMine)
    autoexec                                 0x08002dbd   Thumb Code   288  autoexectask.o(i.autoexec)
    autoexecTask                             0x08002f2d   Thumb Code    14  autoexectask.o(i.autoexecTask)
    can2Config                               0x08002f3d   Thumb Code   348  can2.o(i.can2Config)
    delay_ms                                 0x080030a1   Thumb Code    36  delay.o(i.delay_ms)
    flagInit                                 0x080030cd   Thumb Code    52  main.o(i.flagInit)
    flagModeSwitch                           0x08003105   Thumb Code   276  statetask.o(i.flagModeSwitch)
    gpioConfig                               0x08003229   Thumb Code   176  main.o(i.gpioConfig)
    laserRangingSend                         0x080032e5   Thumb Code    30  laserrangingtask.o(i.laserRangingSend)
    laserRangingSendTask                     0x0800330d   Thumb Code    54  laserrangingtask.o(i.laserRangingSendTask)
    main                                     0x0800334d   Thumb Code    34  main.o(i.main)
    modeInit                                 0x08003371   Thumb Code    10  statetask.o(i.modeInit)
    modeSwitch                               0x08003381   Thumb Code   190  statetask.o(i.modeSwitch)
    modeSwitchTask                           0x08003459   Thumb Code    34  statetask.o(i.modeSwitchTask)
    motorCurrentSend                         0x0800347d   Thumb Code   156  can2.o(i.motorCurrentSend)
    motorCurrentSend2                        0x08003525   Thumb Code   182  can2.o(i.motorCurrentSend2)
    motorRotate                              0x080035e5   Thumb Code    42  rotatetask.o(i.motorRotate)
    motor_cal_task                           0x0800361d   Thumb Code   540  motortask.o(i.motor_cal_task)
    motor_lift_task                          0x0800387d   Thumb Code   600  lifttask.o(i.motor_lift_task)
    pvPortMalloc                             0x08003f39   Thumb Code   188  heap_4.o(i.pvPortMalloc)
    pxPortInitialiseStack                    0x08004009   Thumb Code    30  port.o(i.pxPortInitialiseStack)
    rotate_Task                              0x0800402d   Thumb Code    14  rotatetask.o(i.rotate_Task)
    startTask                                0x0800403d   Thumb Code    24  starttask.o(i.startTask)
    start_task                               0x08004069   Thumb Code   172  starttask.o(i.start_task)
    uxListRemove                             0x080041b9   Thumb Code    40  list.o(i.uxListRemove)
    vListInitialise                          0x080041e1   Thumb Code    26  list.o(i.vListInitialise)
    vListInitialiseItem                      0x080041fb   Thumb Code     6  list.o(i.vListInitialiseItem)
    vListInsert                              0x08004201   Thumb Code    52  list.o(i.vListInsert)
    vListInsertEnd                           0x08004235   Thumb Code    24  list.o(i.vListInsertEnd)
    vPortEnterCritical                       0x0800424d   Thumb Code    30  port.o(i.vPortEnterCritical)
    vPortExitCritical                        0x08004271   Thumb Code    28  port.o(i.vPortExitCritical)
    vPortFree                                0x08004291   Thumb Code    64  heap_4.o(i.vPortFree)
    vPortSetupTimerInterrupt                 0x080042d9   Thumb Code    26  port.o(i.vPortSetupTimerInterrupt)
    vTaskDelay                               0x080042f9   Thumb Code    46  tasks.o(i.vTaskDelay)
    vTaskDelayUntil                          0x0800432d   Thumb Code   106  tasks.o(i.vTaskDelayUntil)
    vTaskDelete                              0x080043a1   Thumb Code   166  tasks.o(i.vTaskDelete)
    vTaskStartScheduler                      0x0800446d   Thumb Code    76  tasks.o(i.vTaskStartScheduler)
    vTaskSuspendAll                          0x080044d9   Thumb Code    12  tasks.o(i.vTaskSuspendAll)
    vTaskSwitchContext                       0x080044e9   Thumb Code   128  tasks.o(i.vTaskSwitchContext)
    xPortStartScheduler                      0x08004589   Thumb Code    42  port.o(i.xPortStartScheduler)
    xPortSysTickHandler                      0x080045bd   Thumb Code    46  port.o(i.xPortSysTickHandler)
    xTaskCreate                              0x080045f1   Thumb Code    96  tasks.o(i.xTaskCreate)
    xTaskGetTickCount                        0x08004651   Thumb Code     6  tasks.o(i.xTaskGetTickCount)
    xTaskIncrementTick                       0x0800465d   Thumb Code   238  tasks.o(i.xTaskIncrementTick)
    xTaskResumeAll                           0x08004779   Thumb Code   196  tasks.o(i.xTaskResumeAll)
    __aeabi_d2f                              0x08004861   Thumb Code     0  d2f.o(x$fpl$d2f)
    _d2f                                     0x08004861   Thumb Code    98  d2f.o(x$fpl$d2f)
    __aeabi_i2d                              0x080048c3   Thumb Code     0  dflt_clz.o(x$fpl$dflt)
    _dflt                                    0x080048c3   Thumb Code    46  dflt_clz.o(x$fpl$dflt)
    __aeabi_dmul                             0x080048f1   Thumb Code     0  dmul.o(x$fpl$dmul)
    _dmul                                    0x080048f1   Thumb Code   332  dmul.o(x$fpl$dmul)
    __fpl_dnaninf                            0x08004a45   Thumb Code   156  dnaninf.o(x$fpl$dnaninf)
    __fpl_dretinf                            0x08004ae1   Thumb Code    12  dretinf.o(x$fpl$dretinf)
    __aeabi_fadd                             0x08004aed   Thumb Code     0  faddsub_clz.o(x$fpl$fadd)
    _fadd                                    0x08004aed   Thumb Code   196  faddsub_clz.o(x$fpl$fadd)
    __fpl_fcmp_Inf                           0x08004bb1   Thumb Code    24  fcmpi.o(x$fpl$fcmpinf)
    __aeabi_f2iz                             0x08004bc9   Thumb Code     0  ffix.o(x$fpl$ffix)
    _ffix                                    0x08004bc9   Thumb Code    54  ffix.o(x$fpl$ffix)
    __aeabi_i2f                              0x08004c01   Thumb Code     0  fflt_clz.o(x$fpl$fflt)
    _fflt                                    0x08004c01   Thumb Code    48  fflt_clz.o(x$fpl$fflt)
    __aeabi_cfcmple                          0x08004c31   Thumb Code     0  fleqf.o(x$fpl$fleqf)
    _fcmple                                  0x08004c31   Thumb Code   104  fleqf.o(x$fpl$fleqf)
    __fpl_fcmple_InfNaN                      0x08004c83   Thumb Code     0  fleqf.o(x$fpl$fleqf)
    __aeabi_fmul                             0x08004c99   Thumb Code     0  fmul.o(x$fpl$fmul)
    _fmul                                    0x08004c99   Thumb Code   258  fmul.o(x$fpl$fmul)
    __fpl_fnaninf                            0x08004d9b   Thumb Code   140  fnaninf.o(x$fpl$fnaninf)
    __fpl_fretinf                            0x08004e27   Thumb Code    10  fretinf.o(x$fpl$fretinf)
    __aeabi_cfrcmple                         0x08004e31   Thumb Code     0  frleqf.o(x$fpl$frleqf)
    _frcmple                                 0x08004e31   Thumb Code    98  frleqf.o(x$fpl$frleqf)
    __aeabi_frsub                            0x08004e93   Thumb Code     0  faddsub_clz.o(x$fpl$frsb)
    _frsb                                    0x08004e93   Thumb Code    20  faddsub_clz.o(x$fpl$frsb)
    __aeabi_fsub                             0x08004ea9   Thumb Code     0  faddsub_clz.o(x$fpl$fsub)
    _fsub                                    0x08004ea9   Thumb Code   234  faddsub_clz.o(x$fpl$fsub)
    __I$use$fp                               0x08004f92   Number         0  usenofp.o(x$fpl$usenofp)
    SystemFrequency                          0x08004f94   Data           4  system_stm32f10x.o(.constdata)
    SystemFrequency_SysClk                   0x08004f98   Data           4  system_stm32f10x.o(.constdata)
    SystemFrequency_AHBClk                   0x08004f9c   Data           4  system_stm32f10x.o(.constdata)
    SystemFrequency_APB1Clk                  0x08004fa0   Data           4  system_stm32f10x.o(.constdata)
    SystemFrequency_APB2Clk                  0x08004fa4   Data           4  system_stm32f10x.o(.constdata)
    Region$$Table$$Base                      0x08004fa8   Number         0  anon$$obj.o(Region$$Table)
    Region$$Table$$Limit                     0x08004fc8   Number         0  anon$$obj.o(Region$$Table)
    can                                      0x20000014   Data           4  can1.o(.data)
    Data_Send_to_F105                        0x20000018   Data           8  can1.o(.data)
    data_receive                             0x20000020   Data           8  can1.o(.data)
    data_receive_pre                         0x20000028   Data           8  can1.o(.data)
    yaw_angle                                0x20000030   Data           4  can1.o(.data)
    gz                                       0x20000034   Data           4  can1.o(.data)
    pitch_angle                              0x20000038   Data           4  can1.o(.data)
    g_pitch                                  0x2000003c   Data           4  can1.o(.data)
    Flag2Master                              0x20000040   Data           1  can1.o(.data)
    FlagOfMaster                             0x20000041   Data           1  can1.o(.data)
    delayus_cnt                              0x20000044   Data           4  delay.o(.data)
    delayms_cnt                              0x20000048   Data           4  delay.o(.data)
    CPU_RunTime                              0x2000004c   Data           4  tim.o(.data)
    camera_pitch                             0x20000050   Data           2  tim2.o(.data)
    camera_yaw                               0x20000052   Data           2  tim2.o(.data)
    Pos_LiftTrack                            0x20000054   Data           8  zerocheck.o(.data)
    Pos_Rotate_Motor                         0x2000005c   Data           4  zerocheck.o(.data)
    pos_before0                              0x20000060   Data           4  zerocheck.o(.data)
    pos_before1                              0x20000064   Data           4  zerocheck.o(.data)
    pos_before2                              0x20000068   Data           4  zerocheck.o(.data)
    pos_before3                              0x2000006c   Data           4  zerocheck.o(.data)
    LaserRanging                             0x20000070   Data           4  uart4.o(.data)
    data_length                              0x20000074   Data           4  uart4.o(.data)
    test_11                                  0x20000078   Data           4  uart4.o(.data)
    Autoexec_high_water                      0x2000007c   Data           4  autoexectask.o(.data)
    auto_large_enum                          0x20000080   Data           1  autoexectask.o(.data)
    auto_large_enum_next                     0x20000081   Data           1  autoexectask.o(.data)
    auto_midair_enum                         0x20000082   Data           1  autoexectask.o(.data)
    auto_midair_enum_next                    0x20000083   Data           1  autoexectask.o(.data)
    auto_get_midair_enum                     0x20000084   Data           1  autoexectask.o(.data)
    auto_get_midair_enum_next                0x20000085   Data           1  autoexectask.o(.data)
    auto_small_enum                          0x20000086   Data           1  autoexectask.o(.data)
    auto_small_enum_next                     0x20000087   Data           1  autoexectask.o(.data)
    auto_exchange_enum                       0x20000088   Data           1  autoexectask.o(.data)
    auto_exchange_enum_next                  0x20000089   Data           1  autoexectask.o(.data)
    auto_reset_enum                          0x2000008a   Data           1  autoexectask.o(.data)
    auto_reset_enum_next                     0x2000008b   Data           1  autoexectask.o(.data)
    auto_laser_enum                          0x2000008c   Data           1  autoexectask.o(.data)
    auto_laser_enum_next                     0x2000008d   Data           1  autoexectask.o(.data)
    auto_delay_flag                          0x2000008e   Data           1  autoexectask.o(.data)
    auto_delay_en_flag                       0x2000008f   Data           1  autoexectask.o(.data)
    auto_delay_length                        0x20000090   Data           4  autoexectask.o(.data)
    auto_time_pre                            0x20000094   Data           4  autoexectask.o(.data)
    auto_time_now                            0x20000098   Data           4  autoexectask.o(.data)
    Lift_high_water                          0x2000009c   Data           4  lifttask.o(.data)
    lift_pos_set                             0x200000a0   Data           8  lifttask.o(.data)
    Lift_pos_set_pre                         0x200000a8   Data           8  lifttask.o(.data)
    test_p                                   0x200000b0   Data           4  lifttask.o(.data)
    test_ii                                  0x200000b4   Data           4  lifttask.o(.data)
    Motor_high_water                         0x200000b8   Data           4  motortask.o(.data)
    LiftTrack_Current                        0x200000bc   Data           8  motortask.o(.data)
    Rotate_Motor_Current                     0x200000c4   Data           4  motortask.o(.data)
    LiftPositionInit                         0x200000c8   Data           8  motortask.o(.data)
    LiftJourney_1                            0x200000d0   Data           4  motortask.o(.data)
    LiftJourney_2                            0x200000d4   Data           4  motortask.o(.data)
    LiftJourney_3                            0x200000d8   Data           4  motortask.o(.data)
    lift_once_offset                         0x200000dc   Data           4  motortask.o(.data)
    RotatePositionInit                       0x200000e0   Data           4  motortask.o(.data)
    RotateJourney                            0x200000e4   Data           4  motortask.o(.data)
    Lift_Init_Change_Journey                 0x200000e8   Data           4  motortask.o(.data)
    test_current                             0x200000ec   Data           4  motortask.o(.data)
    rotate_set                               0x200000f0   Data           4  rotatetask.o(.data)
    rotate_high_water                        0x200000f4   Data           4  rotatetask.o(.data)
    CPU_high_water                           0x200000f8   Data           4  starttask.o(.data)
    time_test                                0x2000011c   Data           4  laserrangingtask.o(.data)
    Laser_high_water                         0x20000120   Data           4  laserrangingtask.o(.data)
    pxCurrentTCB                             0x20000124   Data           4  tasks.o(.data)
    g_Flag                                   0x20000184   Data          21  main.o(.bss)
    ZeroCheck_LiftTrack                      0x2000019c   Data          40  zerocheck.o(.bss)
    ZeroCheck_Rotate_Motor                   0x200001c4   Data          20  zerocheck.o(.bss)
    Track_Motor                              0x200001d8   Data          40  can2.o(.bss)
    Rotate_Motor                             0x20000200   Data          20  can2.o(.bss)
    tx_message_t                             0x20000214   Data          20  can2.o(.bss)
    LaserRangingReceiveBuffer                0x20000228   Data          30  uart4.o(.bss)
    LaserRangingSend                         0x20000246   Data          30  uart4.o(.bss)
    angle_receive                            0x20000264   Data          30  uart4.o(.bss)
    Pid_LiftTrack_Speed                      0x20000284   Data          96  motortask.o(.bss)
    Pid_LiftTrack_Positioin                  0x200002e4   Data          96  motortask.o(.bss)
    Pid_Rotate_Motor_Speed                   0x20000344   Data          48  motortask.o(.bss)
    Pid_Rotate_Motor_Positioin               0x20000374   Data          48  motortask.o(.bss)
    __libspace_start                         0x20004a88   Data          96  libspace.o(.bss)
    __temporary_stack_top$libspace           0x20004ae8   Data           0  libspace.o(.bss)



==============================================================================

Memory Map of the image

  Image Entry point : 0x08000151

  Load Region LR_IROM1 (Base: 0x08000000, Size: 0x0000514c, Max: 0x00020000, ABSOLUTE, COMPRESSED[0x00004ffc])

    Execution Region ER_IROM1 (Exec base: 0x08000000, Load base: 0x08000000, Size: 0x00004fc8, Max: 0x00020000, ABSOLUTE)

    Exec Addr    Load Addr    Size         Type   Attr      Idx    E Section Name        Object

    0x08000000   0x08000000   0x00000150   Data   RO          272    RESET               startup_stm32f10x_cl.o
    0x08000150   0x08000150   0x00000008   Code   RO         4767  * !!!main             c_w.l(__main.o)
    0x08000158   0x08000158   0x00000034   Code   RO         4986    !!!scatter          c_w.l(__scatter.o)
    0x0800018c   0x0800018c   0x0000005a   Code   RO         4984    !!dczerorl2         c_w.l(__dczerorl2.o)
    0x080001e6   0x080001e6   0x00000002   PAD
    0x080001e8   0x080001e8   0x0000001c   Code   RO         4988    !!handler_zi        c_w.l(__scatter_zi.o)
    0x08000204   0x08000204   0x00000002   Code   RO         4854    .ARM.Collect$$libinit$$00000000  c_w.l(libinit.o)
    0x08000206   0x08000206   0x00000000   Code   RO         4861    .ARM.Collect$$libinit$$00000002  c_w.l(libinit2.o)
    0x08000206   0x08000206   0x00000000   Code   RO         4863    .ARM.Collect$$libinit$$00000004  c_w.l(libinit2.o)
    0x08000206   0x08000206   0x00000000   Code   RO         4866    .ARM.Collect$$libinit$$0000000A  c_w.l(libinit2.o)
    0x08000206   0x08000206   0x00000000   Code   RO         4868    .ARM.Collect$$libinit$$0000000C  c_w.l(libinit2.o)
    0x08000206   0x08000206   0x00000000   Code   RO         4870    .ARM.Collect$$libinit$$0000000E  c_w.l(libinit2.o)
    0x08000206   0x08000206   0x00000000   Code   RO         4873    .ARM.Collect$$libinit$$00000011  c_w.l(libinit2.o)
    0x08000206   0x08000206   0x00000000   Code   RO         4875    .ARM.Collect$$libinit$$00000013  c_w.l(libinit2.o)
    0x08000206   0x08000206   0x00000000   Code   RO         4877    .ARM.Collect$$libinit$$00000015  c_w.l(libinit2.o)
    0x08000206   0x08000206   0x00000000   Code   RO         4879    .ARM.Collect$$libinit$$00000017  c_w.l(libinit2.o)
    0x08000206   0x08000206   0x00000000   Code   RO         4881    .ARM.Collect$$libinit$$00000019  c_w.l(libinit2.o)
    0x08000206   0x08000206   0x00000000   Code   RO         4883    .ARM.Collect$$libinit$$0000001B  c_w.l(libinit2.o)
    0x08000206   0x08000206   0x00000000   Code   RO         4885    .ARM.Collect$$libinit$$0000001D  c_w.l(libinit2.o)
    0x08000206   0x08000206   0x00000000   Code   RO         4887    .ARM.Collect$$libinit$$0000001F  c_w.l(libinit2.o)
    0x08000206   0x08000206   0x00000000   Code   RO         4889    .ARM.Collect$$libinit$$00000021  c_w.l(libinit2.o)
    0x08000206   0x08000206   0x00000000   Code   RO         4891    .ARM.Collect$$libinit$$00000023  c_w.l(libinit2.o)
    0x08000206   0x08000206   0x00000000   Code   RO         4893    .ARM.Collect$$libinit$$00000025  c_w.l(libinit2.o)
    0x08000206   0x08000206   0x00000000   Code   RO         4897    .ARM.Collect$$libinit$$0000002C  c_w.l(libinit2.o)
    0x08000206   0x08000206   0x00000000   Code   RO         4899    .ARM.Collect$$libinit$$0000002E  c_w.l(libinit2.o)
    0x08000206   0x08000206   0x00000000   Code   RO         4901    .ARM.Collect$$libinit$$00000030  c_w.l(libinit2.o)
    0x08000206   0x08000206   0x00000000   Code   RO         4903    .ARM.Collect$$libinit$$00000032  c_w.l(libinit2.o)
    0x08000206   0x08000206   0x00000002   Code   RO         4904    .ARM.Collect$$libinit$$00000033  c_w.l(libinit2.o)
    0x08000208   0x08000208   0x00000002   Code   RO         4924    .ARM.Collect$$libshutdown$$00000000  c_w.l(libshutdown.o)
    0x0800020a   0x0800020a   0x00000000   Code   RO         4937    .ARM.Collect$$libshutdown$$00000002  c_w.l(libshutdown2.o)
    0x0800020a   0x0800020a   0x00000000   Code   RO         4939    .ARM.Collect$$libshutdown$$00000004  c_w.l(libshutdown2.o)
    0x0800020a   0x0800020a   0x00000000   Code   RO         4942    .ARM.Collect$$libshutdown$$00000007  c_w.l(libshutdown2.o)
    0x0800020a   0x0800020a   0x00000000   Code   RO         4945    .ARM.Collect$$libshutdown$$0000000A  c_w.l(libshutdown2.o)
    0x0800020a   0x0800020a   0x00000000   Code   RO         4947    .ARM.Collect$$libshutdown$$0000000C  c_w.l(libshutdown2.o)
    0x0800020a   0x0800020a   0x00000000   Code   RO         4950    .ARM.Collect$$libshutdown$$0000000F  c_w.l(libshutdown2.o)
    0x0800020a   0x0800020a   0x00000002   Code   RO         4951    .ARM.Collect$$libshutdown$$00000010  c_w.l(libshutdown2.o)
    0x0800020c   0x0800020c   0x00000000   Code   RO         4801    .ARM.Collect$$rtentry$$00000000  c_w.l(__rtentry.o)
    0x0800020c   0x0800020c   0x00000000   Code   RO         4827    .ARM.Collect$$rtentry$$00000002  c_w.l(__rtentry2.o)
    0x0800020c   0x0800020c   0x00000006   Code   RO         4839    .ARM.Collect$$rtentry$$00000004  c_w.l(__rtentry4.o)
    0x08000212   0x08000212   0x00000000   Code   RO         4829    .ARM.Collect$$rtentry$$00000009  c_w.l(__rtentry2.o)
    0x08000212   0x08000212   0x00000004   Code   RO         4830    .ARM.Collect$$rtentry$$0000000A  c_w.l(__rtentry2.o)
    0x08000216   0x08000216   0x00000000   Code   RO         4832    .ARM.Collect$$rtentry$$0000000C  c_w.l(__rtentry2.o)
    0x08000216   0x08000216   0x00000008   Code   RO         4833    .ARM.Collect$$rtentry$$0000000D  c_w.l(__rtentry2.o)
    0x0800021e   0x0800021e   0x00000002   Code   RO         4858    .ARM.Collect$$rtexit$$00000000  c_w.l(rtexit.o)
    0x08000220   0x08000220   0x00000000   Code   RO         4906    .ARM.Collect$$rtexit$$00000002  c_w.l(rtexit2.o)
    0x08000220   0x08000220   0x00000004   Code   RO         4907    .ARM.Collect$$rtexit$$00000003  c_w.l(rtexit2.o)
    0x08000224   0x08000224   0x00000006   Code   RO         4908    .ARM.Collect$$rtexit$$00000004  c_w.l(rtexit2.o)
    0x0800022a   0x0800022a   0x00000002   PAD
    0x0800022c   0x0800022c   0x00000096   Code   RO         4651    .emb_text           port.o
    0x080002c2   0x080002c2   0x00000002   PAD
    0x080002c4   0x080002c4   0x00000040   Code   RO          273    .text               startup_stm32f10x_cl.o
    0x08000304   0x08000304   0x00000010   Code   RO         4763    .text               c_w.l(aeabi_memset.o)
    0x08000314   0x08000314   0x00000006   Code   RO         4765    .text               c_w.l(heapauxi.o)
    0x0800031a   0x0800031a   0x00000044   Code   RO         4813    .text               c_w.l(rt_memclr.o)
    0x0800035e   0x0800035e   0x0000004e   Code   RO         4843    .text               c_w.l(rt_memclr_w.o)
    0x080003ac   0x080003ac   0x0000004a   Code   RO         4845    .text               c_w.l(sys_stackheap_outer.o)
    0x080003f6   0x080003f6   0x00000012   Code   RO         4847    .text               c_w.l(exit.o)
    0x08000408   0x08000408   0x00000008   Code   RO         4855    .text               c_w.l(libspace.o)
    0x08000410   0x08000410   0x0000000c   Code   RO         4916    .text               c_w.l(sys_exit.o)
    0x0800041c   0x0800041c   0x00000002   Code   RO         4927    .text               c_w.l(use_no_semi.o)
    0x0800041e   0x0800041e   0x00000000   Code   RO         4929    .text               c_w.l(indicate_semi.o)
    0x0800041e   0x0800041e   0x0000002c   Code   RO            1    i.BSP_init          main.o
    0x0800044a   0x0800044a   0x00000004   Code   RO          219    i.BusFault_Handler  stm32f10x_it.o
    0x0800044e   0x0800044e   0x00000002   PAD
    0x08000450   0x08000450   0x00000160   Code   RO         3332    i.CAN1_Config       can1.o
    0x080005b0   0x080005b0   0x00000078   Code   RO         3333    i.CAN1_RX0_IRQHandler  can1.o
    0x08000628   0x08000628   0x00000070   Code   RO         3334    i.CAN1_RX1_IRQHandler  can1.o
    0x08000698   0x08000698   0x0000001c   Code   RO         3335    i.CAN1_TX_IRQHandler  can1.o
    0x080006b4   0x080006b4   0x000000e0   Code   RO         3536    i.CAN2_RX0_IRQHandler  can2.o
    0x08000794   0x08000794   0x00000030   Code   RO         3537    i.CAN2_RX1_IRQHandler  can2.o
    0x080007c4   0x080007c4   0x0000001c   Code   RO         3538    i.CAN2_TX_IRQHandler  can2.o
    0x080007e0   0x080007e0   0x000000a8   Code   RO          619    i.CAN_ClearITPendingBit  stm32f10x_can.o
    0x08000888   0x08000888   0x00000038   Code   RO          621    i.CAN_DeInit        stm32f10x_can.o
    0x080008c0   0x080008c0   0x00000108   Code   RO          623    i.CAN_FilterInit    stm32f10x_can.o
    0x080009c8   0x080009c8   0x00000120   Code   RO          625    i.CAN_GetITStatus   stm32f10x_can.o
    0x08000ae8   0x08000ae8   0x00000012   Code   RO          629    i.CAN_ITConfig      stm32f10x_can.o
    0x08000afa   0x08000afa   0x00000114   Code   RO          630    i.CAN_Init          stm32f10x_can.o
    0x08000c0e   0x08000c0e   0x000000f0   Code   RO          633    i.CAN_Receive       stm32f10x_can.o
    0x08000cfe   0x08000cfe   0x00000020   Code   RO          636    i.CAN_StructInit    stm32f10x_can.o
    0x08000d1e   0x08000d1e   0x00000126   Code   RO          638    i.CAN_Transmit      stm32f10x_can.o
    0x08000e44   0x08000e44   0x0000000c   Code   RO         3845    i.CPU_task          starttask.o
    0x08000e50   0x08000e50   0x00000088   Code   RO         3483    i.CameraSteeringEngine_Set  tim2.o
    0x08000ed8   0x08000ed8   0x00000012   Code   RO          641    i.CheckITStatus     stm32f10x_can.o
    0x08000eea   0x08000eea   0x00000002   PAD
    0x08000eec   0x08000eec   0x00000028   Code   RO         3581    i.DMA2_Channel3_IRQHandler  uart4.o
    0x08000f14   0x08000f14   0x00000028   Code   RO         3582    i.DMA2_Channel5_IRQHandler  uart4.o
    0x08000f3c   0x08000f3c   0x0000001c   Code   RO         1015    i.DMA_ClearFlag     stm32f10x_dma.o
    0x08000f58   0x08000f58   0x0000001c   Code   RO         1016    i.DMA_ClearITPendingBit  stm32f10x_dma.o
    0x08000f74   0x08000f74   0x00000018   Code   RO         1017    i.DMA_Cmd           stm32f10x_dma.o
    0x08000f8c   0x08000f8c   0x0000014c   Code   RO         1018    i.DMA_DeInit        stm32f10x_dma.o
    0x080010d8   0x080010d8   0x00000008   Code   RO         1019    i.DMA_GetCurrDataCounter  stm32f10x_dma.o
    0x080010e0   0x080010e0   0x0000002c   Code   RO         1020    i.DMA_GetFlagStatus  stm32f10x_dma.o
    0x0800110c   0x0800110c   0x0000002c   Code   RO         1021    i.DMA_GetITStatus   stm32f10x_dma.o
    0x08001138   0x08001138   0x00000012   Code   RO         1022    i.DMA_ITConfig      stm32f10x_dma.o
    0x0800114a   0x0800114a   0x0000003c   Code   RO         1023    i.DMA_Init          stm32f10x_dma.o
    0x08001186   0x08001186   0x00000004   Code   RO         1024    i.DMA_SetCurrDataCounter  stm32f10x_dma.o
    0x0800118a   0x0800118a   0x00000002   PAD
    0x0800118c   0x0800118c   0x0000001c   Code   RO         3336    i.Data_Send_to_Master_Init  can1.o
    0x080011a8   0x080011a8   0x00000002   Code   RO          220    i.DebugMon_Handler  stm32f10x_it.o
    0x080011aa   0x080011aa   0x00000116   Code   RO         1447    i.GPIO_Init         stm32f10x_gpio.o
    0x080012c0   0x080012c0   0x00000090   Code   RO         1449    i.GPIO_PinRemapConfig  stm32f10x_gpio.o
    0x08001350   0x08001350   0x00000004   Code   RO          221    i.HardFault_Handler  stm32f10x_it.o
    0x08001354   0x08001354   0x00000008   Code   RO         3430    i.IWDG_Feed         iwdg.o
    0x0800135c   0x0800135c   0x00000010   Code   RO         1761    i.IWDG_ReloadCounter  stm32f10x_iwdg.o
    0x0800136c   0x0800136c   0x0000000e   Code   RO         3772    i.Lift_task         lifttask.o
    0x0800137a   0x0800137a   0x00000004   Code   RO          222    i.MemManage_Handler  stm32f10x_it.o
    0x0800137e   0x0800137e   0x00000012   Code   RO         3794    i.Motor_task        motortask.o
    0x08001390   0x08001390   0x00000002   Code   RO          223    i.NMI_Handler       stm32f10x_it.o
    0x08001392   0x08001392   0x00000022   Code   RO         3447    i.NVIC_Config       nvic.o
    0x080013b4   0x080013b4   0x00000070   Code   RO          278    i.NVIC_Init         misc.o
    0x08001424   0x08001424   0x00000014   Code   RO          279    i.NVIC_PriorityGroupConfig  misc.o
    0x08001438   0x08001438   0x00000080   Code   RO         3615    i.PID_Calc          pid.o
    0x080014b8   0x080014b8   0x00000130   Code   RO         3795    i.Pid_Motor_Init    motortask.o
    0x080015e8   0x080015e8   0x00000020   Code   RO         1865    i.RCC_AHBPeriphClockCmd  stm32f10x_rcc.o
    0x08001608   0x08001608   0x00000020   Code   RO         1867    i.RCC_APB1PeriphClockCmd  stm32f10x_rcc.o
    0x08001628   0x08001628   0x00000020   Code   RO         1868    i.RCC_APB1PeriphResetCmd  stm32f10x_rcc.o
    0x08001648   0x08001648   0x00000020   Code   RO         1869    i.RCC_APB2PeriphClockCmd  stm32f10x_rcc.o
    0x08001668   0x08001668   0x00000020   Code   RO         1870    i.RCC_APB2PeriphResetCmd  stm32f10x_rcc.o
    0x08001688   0x08001688   0x0000018c   Code   RO         1877    i.RCC_GetClocksFreq  stm32f10x_rcc.o
    0x08001814   0x08001814   0x00000008   Code   RO          191    i.SetSysClock       system_stm32f10x.o
    0x0800181c   0x0800181c   0x000000e4   Code   RO          192    i.SetSysClockTo72   system_stm32f10x.o
    0x08001900   0x08001900   0x000000ec   Code   RO         3337    i.Slave2Master      can1.o
    0x080019ec   0x080019ec   0x00000008   Code   RO          224    i.SysTick_Handler   stm32f10x_it.o
    0x080019f4   0x080019f4   0x00000050   Code   RO          193    i.SystemInit        system_stm32f10x.o
    0x08001a44   0x08001a44   0x000000a0   Code   RO         3484    i.TIM3_PWM_Init     tim2.o
    0x08001ae4   0x08001ae4   0x00000028   Code   RO         3459    i.TIM4_IRQHandler   tim.o
    0x08001b0c   0x08001b0c   0x00000060   Code   RO         3460    i.TIM4_Init         tim.o
    0x08001b6c   0x08001b6c   0x00000060   Code   RO         3384    i.TIM6_Configration  delay.o
    0x08001bcc   0x08001bcc   0x0000002c   Code   RO         3385    i.TIM6_IRQHandler   delay.o
    0x08001bf8   0x08001bf8   0x0000005c   Code   RO         3386    i.TIM7_Configration  delay.o
    0x08001c54   0x08001c54   0x0000002c   Code   RO         3387    i.TIM7_IRQHandler   delay.o
    0x08001c80   0x08001c80   0x00000006   Code   RO         2558    i.TIM_ClearITPendingBit  stm32f10x_tim.o
    0x08001c86   0x08001c86   0x00000018   Code   RO         2563    i.TIM_Cmd           stm32f10x_tim.o
    0x08001c9e   0x08001c9e   0x00000022   Code   RO         2584    i.TIM_GetITStatus   stm32f10x_tim.o
    0x08001cc0   0x08001cc0   0x00000012   Code   RO         2588    i.TIM_ITConfig      stm32f10x_tim.o
    0x08001cd2   0x08001cd2   0x00000002   PAD
    0x08001cd4   0x08001cd4   0x00000098   Code   RO         2592    i.TIM_OC1Init       stm32f10x_tim.o
    0x08001d6c   0x08001d6c   0x00000012   Code   RO         2595    i.TIM_OC1PreloadConfig  stm32f10x_tim.o
    0x08001d7e   0x08001d7e   0x00000002   PAD
    0x08001d80   0x08001d80   0x000000a4   Code   RO         2597    i.TIM_OC2Init       stm32f10x_tim.o
    0x08001e24   0x08001e24   0x0000001a   Code   RO         2600    i.TIM_OC2PreloadConfig  stm32f10x_tim.o
    0x08001e3e   0x08001e3e   0x00000004   Code   RO         2624    i.TIM_SetCompare1   stm32f10x_tim.o
    0x08001e42   0x08001e42   0x00000004   Code   RO         2625    i.TIM_SetCompare2   stm32f10x_tim.o
    0x08001e46   0x08001e46   0x00000002   PAD
    0x08001e48   0x08001e48   0x000000a4   Code   RO         2634    i.TIM_TimeBaseInit  stm32f10x_tim.o
    0x08001eec   0x08001eec   0x000001c8   Code   RO         3583    i.UART4_Configuration  uart4.o
    0x080020b4   0x080020b4   0x00000098   Code   RO         3584    i.UART4_IRQHandler  uart4.o
    0x0800214c   0x0800214c   0x00000018   Code   RO         3099    i.USART_Cmd         stm32f10x_usart.o
    0x08002164   0x08002164   0x00000012   Code   RO         3100    i.USART_DMACmd      stm32f10x_usart.o
    0x08002176   0x08002176   0x00000002   PAD
    0x08002178   0x08002178   0x0000009c   Code   RO         3101    i.USART_DeInit      stm32f10x_usart.o
    0x08002214   0x08002214   0x00000054   Code   RO         3103    i.USART_GetITStatus  stm32f10x_usart.o
    0x08002268   0x08002268   0x0000004a   Code   RO         3105    i.USART_ITConfig    stm32f10x_usart.o
    0x080022b2   0x080022b2   0x00000002   PAD
    0x080022b4   0x080022b4   0x000000d8   Code   RO         3106    i.USART_Init        stm32f10x_usart.o
    0x0800238c   0x0800238c   0x00000004   Code   RO          225    i.UsageFault_Handler  stm32f10x_it.o
    0x08002390   0x08002390   0x00000098   Code   RO         3507    i.ZeroCheck         zerocheck.o
    0x08002428   0x08002428   0x00000060   Code   RO         3508    i.ZeroCheck_Init    zerocheck.o
    0x08002488   0x08002488   0x00000080   Code   RO         3509    i.ZeroCheck_cal     zerocheck.o
    0x08002508   0x08002508   0x00000100   Code   RO         3673    i.autoExchange      autoexectask.o
    0x08002608   0x08002608   0x00000128   Code   RO         3674    i.autoExchangeTwice  autoexectask.o
    0x08002730   0x08002730   0x00000110   Code   RO         3675    i.autoGetMineMidair  autoexectask.o
    0x08002840   0x08002840   0x00000168   Code   RO         3676    i.autoLargeIslandMine  autoexectask.o
    0x080029a8   0x080029a8   0x00000124   Code   RO         3678    i.autoMineMidair    autoexectask.o
    0x08002acc   0x08002acc   0x00000034   Code   RO         3679    i.autoModeDelay_ms  autoexectask.o
    0x08002b00   0x08002b00   0x000000f4   Code   RO         3680    i.autoResetSoftware  autoexectask.o
    0x08002bf4   0x08002bf4   0x000001c8   Code   RO         3681    i.autoSmallIslandMine  autoexectask.o
    0x08002dbc   0x08002dbc   0x00000170   Code   RO         3682    i.autoexec          autoexectask.o
    0x08002f2c   0x08002f2c   0x0000000e   Code   RO         3683    i.autoexecTask      autoexectask.o
    0x08002f3a   0x08002f3a   0x00000002   PAD
    0x08002f3c   0x08002f3c   0x00000164   Code   RO         3539    i.can2Config        can2.o
    0x080030a0   0x080030a0   0x0000002c   Code   RO         3388    i.delay_ms          delay.o
    0x080030cc   0x080030cc   0x00000038   Code   RO            2    i.flagInit          main.o
    0x08003104   0x08003104   0x00000124   Code   RO         3874    i.flagModeSwitch    statetask.o
    0x08003228   0x08003228   0x000000bc   Code   RO            3    i.gpioConfig        main.o
    0x080032e4   0x080032e4   0x00000028   Code   RO         3913    i.laserRangingSend  laserrangingtask.o
    0x0800330c   0x0800330c   0x00000040   Code   RO         3914    i.laserRangingSendTask  laserrangingtask.o
    0x0800334c   0x0800334c   0x00000022   Code   RO            4    i.main              main.o
    0x0800336e   0x0800336e   0x00000002   PAD
    0x08003370   0x08003370   0x00000010   Code   RO         3875    i.modeInit          statetask.o
    0x08003380   0x08003380   0x000000d8   Code   RO         3876    i.modeSwitch        statetask.o
    0x08003458   0x08003458   0x00000022   Code   RO         3877    i.modeSwitchTask    statetask.o
    0x0800347a   0x0800347a   0x00000002   PAD
    0x0800347c   0x0800347c   0x000000a8   Code   RO         3540    i.motorCurrentSend  can2.o
    0x08003524   0x08003524   0x000000c0   Code   RO         3541    i.motorCurrentSend2  can2.o
    0x080035e4   0x080035e4   0x00000038   Code   RO         3823    i.motorRotate       rotatetask.o
    0x0800361c   0x0800361c   0x00000260   Code   RO         3796    i.motor_cal_task    motortask.o
    0x0800387c   0x0800387c   0x000002a4   Code   RO         3773    i.motor_lift_task   lifttask.o
    0x08003b20   0x08003b20   0x00000098   Code   RO         4251    i.prvAddCurrentTaskToDelayedList  tasks.o
    0x08003bb8   0x08003bb8   0x000000b8   Code   RO         4252    i.prvAddNewTaskToReadyList  tasks.o
    0x08003c70   0x08003c70   0x00000064   Code   RO         4253    i.prvCheckTasksWaitingTermination  tasks.o
    0x08003cd4   0x08003cd4   0x00000012   Code   RO         4254    i.prvDeleteTCB      tasks.o
    0x08003ce6   0x08003ce6   0x00000002   PAD
    0x08003ce8   0x08003ce8   0x0000007c   Code   RO         4602    i.prvHeapInit       heap_4.o
    0x08003d64   0x08003d64   0x00000028   Code   RO         4255    i.prvIdleTask       tasks.o
    0x08003d8c   0x08003d8c   0x00000090   Code   RO         4256    i.prvInitialiseNewTask  tasks.o
    0x08003e1c   0x08003e1c   0x00000068   Code   RO         4257    i.prvInitialiseTaskLists  tasks.o
    0x08003e84   0x08003e84   0x00000068   Code   RO         4603    i.prvInsertBlockIntoFreeList  heap_4.o
    0x08003eec   0x08003eec   0x00000034   Code   RO         4259    i.prvResetNextTaskUnblockTime  tasks.o
    0x08003f20   0x08003f20   0x00000016   Code   RO         4652    i.prvTaskExitError  port.o
    0x08003f36   0x08003f36   0x00000002   PAD
    0x08003f38   0x08003f38   0x000000d0   Code   RO         4604    i.pvPortMalloc      heap_4.o
    0x08004008   0x08004008   0x00000024   Code   RO         4653    i.pxPortInitialiseStack  port.o
    0x0800402c   0x0800402c   0x0000000e   Code   RO         3824    i.rotate_Task       rotatetask.o
    0x0800403a   0x0800403a   0x00000002   PAD
    0x0800403c   0x0800403c   0x0000002c   Code   RO         3846    i.startTask         starttask.o
    0x08004068   0x08004068   0x00000150   Code   RO         3847    i.start_task        starttask.o
    0x080041b8   0x080041b8   0x00000028   Code   RO         4048    i.uxListRemove      list.o
    0x080041e0   0x080041e0   0x0000001a   Code   RO         4049    i.vListInitialise   list.o
    0x080041fa   0x080041fa   0x00000006   Code   RO         4050    i.vListInitialiseItem  list.o
    0x08004200   0x08004200   0x00000034   Code   RO         4051    i.vListInsert       list.o
    0x08004234   0x08004234   0x00000018   Code   RO         4052    i.vListInsertEnd    list.o
    0x0800424c   0x0800424c   0x00000024   Code   RO         4655    i.vPortEnterCritical  port.o
    0x08004270   0x08004270   0x00000020   Code   RO         4656    i.vPortExitCritical  port.o
    0x08004290   0x08004290   0x00000048   Code   RO         4605    i.vPortFree         heap_4.o
    0x080042d8   0x080042d8   0x00000020   Code   RO         4657    i.vPortSetupTimerInterrupt  port.o
    0x080042f8   0x080042f8   0x00000034   Code   RO         4271    i.vTaskDelay        tasks.o
    0x0800432c   0x0800432c   0x00000074   Code   RO         4272    i.vTaskDelayUntil   tasks.o
    0x080043a0   0x080043a0   0x000000cc   Code   RO         4273    i.vTaskDelete       tasks.o
    0x0800446c   0x0800446c   0x0000006c   Code   RO         4286    i.vTaskStartScheduler  tasks.o
    0x080044d8   0x080044d8   0x00000010   Code   RO         4288    i.vTaskSuspendAll   tasks.o
    0x080044e8   0x080044e8   0x000000a0   Code   RO         4289    i.vTaskSwitchContext  tasks.o
    0x08004588   0x08004588   0x00000034   Code   RO         4658    i.xPortStartScheduler  port.o
    0x080045bc   0x080045bc   0x00000034   Code   RO         4659    i.xPortSysTickHandler  port.o
    0x080045f0   0x080045f0   0x00000060   Code   RO         4291    i.xTaskCreate       tasks.o
    0x08004650   0x08004650   0x0000000c   Code   RO         4295    i.xTaskGetTickCount  tasks.o
    0x0800465c   0x0800465c   0x0000011c   Code   RO         4297    i.xTaskIncrementTick  tasks.o
    0x08004778   0x08004778   0x000000e8   Code   RO         4302    i.xTaskResumeAll    tasks.o
    0x08004860   0x08004860   0x00000062   Code   RO         4769    x$fpl$d2f           fz_ws.l(d2f.o)
    0x080048c2   0x080048c2   0x0000002e   Code   RO         4772    x$fpl$dflt          fz_ws.l(dflt_clz.o)
    0x080048f0   0x080048f0   0x00000154   Code   RO         4777    x$fpl$dmul          fz_ws.l(dmul.o)
    0x08004a44   0x08004a44   0x0000009c   Code   RO         4815    x$fpl$dnaninf       fz_ws.l(dnaninf.o)
    0x08004ae0   0x08004ae0   0x0000000c   Code   RO         4817    x$fpl$dretinf       fz_ws.l(dretinf.o)
    0x08004aec   0x08004aec   0x000000c4   Code   RO         4779    x$fpl$fadd          fz_ws.l(faddsub_clz.o)
    0x08004bb0   0x08004bb0   0x00000018   Code   RO         4819    x$fpl$fcmpinf       fz_ws.l(fcmpi.o)
    0x08004bc8   0x08004bc8   0x00000036   Code   RO         4785    x$fpl$ffix          fz_ws.l(ffix.o)
    0x08004bfe   0x08004bfe   0x00000002   PAD
    0x08004c00   0x08004c00   0x00000030   Code   RO         4790    x$fpl$fflt          fz_ws.l(fflt_clz.o)
    0x08004c30   0x08004c30   0x00000068   Code   RO         4795    x$fpl$fleqf         fz_ws.l(fleqf.o)
    0x08004c98   0x08004c98   0x00000102   Code   RO         4797    x$fpl$fmul          fz_ws.l(fmul.o)
    0x08004d9a   0x08004d9a   0x0000008c   Code   RO         4821    x$fpl$fnaninf       fz_ws.l(fnaninf.o)
    0x08004e26   0x08004e26   0x0000000a   Code   RO         4823    x$fpl$fretinf       fz_ws.l(fretinf.o)
    0x08004e30   0x08004e30   0x00000062   Code   RO         4799    x$fpl$frleqf        fz_ws.l(frleqf.o)
    0x08004e92   0x08004e92   0x00000014   Code   RO         4780    x$fpl$frsb          fz_ws.l(faddsub_clz.o)
    0x08004ea6   0x08004ea6   0x00000002   PAD
    0x08004ea8   0x08004ea8   0x000000ea   Code   RO         4781    x$fpl$fsub          fz_ws.l(faddsub_clz.o)
    0x08004f92   0x08004f92   0x00000000   Code   RO         4825    x$fpl$usenofp       fz_ws.l(usenofp.o)
    0x08004f92   0x08004f92   0x00000002   PAD
    0x08004f94   0x08004f94   0x00000014   Data   RO          194    .constdata          system_stm32f10x.o
    0x08004fa8   0x08004fa8   0x00000020   Data   RO         4982    Region$$Table       anon$$obj.o


    Execution Region RW_IRAM1 (Exec base: 0x20000000, Load base: 0x08004fc8, Size: 0x000050e8, Max: 0x00020000, ABSOLUTE, COMPRESSED[0x00000034])

    Exec Addr    Load Addr    Size         Type   Attr      Idx    E Section Name        Object

    0x20000000   COMPRESSED   0x00000014   Data   RW         1905    .data               stm32f10x_rcc.o
    0x20000014   COMPRESSED   0x0000002e   Data   RW         3338    .data               can1.o
    0x20000042   COMPRESSED   0x00000002   PAD
    0x20000044   COMPRESSED   0x00000008   Data   RW         3390    .data               delay.o
    0x2000004c   COMPRESSED   0x00000004   Data   RW         3461    .data               tim.o
    0x20000050   COMPRESSED   0x00000004   Data   RW         3485    .data               tim2.o
    0x20000054   COMPRESSED   0x0000001c   Data   RW         3511    .data               zerocheck.o
    0x20000070   COMPRESSED   0x0000000c   Data   RW         3586    .data               uart4.o
    0x2000007c   COMPRESSED   0x00000020   Data   RW         3684    .data               autoexectask.o
    0x2000009c   COMPRESSED   0x0000001c   Data   RW         3774    .data               lifttask.o
    0x200000b8   COMPRESSED   0x00000038   Data   RW         3798    .data               motortask.o
    0x200000f0   COMPRESSED   0x00000008   Data   RW         3825    .data               rotatetask.o
    0x200000f8   COMPRESSED   0x00000024   Data   RW         3849    .data               starttask.o
    0x2000011c   COMPRESSED   0x00000008   Data   RW         3915    .data               laserrangingtask.o
    0x20000124   COMPRESSED   0x00000044   Data   RW         4305    .data               tasks.o
    0x20000168   COMPRESSED   0x00000018   Data   RW         4610    .data               heap_4.o
    0x20000180   COMPRESSED   0x00000004   Data   RW         4660    .data               port.o
    0x20000184        -       0x00000015   Zero   RW            5    .bss                main.o
    0x20000199   COMPRESSED   0x00000003   PAD
    0x2000019c        -       0x0000003c   Zero   RW         3510    .bss                zerocheck.o
    0x200001d8        -       0x00000050   Zero   RW         3542    .bss                can2.o
    0x20000228        -       0x0000005a   Zero   RW         3585    .bss                uart4.o
    0x20000282   COMPRESSED   0x00000002   PAD
    0x20000284        -       0x00000120   Zero   RW         3797    .bss                motortask.o
    0x200003a4        -       0x000002e4   Zero   RW         4304    .bss                tasks.o
    0x20000688        -       0x00004400   Zero   RW         4609    .bss                heap_4.o
    0x20004a88        -       0x00000060   Zero   RW         4856    .bss                c_w.l(libspace.o)
    0x20004ae8        -       0x00000200   Zero   RW          271    HEAP                startup_stm32f10x_cl.o
    0x20004ce8        -       0x00000400   Zero   RW          270    STACK               startup_stm32f10x_cl.o


==============================================================================

Image component sizes


      Code (inc. data)   RO Data    RW Data    ZI Data      Debug   Object Name

      2610        240          0         32          0       7381   autoexectask.o
       876         68          0         46          0       8798   can1.o
      1016         56          0          0         80       4345   can2.o
       320         38          0          8          0       2777   delay.o
         0          0          0          0          0       1500   event_groups.o
       508         62          0         24      17408       3739   heap_4.o
         8          0          0          0          0        424   iwdg.o
       104         20          0          8          0       1299   laserrangingtask.o
       690         76          0         28          0       2338   lifttask.o
       148          0          0          0          0       3066   list.o
       322         16          0          0         21     311923   main.o
       132         22          0          0          0       1459   misc.o
       930        148          0         56        288       3227   motortask.o
        34          0          0          0          0        630   nvic.o
       128          0          0          0          0        887   pid.o
       412         50          0          4          0       8864   port.o
        70         14          0          8          0       1211   rotatetask.o
       392        184          0         36          0       2707   starttask.o
        64         26        336          0       1536        828   startup_stm32f10x_cl.o
       558         48          0          0          0       2544   statetask.o
      1654         22          0          0          0       7184   stm32f10x_can.o
       590         44          0          0          0       7145   stm32f10x_dma.o
       422          6          0          0          0       2726   stm32f10x_gpio.o
        28          0          0          0          0       3003   stm32f10x_it.o
        16          6          0          0          0        453   stm32f10x_iwdg.o
       556         52          0         20          0       6776   stm32f10x_rcc.o
       614         72          0          0          0       6988   stm32f10x_tim.o
       572         28          0          0          0       5484   stm32f10x_usart.o
       316         20         20          0          0       2305   system_stm32f10x.o
      2074        332          0         68        740      23457   tasks.o
       136         12          0          4          0       1460   tim.o
       296         30          0          4          0       1445   tim2.o
       688         64          0         12         90       3131   uart4.o
       376         50          0         28         60       2652   zerocheck.o

    ----------------------------------------------------------------------
     17690       1806        388        388      20228     444156   Object Totals
         0          0         32          0          0          0   (incl. Generated)
        30          0          0          2          5          0   (incl. Padding)

    ----------------------------------------------------------------------

      Code (inc. data)   RO Data    RW Data    ZI Data      Debug   Library Member Name

        90          0          0          0          0          0   __dczerorl2.o
         8          0          0          0          0         68   __main.o
         0          0          0          0          0          0   __rtentry.o
        12          0          0          0          0          0   __rtentry2.o
         6          0          0          0          0          0   __rtentry4.o
        52          8          0          0          0          0   __scatter.o
        28          0          0          0          0          0   __scatter_zi.o
        16          0          0          0          0         68   aeabi_memset.o
        18          0          0          0          0         80   exit.o
         6          0          0          0          0        152   heapauxi.o
         0          0          0          0          0          0   indicate_semi.o
         2          0          0          0          0          0   libinit.o
         2          0          0          0          0          0   libinit2.o
         2          0          0          0          0          0   libshutdown.o
         2          0          0          0          0          0   libshutdown2.o
         8          4          0          0         96         68   libspace.o
        68          0          0          0          0         68   rt_memclr.o
        78          0          0          0          0         80   rt_memclr_w.o
         2          0          0          0          0          0   rtexit.o
        10          0          0          0          0          0   rtexit2.o
        12          4          0          0          0         68   sys_exit.o
        74          0          0          0          0         80   sys_stackheap_outer.o
         2          0          0          0          0         68   use_no_semi.o
        98          4          0          0          0         92   d2f.o
        46          0          0          0          0         68   dflt_clz.o
       340         12          0          0          0        104   dmul.o
       156          4          0          0          0         92   dnaninf.o
        12          0          0          0          0         68   dretinf.o
       450          8          0          0          0        236   faddsub_clz.o
        24          0          0          0          0         68   fcmpi.o
        54          4          0          0          0         84   ffix.o
        48          0          0          0          0         68   fflt_clz.o
       104          4          0          0          0         84   fleqf.o
       258          4          0          0          0         84   fmul.o
       140          4          0          0          0         84   fnaninf.o
        10          0          0          0          0         68   fretinf.o
        98          0          0          0          0         68   frleqf.o
         0          0          0          0          0          0   usenofp.o

    ----------------------------------------------------------------------
      2346         60          0          0         96       2068   Library Totals
        10          0          0          0          0          0   (incl. Padding)

    ----------------------------------------------------------------------

      Code (inc. data)   RO Data    RW Data    ZI Data      Debug   Library Name

       498         16          0          0         96        800   c_w.l
      1838         44          0          0          0       1268   fz_ws.l

    ----------------------------------------------------------------------
      2346         60          0          0         96       2068   Library Totals

    ----------------------------------------------------------------------

==============================================================================


      Code (inc. data)   RO Data    RW Data    ZI Data      Debug   

     20036       1866        388        388      20324     437276   Grand Totals
     20036       1866        388         52      20324     437276   ELF Image Totals (compressed)
     20036       1866        388         52          0          0   ROM Totals

==============================================================================

    Total RO  Size (Code + RO Data)                20424 (  19.95kB)
    Total RW  Size (RW Data + ZI Data)             20712 (  20.23kB)
    Total ROM Size (Code + RO Data + RW Data)      20476 (  20.00kB)

==============================================================================

