Component: ARM Compiler 5.05 update 1 (build 106) Tool: armlink [4d0efa]

==============================================================================

Section Cross References

    main.o(i.BSP_init) refers to misc.o(i.NVIC_PriorityGroupConfig) for NVIC_PriorityGroupConfig
    main.o(i.BSP_init) refers to tim2.o(i.TIM3_PWM_Init) for TIM3_PWM_Init
    main.o(i.BSP_init) refers to tim.o(i.TIM4_Init) for TIM4_Init
    main.o(i.BSP_init) refers to delay.o(i.TIM6_Configration) for TIM6_Configration
    main.o(i.BSP_init) refers to delay.o(i.TIM7_Configration) for TIM7_Configration
    main.o(i.BSP_init) refers to can1.o(i.CAN1_Config) for CAN1_Config
    main.o(i.BSP_init) refers to can2.o(i.can2Config) for can2Config
    main.o(i.BSP_init) refers to main.o(i.gpioConfig) for gpioConfig
    main.o(i.flagInit) refers to main.o(.bss) for g_Flag
    main.o(i.gpioConfig) refers to stm32f10x_rcc.o(i.RCC_APB2PeriphClockCmd) for RCC_APB2PeriphClockCmd
    main.o(i.gpioConfig) refers to stm32f10x_gpio.o(i.GPIO_Init) for GPIO_Init
    main.o(i.main) refers to main.o(i.BSP_init) for BSP_init
    main.o(i.main) refers to main.o(i.flagInit) for flagInit
    main.o(i.main) refers to can1.o(i.Data_Send_to_Master_Init) for Data_Send_to_Master_Init
    main.o(i.main) refers to delay.o(i.delay_ms) for delay_ms
    main.o(i.main) refers to zerocheck.o(i.ZeroCheck_Init) for ZeroCheck_Init
    main.o(i.main) refers to starttask.o(i.startTask) for startTask
    main.o(i.main) refers to tasks.o(i.vTaskStartScheduler) for vTaskStartScheduler
    system_stm32f10x.o(i.SetSysClock) refers to system_stm32f10x.o(i.SetSysClockTo72) for SetSysClockTo72
    system_stm32f10x.o(i.SystemInit) refers to system_stm32f10x.o(i.SetSysClock) for SetSysClock
    stm32f10x_it.o(i.SysTick_Handler) refers to port.o(i.xPortSysTickHandler) for xPortSysTickHandler
    startup_stm32f10x_cl.o(STACK) refers (Special) to heapauxi.o(.text) for __use_two_region_memory
    startup_stm32f10x_cl.o(HEAP) refers (Special) to heapauxi.o(.text) for __use_two_region_memory
    startup_stm32f10x_cl.o(RESET) refers (Special) to heapauxi.o(.text) for __use_two_region_memory
    startup_stm32f10x_cl.o(RESET) refers to startup_stm32f10x_cl.o(STACK) for __initial_sp
    startup_stm32f10x_cl.o(RESET) refers to startup_stm32f10x_cl.o(.text) for Reset_Handler
    startup_stm32f10x_cl.o(RESET) refers to stm32f10x_it.o(i.NMI_Handler) for NMI_Handler
    startup_stm32f10x_cl.o(RESET) refers to stm32f10x_it.o(i.HardFault_Handler) for HardFault_Handler
    startup_stm32f10x_cl.o(RESET) refers to stm32f10x_it.o(i.MemManage_Handler) for MemManage_Handler
    startup_stm32f10x_cl.o(RESET) refers to stm32f10x_it.o(i.BusFault_Handler) for BusFault_Handler
    startup_stm32f10x_cl.o(RESET) refers to stm32f10x_it.o(i.UsageFault_Handler) for UsageFault_Handler
    startup_stm32f10x_cl.o(RESET) refers to port.o(.emb_text) for SVC_Handler
    startup_stm32f10x_cl.o(RESET) refers to stm32f10x_it.o(i.DebugMon_Handler) for DebugMon_Handler
    startup_stm32f10x_cl.o(RESET) refers to stm32f10x_it.o(i.SysTick_Handler) for SysTick_Handler
    startup_stm32f10x_cl.o(RESET) refers to usart3.o(i.DMA1_Channel2_IRQHandler) for DMA1_Channel2_IRQHandler
    startup_stm32f10x_cl.o(RESET) refers to usart3.o(i.DMA1_Channel3_IRQHandler) for DMA1_Channel3_IRQHandler
    startup_stm32f10x_cl.o(RESET) refers to can1.o(i.CAN1_TX_IRQHandler) for CAN1_TX_IRQHandler
    startup_stm32f10x_cl.o(RESET) refers to can1.o(i.CAN1_RX0_IRQHandler) for CAN1_RX0_IRQHandler
    startup_stm32f10x_cl.o(RESET) refers to can1.o(i.CAN1_RX1_IRQHandler) for CAN1_RX1_IRQHandler
    startup_stm32f10x_cl.o(RESET) refers to tim.o(i.TIM4_IRQHandler) for TIM4_IRQHandler
    startup_stm32f10x_cl.o(RESET) refers to usart3.o(i.USART3_IRQHandler) for USART3_IRQHandler
    startup_stm32f10x_cl.o(RESET) refers to delay.o(i.TIM6_IRQHandler) for TIM6_IRQHandler
    startup_stm32f10x_cl.o(RESET) refers to delay.o(i.TIM7_IRQHandler) for TIM7_IRQHandler
    startup_stm32f10x_cl.o(RESET) refers to can2.o(i.CAN2_TX_IRQHandler) for CAN2_TX_IRQHandler
    startup_stm32f10x_cl.o(RESET) refers to can2.o(i.CAN2_RX0_IRQHandler) for CAN2_RX0_IRQHandler
    startup_stm32f10x_cl.o(RESET) refers to can2.o(i.CAN2_RX1_IRQHandler) for CAN2_RX1_IRQHandler
    startup_stm32f10x_cl.o(.text) refers (Special) to heapauxi.o(.text) for __use_two_region_memory
    startup_stm32f10x_cl.o(.text) refers to system_stm32f10x.o(i.SystemInit) for SystemInit
    startup_stm32f10x_cl.o(.text) refers to __main.o(!!!main) for __main
    startup_stm32f10x_cl.o(.text) refers to startup_stm32f10x_cl.o(HEAP) for Heap_Mem
    startup_stm32f10x_cl.o(.text) refers to startup_stm32f10x_cl.o(STACK) for Stack_Mem
    stm32f10x_adc.o(i.ADC_DeInit) refers to stm32f10x_rcc.o(i.RCC_APB2PeriphResetCmd) for RCC_APB2PeriphResetCmd
    stm32f10x_bkp.o(i.BKP_DeInit) refers to stm32f10x_rcc.o(i.RCC_BackupResetCmd) for RCC_BackupResetCmd
[...]
    i.RCC_APB2PeriphResetCmd                 0x080015ec   Section        0  stm32f10x_rcc.o(i.RCC_APB2PeriphResetCmd)
    i.RCC_GetClocksFreq                      0x0800160c   Section        0  stm32f10x_rcc.o(i.RCC_GetClocksFreq)
    i.SetSysClock                            0x08001798   Section        0  system_stm32f10x.o(i.SetSysClock)
    SetSysClock                              0x08001799   Thumb Code     8  system_stm32f10x.o(i.SetSysClock)
    i.SetSysClockTo72                        0x080017a0   Section        0  system_stm32f10x.o(i.SetSysClockTo72)
    SetSysClockTo72                          0x080017a1   Thumb Code   220  system_stm32f10x.o(i.SetSysClockTo72)
    i.Slave2Master                           0x08001884   Section        0  can1.o(i.Slave2Master)
    i.SysTick_Handler                        0x08001968   Section        0  stm32f10x_it.o(i.SysTick_Handler)
    i.SystemInit                             0x08001970   Section        0  system_stm32f10x.o(i.SystemInit)
    i.TIM3_PWM_Init                          0x080019c0   Section        0  tim2.o(i.TIM3_PWM_Init)
    i.TIM4_IRQHandler                        0x08001a60   Section        0  tim.o(i.TIM4_IRQHandler)
    i.TIM4_Init                              0x08001a88   Section        0  tim.o(i.TIM4_Init)
    i.TIM6_Configration                      0x08001ae8   Section        0  delay.o(i.TIM6_Configration)
    i.TIM6_IRQHandler                        0x08001b48   Section        0  delay.o(i.TIM6_IRQHandler)
    i.TIM7_Configration                      0x08001b74   Section        0  delay.o(i.TIM7_Configration)
    i.TIM7_IRQHandler                        0x08001bd0   Section        0  delay.o(i.TIM7_IRQHandler)
    i.TIM_ClearITPendingBit                  0x08001bfc   Section        0  stm32f10x_tim.o(i.TIM_ClearITPendingBit)
    i.TIM_Cmd                                0x08001c02   Section        0  stm32f10x_tim.o(i.TIM_Cmd)
    i.TIM_GetITStatus                        0x08001c1a   Section        0  stm32f10x_tim.o(i.TIM_GetITStatus)
    i.TIM_ITConfig                           0x08001c3c   Section        0  stm32f10x_tim.o(i.TIM_ITConfig)
    i.TIM_OC1Init                            0x08001c50   Section        0  stm32f10x_tim.o(i.TIM_OC1Init)
    i.TIM_OC1PreloadConfig                   0x08001ce8   Section        0  stm32f10x_tim.o(i.TIM_OC1PreloadConfig)
    i.TIM_OC2Init                            0x08001cfc   Section        0  stm32f10x_tim.o(i.TIM_OC2Init)
    i.TIM_OC2PreloadConfig                   0x08001da0   Section        0  stm32f10x_tim.o(i.TIM_OC2PreloadConfig)
    i.TIM_SetCompare1                        0x08001dba   Section        0  stm32f10x_tim.o(i.TIM_SetCompare1)
    i.TIM_SetCompare2                        0x08001dbe   Section        0  stm32f10x_tim.o(i.TIM_SetCompare2)
    i.TIM_TimeBaseInit                       0x08001dc4   Section        0  stm32f10x_tim.o(i.TIM_TimeBaseInit)
    i.USART3_IRQHandler                      0x08001e68   Section        0  usart3.o(i.USART3_IRQHandler)
    i.USART_Cmd                              0x08001f14   Section        0  stm32f10x_usart.o(i.USART_Cmd)
    i.USART_DMACmd                           0x08001f2c   Section        0  stm32f10x_usart.o(i.USART_DMACmd)
    i.USART_DeInit                           0x08001f40   Section        0  stm32f10x_usart.o(i.USART_DeInit)
    i.USART_GetITStatus                      0x08001fdc   Section        0  stm32f10x_usart.o(i.USART_GetITStatus)
    i.USART_ITConfig                         0x08002030   Section        0  stm32f10x_usart.o(i.USART_ITConfig)
    i.USART_Init                             0x0800207c   Section        0  stm32f10x_usart.o(i.USART_Init)
    i.UsageFault_Handler                     0x08002154   Section        0  stm32f10x_it.o(i.UsageFault_Handler)
    i.Verify_modbusCRC16_Check_Sum           0x08002158   Section        0  modbuscrc16.o(i.Verify_modbusCRC16_Check_Sum)
    i.ZeroCheck                              0x08002194   Section        0  zerocheck.o(i.ZeroCheck)
    i.ZeroCheck_Init                         0x0800222c   Section        0  zerocheck.o(i.ZeroCheck_Init)
    i.ZeroCheck_cal                          0x0800228c   Section        0  zerocheck.o(i.ZeroCheck_cal)
    i.autoExchange                           0x0800230c   Section        0  autoexectask.o(i.autoExchange)
    i.autoGetMineMidair                      0x08002450   Section        0  autoexectask.o(i.autoGetMineMidair)
    i.autoLargeIslandMine                    0x08002558   Section        0  autoexectask.o(i.autoLargeIslandMine)
    i.autoMineMidair                         0x08002684   Section        0  autoexectask.o(i.autoMineMidair)
    i.autoModeDelay_ms                       0x08002754   Section        0  autoexectask.o(i.autoModeDelay_ms)
    i.autoResetSoftware                      0x08002788   Section        0  autoexectask.o(i.autoResetSoftware)
    i.autoSmallIslandMine                    0x08002888   Section        0  autoexectask.o(i.autoSmallIslandMine)
    i.autoexec                               0x080029fc   Section        0  autoexectask.o(i.autoexec)
    i.autoexecTask                           0x08002b48   Section        0  autoexectask.o(i.autoexecTask)
    i.can2Config                             0x08002b64   Section        0  can2.o(i.can2Config)
    i.changeBaudRate                         0x08002cc8   Section        0  usart3.o(i.changeBaudRate)
    i.clampAngleSend                         0x08002e94   Section        0  clampangletask.o(i.clampAngleSend)
    i.clampAngleSendTask                     0x08002ef0   Section        0  clampangletask.o(i.clampAngleSendTask)
    i.crc16table                             0x08002fec   Section        0  modbuscrc16.o(i.crc16table)
    i.delay_ms                               0x08003024   Section        0  delay.o(i.delay_ms)
    i.flagInit                               0x08003050   Section        0  main.o(i.flagInit)
    i.flagModeSwitch                         0x08003084   Section        0  statetask.o(i.flagModeSwitch)
    i.gpioConfig                             0x08003188   Section        0  main.o(i.gpioConfig)
    i.main                                   0x08003268   Section        0  main.o(i.main)
    i.modeInit                               0x0800328c   Section        0  statetask.o(i.modeInit)
    i.modeSwitch                             0x0800329c   Section        0  statetask.o(i.modeSwitch)
    i.modeSwitchTask                         0x08003388   Section        0  statetask.o(i.modeSwitchTask)
    i.motorCurrentSend                       0x080033b4   Section        0  can2.o(i.motorCurrentSend)
    i.motorRotate                            0x0800345c   Section        0  rotatetask.o(i.motorRotate)
    i.motor_cal_task                         0x080034f4   Section        0  motortask.o(i.motor_cal_task)
    i.motor_lift_task                        0x08003794   Section        0  lifttask.o(i.motor_lift_task)
    i.prvAddCurrentTaskToDelayedList         0x08003974   Section        0  tasks.o(i.prvAddCurrentTaskToDelayedList)
    prvAddCurrentTaskToDelayedList           0x08003975   Thumb Code   124  tasks.o(i.prvAddCurrentTaskToDelayedList)
    i.prvAddNewTaskToReadyList               0x08003a0c   Section        0  tasks.o(i.prvAddNewTaskToReadyList)
    prvAddNewTaskToReadyList                 0x08003a0d   Thumb Code   156  tasks.o(i.prvAddNewTaskToReadyList)
    i.prvCheckTasksWaitingTermination        0x08003ac4   Section        0  tasks.o(i.prvCheckTasksWaitingTermination)
    prvCheckTasksWaitingTermination          0x08003ac5   Thumb Code    86  tasks.o(i.prvCheckTasksWaitingTermination)
    i.prvDeleteTCB                           0x08003b28   Section        0  tasks.o(i.prvDeleteTCB)
    prvDeleteTCB                             0x08003b29   Thumb Code    18  tasks.o(i.prvDeleteTCB)
    i.prvHeapInit                            0x08003b3c   Section        0  heap_4.o(i.prvHeapInit)
    prvHeapInit                              0x08003b3d   Thumb Code    98  heap_4.o(i.prvHeapInit)
    i.prvIdleTask                            0x08003bb8   Section        0  tasks.o(i.prvIdleTask)
    prvIdleTask                              0x08003bb9   Thumb Code    32  tasks.o(i.prvIdleTask)
    i.prvInitialiseNewTask                   0x08003be0   Section        0  tasks.o(i.prvInitialiseNewTask)
    prvInitialiseNewTask                     0x08003be1   Thumb Code   144  tasks.o(i.prvInitialiseNewTask)
    i.prvInitialiseTaskLists                 0x08003c70   Section        0  tasks.o(i.prvInitialiseTaskLists)
    prvInitialiseTaskLists                   0x08003c71   Thumb Code    70  tasks.o(i.prvInitialiseTaskLists)
    i.prvInsertBlockIntoFreeList             0x08003cd8   Section        0  heap_4.o(i.prvInsertBlockIntoFreeList)
    prvInsertBlockIntoFreeList               0x08003cd9   Thumb Code    96  heap_4.o(i.prvInsertBlockIntoFreeList)
    i.prvResetNextTaskUnblockTime            0x08003d40   Section        0  tasks.o(i.prvResetNextTaskUnblockTime)
    prvResetNextTaskUnblockTime              0x08003d41   Thumb Code    42  tasks.o(i.prvResetNextTaskUnblockTime)
    i.prvTaskCheckFreeStackSpace             0x08003d74   Section        0  tasks.o(i.prvTaskCheckFreeStackSpace)
    prvTaskCheckFreeStackSpace               0x08003d75   Thumb Code    22  tasks.o(i.prvTaskCheckFreeStackSpace)
    i.prvTaskExitError                       0x08003d8a   Section        0  port.o(i.prvTaskExitError)
    prvTaskExitError                         0x08003d8b   Thumb Code    22  port.o(i.prvTaskExitError)
    i.pvPortMalloc                           0x08003da0   Section        0  heap_4.o(i.pvPortMalloc)
    i.pxPortInitialiseStack                  0x08003e70   Section        0  port.o(i.pxPortInitialiseStack)
    i.rotate_Task                            0x08003e94   Section        0  rotatetask.o(i.rotate_Task)
    i.startTask                              0x08003eb0   Section        0  starttask.o(i.startTask)
    i.start_task                             0x08003edc   Section        0  starttask.o(i.start_task)
    i.uxListRemove                           0x08004028   Section        0  list.o(i.uxListRemove)
    i.uxTaskGetStackHighWaterMark            0x08004050   Section        0  tasks.o(i.uxTaskGetStackHighWaterMark)
    i.vListInitialise                        0x08004078   Section        0  list.o(i.vListInitialise)
    i.vListInitialiseItem                    0x08004092   Section        0  list.o(i.vListInitialiseItem)
    i.vListInsert                            0x08004098   Section        0  list.o(i.vListInsert)
    i.vListInsertEnd                         0x080040cc   Section        0  list.o(i.vListInsertEnd)
    i.vPortEnterCritical                     0x080040e4   Section        0  port.o(i.vPortEnterCritical)
    i.vPortExitCritical                      0x08004108   Section        0  port.o(i.vPortExitCritical)
    i.vPortFree                              0x08004128   Section        0  heap_4.o(i.vPortFree)
    i.vPortSetupTimerInterrupt               0x08004170   Section        0  port.o(i.vPortSetupTimerInterrupt)
    i.vTaskDelay                             0x08004190   Section        0  tasks.o(i.vTaskDelay)
    i.vTaskDelayUntil                        0x080041c4   Section        0  tasks.o(i.vTaskDelayUntil)
    i.vTaskDelete                            0x08004238   Section        0  tasks.o(i.vTaskDelete)
    i.vTaskStartScheduler                    0x08004304   Section        0  tasks.o(i.vTaskStartScheduler)
    i.vTaskSuspendAll                        0x08004370   Section        0  tasks.o(i.vTaskSuspendAll)
    i.vTaskSwitchContext                     0x08004380   Section        0  tasks.o(i.vTaskSwitchContext)
    i.xPortStartScheduler                    0x08004420   Section        0  port.o(i.xPortStartScheduler)
    i.xPortSysTickHandler                    0x08004454   Section        0  port.o(i.xPortSysTickHandler)
    i.xTaskCreate                            0x08004488   Section        0  tasks.o(i.xTaskCreate)
    i.xTaskGetTickCount                      0x080044e8   Section        0  tasks.o(i.xTaskGetTickCount)
    i.xTaskIncrementTick                     0x080044f4   Section        0  tasks.o(i.xTaskIncrementTick)
    i.xTaskResumeAll                         0x08004610   Section        0  tasks.o(i.xTaskResumeAll)
    x$fpl$fadd                               0x080046f8   Section      196  faddsub_clz.o(x$fpl$fadd)
    _fadd1                                   0x08004707   Thumb Code     0  faddsub_clz.o(x$fpl$fadd)
    x$fpl$fcmpinf                            0x080047bc   Section       24  fcmpi.o(x$fpl$fcmpinf)
    x$fpl$fdiv                               0x080047d4   Section      388  fdiv.o(x$fpl$fdiv)
    _fdiv1                                   0x080047d5   Thumb Code     0  fdiv.o(x$fpl$fdiv)
    x$fpl$ffix                               0x08004958   Section       54  ffix.o(x$fpl$ffix)
    x$fpl$fflt                               0x08004990   Section       48  fflt_clz.o(x$fpl$fflt)
    x$fpl$fleqf                              0x080049c0   Section      104  fleqf.o(x$fpl$fleqf)
    x$fpl$fmul                               0x08004a28   Section      258  fmul.o(x$fpl$fmul)
    x$fpl$fnaninf                            0x08004b2a   Section      140  fnaninf.o(x$fpl$fnaninf)
    x$fpl$fretinf                            0x08004bb6   Section       10  fretinf.o(x$fpl$fretinf)
    x$fpl$frleqf                             0x08004bc0   Section       98  frleqf.o(x$fpl$frleqf)
    x$fpl$frsb                               0x08004c22   Section       20  faddsub_clz.o(x$fpl$frsb)
    x$fpl$fsub                               0x08004c38   Section      234  faddsub_clz.o(x$fpl$fsub)
    _fsub1                                   0x08004c47   Thumb Code     0  faddsub_clz.o(x$fpl$fsub)
    x$fpl$usenofp                            0x08004d22   Section        0  usenofp.o(x$fpl$usenofp)
    .constdata                               0x08004d24   Section       20  system_stm32f10x.o(.constdata)
    .constdata                               0x08004d38   Section      546  modbuscrc16.o(.constdata)
    .data                                    0x20000000   Section       20  stm32f10x_rcc.o(.data)
    APBAHBPrescTable                         0x20000000   Data          16  stm32f10x_rcc.o(.data)
    ADCPrescTable                            0x20000010   Data           4  stm32f10x_rcc.o(.data)
    .data                                    0x20000014   Section       30  can1.o(.data)
    .data                                    0x20000034   Section        8  delay.o(.data)
    .data                                    0x2000003c   Section        4  tim.o(.data)
    .data                                    0x20000040   Section        4  tim2.o(.data)
    .data                                    0x20000044   Section        8  usart3.o(.data)
    .data                                    0x2000004c   Section       28  zerocheck.o(.data)
    .data                                    0x20000068   Section       32  autoexectask.o(.data)
    .data                                    0x20000088   Section        8  clampangletask.o(.data)
    .data                                    0x20000090   Section       28  lifttask.o(.data)
    .data                                    0x200000ac   Section       48  motortask.o(.data)
    .data                                    0x200000dc   Section        8  rotatetask.o(.data)
    .data                                    0x200000e4   Section       36  starttask.o(.data)
    StartTask_Handler                        0x200000e8   Data           4  starttask.o(.data)
    CPUTask_Handler                          0x200000ec   Data           4  starttask.o(.data)
    modeSwitchTask_Handler                   0x200000f0   Data           4  starttask.o(.data)
    autoexecTask_Handler                     0x200000f4   Data           4  starttask.o(.data)
    ClampAngleTask_Handler                   0x200000f8   Data           4  starttask.o(.data)
    MOTOR_TASK_Handler                       0x200000fc   Data           4  starttask.o(.data)
    LIFT_TASK_Handler                        0x20000100   Data           4  starttask.o(.data)
    ROTATE_TASK_Handler                      0x20000104   Data           4  starttask.o(.data)
    .data                                    0x20000108   Section        4  statetask.o(.data)
    .data                                    0x2000010c   Section       68  tasks.o(.data)
    pxDelayedTaskList                        0x20000110   Data           4  tasks.o(.data)
    pxOverflowDelayedTaskList                0x20000114   Data           4  tasks.o(.data)
    uxDeletedTasksWaitingCleanUp             0x20000118   Data           4  tasks.o(.data)
    uxCurrentNumberOfTasks                   0x2000011c   Data           4  tasks.o(.data)
    xTickCount                               0x20000120   Data           4  tasks.o(.data)
    uxTopReadyPriority                       0x20000124   Data           4  tasks.o(.data)
    xSchedulerRunning                        0x20000128   Data           4  tasks.o(.data)
    uxPendedTicks                            0x2000012c   Data           4  tasks.o(.data)
    xYieldPending                            0x20000130   Data           4  tasks.o(.data)
    xNumOfOverflows                          0x20000134   Data           4  tasks.o(.data)
    uxTaskNumber                             0x20000138   Data           4  tasks.o(.data)
    xNextTaskUnblockTime                     0x2000013c   Data           4  tasks.o(.data)
    xIdleTaskHandle                          0x20000140   Data           4  tasks.o(.data)
    uxSchedulerSuspended                     0x20000144   Data           4  tasks.o(.data)
    ulTaskSwitchedInTime                     0x20000148   Data           4  tasks.o(.data)
    ulTotalRunTime                           0x2000014c   Data           4  tasks.o(.data)
    .data                                    0x20000150   Section       24  heap_4.o(.data)
    xStart                                   0x20000150   Data           8  heap_4.o(.data)
    pxEnd                                    0x20000158   Data           4  heap_4.o(.data)
    xFreeBytesRemaining                      0x2000015c   Data           4  heap_4.o(.data)
    xMinimumEverFreeBytesRemaining           0x20000160   Data           4  heap_4.o(.data)
    xBlockAllocatedBit                       0x20000164   Data           4  heap_4.o(.data)
    .data                                    0x20000168   Section        4  port.o(.data)
    uxCriticalNesting                        0x20000168   Data           4  port.o(.data)
    .bss                                     0x2000016c   Section       18  main.o(.bss)
    .bss                                     0x20000180   Section       91  usart3.o(.bss)
    .bss                                     0x200001dc   Section       60  zerocheck.o(.bss)
    .bss                                     0x20000218   Section       80  can2.o(.bss)
    .bss                                     0x20000268   Section      288  motortask.o(.bss)
    .bss                                     0x20000388   Section      740  tasks.o(.bss)
    pxReadyTasksLists                        0x20000388   Data         640  tasks.o(.bss)
    xDelayedTaskList1                        0x20000608   Data          20  tasks.o(.bss)
    xDelayedTaskList2                        0x2000061c   Data          20  tasks.o(.bss)
    xPendingReadyList                        0x20000630   Data          20  tasks.o(.bss)
    xTasksWaitingTermination                 0x20000644   Data          20  tasks.o(.bss)
    xSuspendedTaskList                       0x20000658   Data          20  tasks.o(.bss)
    .bss                                     0x2000066c   Section    17408  heap_4.o(.bss)
    ucHeap                                   0x2000066c   Data       17408  heap_4.o(.bss)
    .bss                                     0x20004a6c   Section       96  libspace.o(.bss)
    HEAP                                     0x20004ad0   Section      512  startup_stm32f10x_cl.o(HEAP)
    Heap_Mem                                 0x20004ad0   Data         512  startup_stm32f10x_cl.o(HEAP)
    STACK                                    0x20004cd0   Section     1024  startup_stm32f10x_cl.o(STACK)
    Stack_Mem                                0x20004cd0   Data        1024  startup_stm32f10x_cl.o(STACK)
    __initial_sp                             0x200050d0   Data           0  startup_stm32f10x_cl.o(STACK)

    Global Symbols

    Symbol Name                              Value     Ov Type        Size  Object(Section)

    BuildAttributes$$THM_ISAv4$P$D$K$B$S$PE$A:L22UL41UL21$X:L11$S22US41US21$IEEE1$IW$USESV6$~STKCKD$USESV7$~SHL$OSPACE$ROPI$EBA8$UX$STANDARDLIB$REQ8$PRES8$EABIv2 0x00000000   Number         0  anon$$obj.o ABSOLUTE
    __ARM_use_no_argv                        0x00000000   Number         0  main.o ABSOLUTE
    __ARM_exceptions_init                     - Undefined Weak Reference
    __alloca_initialize                       - Undefined Weak Reference
    __arm_preinit_                            - Undefined Weak Reference
    __cpp_initialize__aeabi_                  - Undefined Weak Reference
    __cxa_finalize                            - Undefined Weak Reference
    __rt_locale                               - Undefined Weak Reference
    __sigvec_lookup                           - Undefined Weak Reference
    _atexit_init                              - Undefined Weak Reference
    _call_atexit_fns                          - Undefined Weak Reference
    _clock_init                               - Undefined Weak Reference
    _fp_trap_init                             - Undefined Weak Reference
    _fp_trap_shutdown                         - Undefined Weak Reference
    _get_lc_collate                           - Undefined Weak Reference
    _get_lc_ctype                             - Undefined Weak Reference
    _get_lc_monetary                          - Undefined Weak Reference
    _get_lc_numeric                           - Undefined Weak Reference
    _get_lc_time                              - Undefined Weak Reference
    _getenv_init                              - Undefined Weak Reference
    _handle_redirection                       - Undefined Weak Reference
    _init_alloc                               - Undefined Weak Reference
    _init_user_alloc                          - Undefined Weak Reference
    _initio                                   - Undefined Weak Reference
    _printf_mbtowc                            - Undefined Weak Reference
    _printf_post_padding                      - Undefined Weak Reference
    _printf_pre_padding                       - Undefined Weak Reference
    _printf_truncate_signed                   - Undefined Weak Reference
    _printf_truncate_unsigned                 - Undefined Weak Reference
    _rand_init                                - Undefined Weak Reference
    _signal_finish                            - Undefined Weak Reference
    _signal_init                              - Undefined Weak Reference
    _terminate_alloc                          - Undefined Weak Reference
    _terminate_user_alloc                     - Undefined Weak Reference
    _terminateio                              - Undefined Weak Reference
    __Vectors_Size                           0x00000150   Number         0  startup_stm32f10x_cl.o ABSOLUTE
    __Vectors                                0x08000000   Data           4  startup_stm32f10x_cl.o(RESET)
    __Vectors_End                            0x08000150   Data           0  startup_stm32f10x_cl.o(RESET)
    __main                                   0x08000151   Thumb Code     8  __main.o(!!!main)
    __scatterload                            0x08000159   Thumb Code     0  __scatter.o(!!!scatter)
    __scatterload_rt2                        0x08000159   Thumb Code    44  __scatter.o(!!!scatter)
    __scatterload_rt2_thumb_only             0x08000159   Thumb Code     0  __scatter.o(!!!scatter)
    __scatterload_null                       0x08000167   Thumb Code     0  __scatter.o(!!!scatter)
    __decompress                             0x0800018d   Thumb Code    90  __dczerorl2.o(!!dczerorl2)
    __decompress1                            0x0800018d   Thumb Code     0  __dczerorl2.o(!!dczerorl2)
    __scatterload_zeroinit                   0x080001e9   Thumb Code    28  __scatter_zi.o(!!handler_zi)
    __rt_lib_init                            0x08000205   Thumb Code     0  libinit.o(.ARM.Collect$$libinit$$00000000)
    __rt_lib_init_alloca_1                   0x08000207   Thumb Code     0  libinit2.o(.ARM.Collect$$libinit$$0000002E)
    __rt_lib_init_argv_1                     0x08000207   Thumb Code     0  libinit2.o(.ARM.Collect$$libinit$$0000002C)
    __rt_lib_init_atexit_1                   0x08000207   Thumb Code     0  libinit2.o(.ARM.Collect$$libinit$$0000001B)
    __rt_lib_init_clock_1                    0x08000207   Thumb Code     0  libinit2.o(.ARM.Collect$$libinit$$00000021)
    __rt_lib_init_cpp_1                      0x08000207   Thumb Code     0  libinit2.o(.ARM.Collect$$libinit$$00000032)
    __rt_lib_init_exceptions_1               0x08000207   Thumb Code     0  libinit2.o(.ARM.Collect$$libinit$$00000030)
    __rt_lib_init_fp_1                       0x08000207   Thumb Code     0  libinit2.o(.ARM.Collect$$libinit$$00000002)
    __rt_lib_init_fp_trap_1                  0x08000207   Thumb Code     0  libinit2.o(.ARM.Collect$$libinit$$0000001F)
    __rt_lib_init_getenv_1                   0x08000207   Thumb Code     0  libinit2.o(.ARM.Collect$$libinit$$00000023)
    __rt_lib_init_heap_1                     0x08000207   Thumb Code     0  libinit2.o(.ARM.Collect$$libinit$$0000000A)
    __rt_lib_init_lc_collate_1               0x08000207   Thumb Code     0  libinit2.o(.ARM.Collect$$libinit$$00000011)
    __rt_lib_init_lc_ctype_1                 0x08000207   Thumb Code     0  libinit2.o(.ARM.Collect$$libinit$$00000013)
    __rt_lib_init_lc_monetary_1              0x08000207   Thumb Code     0  libinit2.o(.ARM.Collect$$libinit$$00000015)
    __rt_lib_init_lc_numeric_1               0x08000207   Thumb Code     0  libinit2.o(.ARM.Collect$$libinit$$00000017)
    __rt_lib_init_lc_time_1                  0x08000207   Thumb Code     0  libinit2.o(.ARM.Collect$$libinit$$00000019)
    __rt_lib_init_preinit_1                  0x08000207   Thumb Code     0  libinit2.o(.ARM.Collect$$libinit$$00000004)
    __rt_lib_init_rand_1                     0x08000207   Thumb Code     0  libinit2.o(.ARM.Collect$$libinit$$0000000E)
    __rt_lib_init_return                     0x08000207   Thumb Code     0  libinit2.o(.ARM.Collect$$libinit$$00000033)
    __rt_lib_init_signal_1                   0x08000207   Thumb Code     0  libinit2.o(.ARM.Collect$$libinit$$0000001D)
    __rt_lib_init_stdio_1                    0x08000207   Thumb Code     0  libinit2.o(.ARM.Collect$$libinit$$00000025)
    __rt_lib_init_user_alloc_1               0x08000207   Thumb Code     0  libinit2.o(.ARM.Collect$$libinit$$0000000C)
    __rt_lib_shutdown                        0x08000209   Thumb Code     0  libshutdown.o(.ARM.Collect$$libshutdown$$00000000)
    __rt_lib_shutdown_fp_trap_1              0x0800020b   Thumb Code     0  libshutdown2.o(.ARM.Collect$$libshutdown$$00000006)
    __rt_lib_shutdown_heap_1                 0x0800020b   Thumb Code     0  libshutdown2.o(.ARM.Collect$$libshutdown$$0000000E)
    __rt_lib_shutdown_return                 0x0800020b   Thumb Code     0  libshutdown2.o(.ARM.Collect$$libshutdown$$0000000F)
    __rt_lib_shutdown_signal_1               0x0800020b   Thumb Code     0  libshutdown2.o(.ARM.Collect$$libshutdown$$00000009)
    __rt_lib_shutdown_stdio_1                0x0800020b   Thumb Code     0  libshutdown2.o(.ARM.Collect$$libshutdown$$00000003)
    __rt_lib_shutdown_user_alloc_1           0x0800020b   Thumb Code     0  libshutdown2.o(.ARM.Collect$$libshutdown$$0000000B)
    __rt_entry                               0x0800020d   Thumb Code     0  __rtentry.o(.ARM.Collect$$rtentry$$00000000)
    __rt_entry_presh_1                       0x0800020d   Thumb Code     0  __rtentry2.o(.ARM.Collect$$rtentry$$00000002)
    __rt_entry_sh                            0x0800020d   Thumb Code     0  __rtentry4.o(.ARM.Collect$$rtentry$$00000004)
    __rt_entry_li                            0x08000213   Thumb Code     0  __rtentry2.o(.ARM.Collect$$rtentry$$0000000A)
    __rt_entry_postsh_1                      0x08000213   Thumb Code     0  __rtentry2.o(.ARM.Collect$$rtentry$$00000009)
    __rt_entry_main                          0x08000217   Thumb Code     0  __rtentry2.o(.ARM.Collect$$rtentry$$0000000D)
    __rt_entry_postli_1                      0x08000217   Thumb Code     0  __rtentry2.o(.ARM.Collect$$rtentry$$0000000C)
    __rt_exit                                0x0800021f   Thumb Code     0  rtexit.o(.ARM.Collect$$rtexit$$00000000)
    __rt_exit_ls                             0x08000221   Thumb Code     0  rtexit2.o(.ARM.Collect$$rtexit$$00000003)
    __rt_exit_prels_1                        0x08000221   Thumb Code     0  rtexit2.o(.ARM.Collect$$rtexit$$00000002)
    __rt_exit_exit                           0x08000225   Thumb Code     0  rtexit2.o(.ARM.Collect$$rtexit$$00000004)
    SVC_Handler                              0x0800022d   Thumb Code    32  port.o(.emb_text)
    __asm___6_port_c_39a90d8d__prvStartFirstTask 0x08000251   Thumb Code    28  port.o(.emb_text)
    PendSV_Handler                           0x08000271   Thumb Code    72  port.o(.emb_text)
    vPortGetIPSR                             0x080002bd   Thumb Code     6  port.o(.emb_text)
    Reset_Handler                            0x080002c5   Thumb Code     8  startup_stm32f10x_cl.o(.text)
    ADC1_2_IRQHandler                        0x080002df   Thumb Code     0  startup_stm32f10x_cl.o(.text)
    CAN1_SCE_IRQHandler                      0x080002df   Thumb Code     0  startup_stm32f10x_cl.o(.text)
    CAN2_SCE_IRQHandler                      0x080002df   Thumb Code     0  startup_stm32f10x_cl.o(.text)
    DMA1_Channel1_IRQHandler                 0x080002df   Thumb Code     0  startup_stm32f10x_cl.o(.text)
    DMA1_Channel4_IRQHandler                 0x080002df   Thumb Code     0  startup_stm32f10x_cl.o(.text)
    DMA1_Channel5_IRQHandler                 0x080002df   Thumb Code     0  startup_stm32f10x_cl.o(.text)
    DMA1_Channel6_IRQHandler                 0x080002df   Thumb Code     0  startup_stm32f10x_cl.o(.text)
    DMA1_Channel7_IRQHandler                 0x080002df   Thumb Code     0  startup_stm32f10x_cl.o(.text)
    DMA2_Channel1_IRQHandler                 0x080002df   Thumb Code     0  startup_stm32f10x_cl.o(.text)
    DMA2_Channel2_IRQHandler                 0x080002df   Thumb Code     0  startup_stm32f10x_cl.o(.text)
    DMA2_Channel3_IRQHandler                 0x080002df   Thumb Code     0  startup_stm32f10x_cl.o(.text)
    DMA2_Channel4_IRQHandler                 0x080002df   Thumb Code     0  startup_stm32f10x_cl.o(.text)
    DMA2_Channel5_IRQHandler                 0x080002df   Thumb Code     0  startup_stm32f10x_cl.o(.text)
    ETH_IRQHandler                           0x080002df   Thumb Code     0  startup_stm32f10x_cl.o(.text)
    ETH_WKUP_IRQHandler                      0x080002df   Thumb Code     0  startup_stm32f10x_cl.o(.text)
    EXTI0_IRQHandler                         0x080002df   Thumb Code     0  startup_stm32f10x_cl.o(.text)
    EXTI15_10_IRQHandler                     0x080002df   Thumb Code     0  startup_stm32f10x_cl.o(.text)
    EXTI1_IRQHandler                         0x080002df   Thumb Code     0  startup_stm32f10x_cl.o(.text)
    EXTI2_IRQHandler                         0x080002df   Thumb Code     0  startup_stm32f10x_cl.o(.text)
    EXTI3_IRQHandler                         0x080002df   Thumb Code     0  startup_stm32f10x_cl.o(.text)
    EXTI4_IRQHandler                         0x080002df   Thumb Code     0  startup_stm32f10x_cl.o(.text)
    EXTI9_5_IRQHandler                       0x080002df   Thumb Code     0  startup_stm32f10x_cl.o(.text)
    FLASH_IRQHandler                         0x080002df   Thumb Code     0  startup_stm32f10x_cl.o(.text)
    I2C1_ER_IRQHandler                       0x080002df   Thumb Code     0  startup_stm32f10x_cl.o(.text)
    I2C1_EV_IRQHandler                       0x080002df   Thumb Code     0  startup_stm32f10x_cl.o(.text)
    I2C2_ER_IRQHandler                       0x080002df   Thumb Code     0  startup_stm32f10x_cl.o(.text)
    I2C2_EV_IRQHandler                       0x080002df   Thumb Code     0  startup_stm32f10x_cl.o(.text)
    OTG_FS_IRQHandler                        0x080002df   Thumb Code     0  startup_stm32f10x_cl.o(.text)
    OTG_FS_WKUP_IRQHandler                   0x080002df   Thumb Code     0  startup_stm32f10x_cl.o(.text)
    PVD_IRQHandler                           0x080002df   Thumb Code     0  startup_stm32f10x_cl.o(.text)
    RCC_IRQHandler                           0x080002df   Thumb Code     0  startup_stm32f10x_cl.o(.text)
    RTCAlarm_IRQHandler                      0x080002df   Thumb Code     0  startup_stm32f10x_cl.o(.text)
    RTC_IRQHandler                           0x080002df   Thumb Code     0  startup_stm32f10x_cl.o(.text)
    SPI1_IRQHandler                          0x080002df   Thumb Code     0  startup_stm32f10x_cl.o(.text)
    SPI2_IRQHandler                          0x080002df   Thumb Code     0  startup_stm32f10x_cl.o(.text)
    SPI3_IRQHandler                          0x080002df   Thumb Code     0  startup_stm32f10x_cl.o(.text)
    TAMPER_IRQHandler                        0x080002df   Thumb Code     0  startup_stm32f10x_cl.o(.text)
    TIM1_BRK_IRQHandler                      0x080002df   Thumb Code     0  startup_stm32f10x_cl.o(.text)
    TIM1_CC_IRQHandler                       0x080002df   Thumb Code     0  startup_stm32f10x_cl.o(.text)
    TIM1_TRG_COM_IRQHandler                  0x080002df   Thumb Code     0  startup_stm32f10x_cl.o(.text)
    TIM1_UP_IRQHandler                       0x080002df   Thumb Code     0  startup_stm32f10x_cl.o(.text)
    TIM2_IRQHandler                          0x080002df   Thumb Code     0  startup_stm32f10x_cl.o(.text)
    TIM3_IRQHandler                          0x080002df   Thumb Code     0  startup_stm32f10x_cl.o(.text)
    TIM5_IRQHandler                          0x080002df   Thumb Code     0  startup_stm32f10x_cl.o(.text)
    UART4_IRQHandler                         0x080002df   Thumb Code     0  startup_stm32f10x_cl.o(.text)
    UART5_IRQHandler                         0x080002df   Thumb Code     0  startup_stm32f10x_cl.o(.text)
    USART1_IRQHandler                        0x080002df   Thumb Code     0  startup_stm32f10x_cl.o(.text)
    USART2_IRQHandler                        0x080002df   Thumb Code     0  startup_stm32f10x_cl.o(.text)
    WWDG_IRQHandler                          0x080002df   Thumb Code     0  startup_stm32f10x_cl.o(.text)
    __user_initial_stackheap                 0x080002e1   Thumb Code     0  startup_stm32f10x_cl.o(.text)
    __aeabi_memset                           0x08000305   Thumb Code    16  aeabi_memset.o(.text)
    __use_two_region_memory                  0x08000315   Thumb Code     2  heapauxi.o(.text)
    __rt_heap_escrow$2region                 0x08000317   Thumb Code     2  heapauxi.o(.text)
    __rt_heap_expand$2region                 0x08000319   Thumb Code     2  heapauxi.o(.text)
    __aeabi_memclr                           0x0800031b   Thumb Code     0  rt_memclr.o(.text)
    __rt_memclr                              0x0800031b   Thumb Code    68  rt_memclr.o(.text)
    _memset                                  0x0800031f   Thumb Code     0  rt_memclr.o(.text)
    __aeabi_memclr4                          0x0800035f   Thumb Code     0  rt_memclr_w.o(.text)
    __aeabi_memclr8                          0x0800035f   Thumb Code     0  rt_memclr_w.o(.text)
    __rt_memclr_w                            0x0800035f   Thumb Code    78  rt_memclr_w.o(.text)
    _memset_w                                0x08000363   Thumb Code     0  rt_memclr_w.o(.text)
    __user_setup_stackheap                   0x080003ad   Thumb Code    74  sys_stackheap_outer.o(.text)
    exit                                     0x080003f7   Thumb Code    12  exit.o(.text)
    __user_libspace                          0x08000405   Thumb Code     8  libspace.o(.text)
    __user_perproc_libspace                  0x08000405   Thumb Code     0  libspace.o(.text)
    __user_perthread_libspace                0x08000405   Thumb Code     0  libspace.o(.text)
    _sys_exit                                0x0800040d   Thumb Code     8  sys_exit.o(.text)
    __I$use$semihosting                      0x08000419   Thumb Code     0  use_no_semi.o(.text)
    __use_no_semihosting_swi                 0x08000419   Thumb Code     2  use_no_semi.o(.text)
    BSP_init                                 0x0800041b   Thumb Code    40  main.o(i.BSP_init)
    __semihosting_library_function           0x0800041b   Thumb Code     0  indicate_semi.o(.text)
    BusFault_Handler                         0x08000443   Thumb Code     4  stm32f10x_it.o(i.BusFault_Handler)
    CAN1_Config                              0x08000449   Thumb Code   334  can1.o(i.CAN1_Config)
    CAN1_RX0_IRQHandler                      0x080005a1   Thumb Code   108  can1.o(i.CAN1_RX0_IRQHandler)
    CAN1_RX1_IRQHandler                      0x08000619   Thumb Code    42  can1.o(i.CAN1_RX1_IRQHandler)
    CAN1_TX_IRQHandler                       0x08000649   Thumb Code    22  can1.o(i.CAN1_TX_IRQHandler)
    CAN2_RX0_IRQHandler                      0x08000665   Thumb Code   210  can2.o(i.CAN2_RX0_IRQHandler)
    CAN2_RX1_IRQHandler                      0x08000745   Thumb Code    42  can2.o(i.CAN2_RX1_IRQHandler)
    CAN2_TX_IRQHandler                       0x08000775   Thumb Code    22  can2.o(i.CAN2_TX_IRQHandler)
    CAN_ClearITPendingBit                    0x08000791   Thumb Code   162  stm32f10x_can.o(i.CAN_ClearITPendingBit)
    CAN_DeInit                               0x08000839   Thumb Code    50  stm32f10x_can.o(i.CAN_DeInit)
    CAN_FilterInit                           0x08000871   Thumb Code   258  stm32f10x_can.o(i.CAN_FilterInit)
    CAN_GetITStatus                          0x08000979   Thumb Code   284  stm32f10x_can.o(i.CAN_GetITStatus)
    CAN_ITConfig                             0x08000a99   Thumb Code    18  stm32f10x_can.o(i.CAN_ITConfig)
    CAN_Init                                 0x08000aab   Thumb Code   276  stm32f10x_can.o(i.CAN_Init)
    CAN_Receive                              0x08000bbf   Thumb Code   240  stm32f10x_can.o(i.CAN_Receive)
    CAN_StructInit                           0x08000caf   Thumb Code    32  stm32f10x_can.o(i.CAN_StructInit)
    CAN_Transmit                             0x08000ccf   Thumb Code   294  stm32f10x_can.o(i.CAN_Transmit)
    CPU_task                                 0x08000df5   Thumb Code    22  starttask.o(i.CPU_task)
    CameraSteeringEngine_Set                 0x08000e11   Thumb Code    86  tim2.o(i.CameraSteeringEngine_Set)
    DMA1_Channel2_IRQHandler                 0x08000e8d   Thumb Code    32  usart3.o(i.DMA1_Channel2_IRQHandler)
    DMA1_Channel3_IRQHandler                 0x08000eb1   Thumb Code    22  usart3.o(i.DMA1_Channel3_IRQHandler)
    DMA_ClearFlag                            0x08000ec9   Thumb Code    18  stm32f10x_dma.o(i.DMA_ClearFlag)
    DMA_ClearITPendingBit                    0x08000ee5   Thumb Code    18  stm32f10x_dma.o(i.DMA_ClearITPendingBit)
    DMA_Cmd                                  0x08000f01   Thumb Code    24  stm32f10x_dma.o(i.DMA_Cmd)
    DMA_DeInit                               0x08000f19   Thumb Code   324  stm32f10x_dma.o(i.DMA_DeInit)
    DMA_GetCurrDataCounter                   0x08001065   Thumb Code     8  stm32f10x_dma.o(i.DMA_GetCurrDataCounter)
    DMA_GetFlagStatus                        0x0800106d   Thumb Code    36  stm32f10x_dma.o(i.DMA_GetFlagStatus)
    DMA_GetITStatus                          0x08001099   Thumb Code    36  stm32f10x_dma.o(i.DMA_GetITStatus)
    DMA_ITConfig                             0x080010c5   Thumb Code    18  stm32f10x_dma.o(i.DMA_ITConfig)
    DMA_Init                                 0x080010d7   Thumb Code    60  stm32f10x_dma.o(i.DMA_Init)
    DMA_SetCurrDataCounter                   0x08001113   Thumb Code     4  stm32f10x_dma.o(i.DMA_SetCurrDataCounter)
    Data_Send_to_Master_Init                 0x08001119   Thumb Code    24  can1.o(i.Data_Send_to_Master_Init)
    DebugMon_Handler                         0x08001135   Thumb Code     2  stm32f10x_it.o(i.DebugMon_Handler)
    GPIO_Init                                0x08001137   Thumb Code   278  stm32f10x_gpio.o(i.GPIO_Init)
    GPIO_PinRemapConfig                      0x0800124d   Thumb Code   138  stm32f10x_gpio.o(i.GPIO_PinRemapConfig)
    HardFault_Handler                        0x080012dd   Thumb Code     4  stm32f10x_it.o(i.HardFault_Handler)
    Lift_task                                0x080012e1   Thumb Code    24  lifttask.o(i.Lift_task)
    MemManage_Handler                        0x080012fd   Thumb Code     4  stm32f10x_it.o(i.MemManage_Handler)
    Motor_task                               0x08001301   Thumb Code    28  motortask.o(i.Motor_task)
    NMI_Handler                              0x08001321   Thumb Code     2  stm32f10x_it.o(i.NMI_Handler)
    NVIC_Config                              0x08001323   Thumb Code    34  nvic.o(i.NVIC_Config)
    NVIC_Init                                0x08001345   Thumb Code   100  misc.o(i.NVIC_Init)
    NVIC_PriorityGroupConfig                 0x080013b5   Thumb Code    10  misc.o(i.NVIC_PriorityGroupConfig)
    PID_Calc                                 0x080013c9   Thumb Code   128  pid.o(i.PID_Calc)
    Pid_Motor_Init                           0x08001449   Thumb Code   216  motortask.o(i.Pid_Motor_Init)
    RCC_AHBPeriphClockCmd                    0x0800156d   Thumb Code    26  stm32f10x_rcc.o(i.RCC_AHBPeriphClockCmd)
    RCC_APB1PeriphClockCmd                   0x0800158d   Thumb Code    26  stm32f10x_rcc.o(i.RCC_APB1PeriphClockCmd)
    RCC_APB1PeriphResetCmd                   0x080015ad   Thumb Code    26  stm32f10x_rcc.o(i.RCC_APB1PeriphResetCmd)
    RCC_APB2PeriphClockCmd                   0x080015cd   Thumb Code    26  stm32f10x_rcc.o(i.RCC_APB2PeriphClockCmd)
    RCC_APB2PeriphResetCmd                   0x080015ed   Thumb Code    26  stm32f10x_rcc.o(i.RCC_APB2PeriphResetCmd)
    RCC_GetClocksFreq                        0x0800160d   Thumb Code   374  stm32f10x_rcc.o(i.RCC_GetClocksFreq)
    Slave2Master                             0x08001885   Thumb Code   210  can1.o(i.Slave2Master)
    SysTick_Handler                          0x08001969   Thumb Code     8  stm32f10x_it.o(i.SysTick_Handler)
    SystemInit                               0x08001971   Thumb Code    68  system_stm32f10x.o(i.SystemInit)
    TIM3_PWM_Init                            0x080019c1   Thumb Code   148  tim2.o(i.TIM3_PWM_Init)
    TIM4_IRQHandler                          0x08001a61   Thumb Code    32  tim.o(i.TIM4_IRQHandler)
    TIM4_Init                                0x08001a89   Thumb Code    92  tim.o(i.TIM4_Init)
    TIM6_Configration                        0x08001ae9   Thumb Code    90  delay.o(i.TIM6_Configration)
    TIM6_IRQHandler                          0x08001b49   Thumb Code    34  delay.o(i.TIM6_IRQHandler)
    TIM7_Configration                        0x08001b75   Thumb Code    88  delay.o(i.TIM7_Configration)
    TIM7_IRQHandler                          0x08001bd1   Thumb Code    34  delay.o(i.TIM7_IRQHandler)
    TIM_ClearITPendingBit                    0x08001bfd   Thumb Code     6  stm32f10x_tim.o(i.TIM_ClearITPendingBit)
    TIM_Cmd                                  0x08001c03   Thumb Code    24  stm32f10x_tim.o(i.TIM_Cmd)
    TIM_GetITStatus                          0x08001c1b   Thumb Code    34  stm32f10x_tim.o(i.TIM_GetITStatus)
    TIM_ITConfig                             0x08001c3d   Thumb Code    18  stm32f10x_tim.o(i.TIM_ITConfig)
    TIM_OC1Init                              0x08001c51   Thumb Code   132  stm32f10x_tim.o(i.TIM_OC1Init)
    TIM_OC1PreloadConfig                     0x08001ce9   Thumb Code    18  stm32f10x_tim.o(i.TIM_OC1PreloadConfig)
    TIM_OC2Init                              0x08001cfd   Thumb Code   154  stm32f10x_tim.o(i.TIM_OC2Init)
    TIM_OC2PreloadConfig                     0x08001da1   Thumb Code    26  stm32f10x_tim.o(i.TIM_OC2PreloadConfig)
    TIM_SetCompare1                          0x08001dbb   Thumb Code     4  stm32f10x_tim.o(i.TIM_SetCompare1)
    TIM_SetCompare2                          0x08001dbf   Thumb Code     4  stm32f10x_tim.o(i.TIM_SetCompare2)
    TIM_TimeBaseInit                         0x08001dc5   Thumb Code   122  stm32f10x_tim.o(i.TIM_TimeBaseInit)
    USART3_IRQHandler                        0x08001e69   Thumb Code   144  usart3.o(i.USART3_IRQHandler)
    USART_Cmd                                0x08001f15   Thumb Code    24  stm32f10x_usart.o(i.USART_Cmd)
    USART_DMACmd                             0x08001f2d   Thumb Code    18  stm32f10x_usart.o(i.USART_DMACmd)
    USART_DeInit                             0x08001f41   Thumb Code   134  stm32f10x_usart.o(i.USART_DeInit)
    USART_GetITStatus                        0x08001fdd   Thumb Code    84  stm32f10x_usart.o(i.USART_GetITStatus)
    USART_ITConfig                           0x08002031   Thumb Code    74  stm32f10x_usart.o(i.USART_ITConfig)
    USART_Init                               0x0800207d   Thumb Code   210  stm32f10x_usart.o(i.USART_Init)
    UsageFault_Handler                       0x08002155   Thumb Code     4  stm32f10x_it.o(i.UsageFault_Handler)
    Verify_modbusCRC16_Check_Sum             0x08002159   Thumb Code    58  modbuscrc16.o(i.Verify_modbusCRC16_Check_Sum)
    ZeroCheck                                0x08002195   Thumb Code   142  zerocheck.o(i.ZeroCheck)
    ZeroCheck_Init                           0x0800222d   Thumb Code    82  zerocheck.o(i.ZeroCheck_Init)
    ZeroCheck_cal                            0x0800228d   Thumb Code   102  zerocheck.o(i.ZeroCheck_cal)
    autoExchange                             0x0800230d   Thumb Code   306  autoexectask.o(i.autoExchange)
    autoGetMineMidair                        0x08002451   Thumb Code   252  autoexectask.o(i.autoGetMineMidair)
    autoLargeIslandMine                      0x08002559   Thumb Code   286  autoexectask.o(i.autoLargeIslandMine)
    autoMineMidair                           0x08002685   Thumb Code   190  autoexectask.o(i.autoMineMidair)
    autoModeDelay_ms                         0x08002755   Thumb Code    36  autoexectask.o(i.autoModeDelay_ms)
    autoResetSoftware                        0x08002789   Thumb Code   242  autoexectask.o(i.autoResetSoftware)
    autoSmallIslandMine                      0x08002889   Thumb Code   354  autoexectask.o(i.autoSmallIslandMine)
    autoexec                                 0x080029fd   Thumb Code   258  autoexectask.o(i.autoexec)
    autoexecTask                             0x08002b49   Thumb Code    24  autoexectask.o(i.autoexecTask)
    can2Config                               0x08002b65   Thumb Code   348  can2.o(i.can2Config)
    changeBaudRate                           0x08002cc9   Thumb Code   434  usart3.o(i.changeBaudRate)
    clampAngleSend                           0x08002e95   Thumb Code    80  clampangletask.o(i.clampAngleSend)
    clampAngleSendTask                       0x08002ef1   Thumb Code   238  clampangletask.o(i.clampAngleSendTask)
    crc16table                               0x08002fed   Thumb Code    48  modbuscrc16.o(i.crc16table)
    delay_ms                                 0x08003025   Thumb Code    36  delay.o(i.delay_ms)
    flagInit                                 0x08003051   Thumb Code    46  main.o(i.flagInit)
    flagModeSwitch                           0x08003085   Thumb Code   244  statetask.o(i.flagModeSwitch)
    gpioConfig                               0x08003189   Thumb Code   210  main.o(i.gpioConfig)
    main                                     0x08003269   Thumb Code    34  main.o(i.main)
    modeInit                                 0x0800328d   Thumb Code    10  statetask.o(i.modeInit)
    modeSwitch                               0x0800329d   Thumb Code   214  statetask.o(i.modeSwitch)
    modeSwitchTask                           0x08003389   Thumb Code    40  statetask.o(i.modeSwitchTask)
    motorCurrentSend                         0x080033b5   Thumb Code   156  can2.o(i.motorCurrentSend)
    motorRotate                              0x0800345d   Thumb Code   130  rotatetask.o(i.motorRotate)
    motor_cal_task                           0x080034f5   Thumb Code   612  motortask.o(i.motor_cal_task)
    motor_lift_task                          0x08003795   Thumb Code   414  lifttask.o(i.motor_lift_task)
    pvPortMalloc                             0x08003da1   Thumb Code   188  heap_4.o(i.pvPortMalloc)
    pxPortInitialiseStack                    0x08003e71   Thumb Code    30  port.o(i.pxPortInitialiseStack)
    rotate_Task                              0x08003e95   Thumb Code    24  rotatetask.o(i.rotate_Task)
    startTask                                0x08003eb1   Thumb Code    24  starttask.o(i.startTask)
    start_task                               0x08003edd   Thumb Code   172  starttask.o(i.start_task)
    uxListRemove                             0x08004029   Thumb Code    40  list.o(i.uxListRemove)
    uxTaskGetStackHighWaterMark              0x08004051   Thumb Code    34  tasks.o(i.uxTaskGetStackHighWaterMark)
    vListInitialise                          0x08004079   Thumb Code    26  list.o(i.vListInitialise)
    vListInitialiseItem                      0x08004093   Thumb Code     6  list.o(i.vListInitialiseItem)
    vListInsert                              0x08004099   Thumb Code    52  list.o(i.vListInsert)
    vListInsertEnd                           0x080040cd   Thumb Code    24  list.o(i.vListInsertEnd)
    vPortEnterCritical                       0x080040e5   Thumb Code    30  port.o(i.vPortEnterCritical)
    vPortExitCritical                        0x08004109   Thumb Code    28  port.o(i.vPortExitCritical)
    vPortFree                                0x08004129   Thumb Code    64  heap_4.o(i.vPortFree)
    vPortSetupTimerInterrupt                 0x08004171   Thumb Code    26  port.o(i.vPortSetupTimerInterrupt)
    vTaskDelay                               0x08004191   Thumb Code    46  tasks.o(i.vTaskDelay)
    vTaskDelayUntil                          0x080041c5   Thumb Code   106  tasks.o(i.vTaskDelayUntil)
    vTaskDelete                              0x08004239   Thumb Code   166  tasks.o(i.vTaskDelete)
    vTaskStartScheduler                      0x08004305   Thumb Code    76  tasks.o(i.vTaskStartScheduler)
    vTaskSuspendAll                          0x08004371   Thumb Code    12  tasks.o(i.vTaskSuspendAll)
    vTaskSwitchContext                       0x08004381   Thumb Code   128  tasks.o(i.vTaskSwitchContext)
    xPortStartScheduler                      0x08004421   Thumb Code    42  port.o(i.xPortStartScheduler)
    xPortSysTickHandler                      0x08004455   Thumb Code    46  port.o(i.xPortSysTickHandler)
    xTaskCreate                              0x08004489   Thumb Code    96  tasks.o(i.xTaskCreate)
    xTaskGetTickCount                        0x080044e9   Thumb Code     6  tasks.o(i.xTaskGetTickCount)
    xTaskIncrementTick                       0x080044f5   Thumb Code   238  tasks.o(i.xTaskIncrementTick)
    xTaskResumeAll                           0x08004611   Thumb Code   196  tasks.o(i.xTaskResumeAll)
    __aeabi_fadd                             0x080046f9   Thumb Code     0  faddsub_clz.o(x$fpl$fadd)
    _fadd                                    0x080046f9   Thumb Code   196  faddsub_clz.o(x$fpl$fadd)
    __fpl_fcmp_Inf                           0x080047bd   Thumb Code    24  fcmpi.o(x$fpl$fcmpinf)
    __aeabi_fdiv                             0x080047d5   Thumb Code     0  fdiv.o(x$fpl$fdiv)
    _fdiv                                    0x080047d5   Thumb Code   384  fdiv.o(x$fpl$fdiv)
    __aeabi_f2iz                             0x08004959   Thumb Code     0  ffix.o(x$fpl$ffix)
    _ffix                                    0x08004959   Thumb Code    54  ffix.o(x$fpl$ffix)
    __aeabi_i2f                              0x08004991   Thumb Code     0  fflt_clz.o(x$fpl$fflt)
    _fflt                                    0x08004991   Thumb Code    48  fflt_clz.o(x$fpl$fflt)
    __aeabi_cfcmple                          0x080049c1   Thumb Code     0  fleqf.o(x$fpl$fleqf)
    _fcmple                                  0x080049c1   Thumb Code   104  fleqf.o(x$fpl$fleqf)
    __fpl_fcmple_InfNaN                      0x08004a13   Thumb Code     0  fleqf.o(x$fpl$fleqf)
    __aeabi_fmul                             0x08004a29   Thumb Code     0  fmul.o(x$fpl$fmul)
    _fmul                                    0x08004a29   Thumb Code   258  fmul.o(x$fpl$fmul)
    __fpl_fnaninf                            0x08004b2b   Thumb Code   140  fnaninf.o(x$fpl$fnaninf)
    __fpl_fretinf                            0x08004bb7   Thumb Code    10  fretinf.o(x$fpl$fretinf)
    __aeabi_cfrcmple                         0x08004bc1   Thumb Code     0  frleqf.o(x$fpl$frleqf)
    _frcmple                                 0x08004bc1   Thumb Code    98  frleqf.o(x$fpl$frleqf)
    __aeabi_frsub                            0x08004c23   Thumb Code     0  faddsub_clz.o(x$fpl$frsb)
    _frsb                                    0x08004c23   Thumb Code    20  faddsub_clz.o(x$fpl$frsb)
    __aeabi_fsub                             0x08004c39   Thumb Code     0  faddsub_clz.o(x$fpl$fsub)
    _fsub                                    0x08004c39   Thumb Code   234  faddsub_clz.o(x$fpl$fsub)
    __I$use$fp                               0x08004d22   Number         0  usenofp.o(x$fpl$usenofp)
    SystemFrequency                          0x08004d24   Data           4  system_stm32f10x.o(.constdata)
    SystemFrequency_SysClk                   0x08004d28   Data           4  system_stm32f10x.o(.constdata)
    SystemFrequency_AHBClk                   0x08004d2c   Data           4  system_stm32f10x.o(.constdata)
    SystemFrequency_APB1Clk                  0x08004d30   Data           4  system_stm32f10x.o(.constdata)
    SystemFrequency_APB2Clk                  0x08004d34   Data           4  system_stm32f10x.o(.constdata)
    polynom                                  0x08004d38   Data           2  modbuscrc16.o(.constdata)
    crctablehi                               0x08004d3a   Data         256  modbuscrc16.o(.constdata)
    crctablelo                               0x08004e3a   Data         256  modbuscrc16.o(.constdata)
    crctalbeabs                              0x08004f3a   Data          32  modbuscrc16.o(.constdata)
    Region$$Table$$Base                      0x08004f5c   Number         0  anon$$obj.o(Region$$Table)
    Region$$Table$$Limit                     0x08004f7c   Number         0  anon$$obj.o(Region$$Table)
    can                                      0x20000014   Data           4  can1.o(.data)
    Data_Send_to_F105                        0x20000018   Data           8  can1.o(.data)
    data_receive                             0x20000020   Data           8  can1.o(.data)
    data_receive_pre                         0x20000028   Data           8  can1.o(.data)
    Flag2Master                              0x20000030   Data           1  can1.o(.data)
    FlagOfMaster                             0x20000031   Data           1  can1.o(.data)
    delayus_cnt                              0x20000034   Data           4  delay.o(.data)
    delayms_cnt                              0x20000038   Data           4  delay.o(.data)
    CPU_RunTime                              0x2000003c   Data           4  tim.o(.data)
    camera_pitch                             0x20000040   Data           2  tim2.o(.data)
    camera_yaw                               0x20000042   Data           2  tim2.o(.data)
    ClampAngle_X                             0x20000044   Data           4  usart3.o(.data)
    data_length                              0x20000048   Data           4  usart3.o(.data)
    Pos_LiftTrack                            0x2000004c   Data           8  zerocheck.o(.data)
    Pos_Rotate_Motor                         0x20000054   Data           4  zerocheck.o(.data)
    pos_before0                              0x20000058   Data           4  zerocheck.o(.data)
    pos_before1                              0x2000005c   Data           4  zerocheck.o(.data)
    pos_before2                              0x20000060   Data           4  zerocheck.o(.data)
    pos_before3                              0x20000064   Data           4  zerocheck.o(.data)
    Autoexec_high_water                      0x20000068   Data           4  autoexectask.o(.data)
    auto_large_enum                          0x2000006c   Data           1  autoexectask.o(.data)
    auto_large_enum_next                     0x2000006d   Data           1  autoexectask.o(.data)
    auto_midair_enum                         0x2000006e   Data           1  autoexectask.o(.data)
    auto_midair_enum_next                    0x2000006f   Data           1  autoexectask.o(.data)
    auto_get_midair_enum                     0x20000070   Data           1  autoexectask.o(.data)
    auto_get_midair_enum_next                0x20000071   Data           1  autoexectask.o(.data)
    auto_small_enum                          0x20000072   Data           1  autoexectask.o(.data)
    auto_small_enum_next                     0x20000073   Data           1  autoexectask.o(.data)
    auto_exchange_enum                       0x20000074   Data           1  autoexectask.o(.data)
    auto_exchange_enum_next                  0x20000075   Data           1  autoexectask.o(.data)
    auto_reset_enum                          0x20000076   Data           1  autoexectask.o(.data)
    auto_reset_enum_next                     0x20000077   Data           1  autoexectask.o(.data)
    auto_delay_flag                          0x20000078   Data           1  autoexectask.o(.data)
    auto_delay_en_flag                       0x20000079   Data           1  autoexectask.o(.data)
    auto_delay_length                        0x2000007c   Data           4  autoexectask.o(.data)
    auto_time_pre                            0x20000080   Data           4  autoexectask.o(.data)
    auto_time_now                            0x20000084   Data           4  autoexectask.o(.data)
    time_test                                0x20000088   Data           4  clampangletask.o(.data)
    Clamp_high_water                         0x2000008c   Data           4  clampangletask.o(.data)
    Lift_high_water                          0x20000090   Data           4  lifttask.o(.data)
    lift_pos_set                             0x20000094   Data           8  lifttask.o(.data)
    Lift_pos_set_pre                         0x2000009c   Data           8  lifttask.o(.data)
    test_p                                   0x200000a4   Data           4  lifttask.o(.data)
    test_ii                                  0x200000a8   Data           4  lifttask.o(.data)
    Motor_high_water                         0x200000ac   Data           4  motortask.o(.data)
    LiftTrack_Current                        0x200000b0   Data           8  motortask.o(.data)
    Rotate_Motor_Current                     0x200000b8   Data           4  motortask.o(.data)
    LiftPositionInit                         0x200000bc   Data           8  motortask.o(.data)
    LiftJourney_1                            0x200000c4   Data           4  motortask.o(.data)
    LiftJourney_2                            0x200000c8   Data           4  motortask.o(.data)
    lift_once_offset                         0x200000cc   Data           4  motortask.o(.data)
    RotatePositionInit                       0x200000d0   Data           4  motortask.o(.data)
    RotateJourney                            0x200000d4   Data           4  motortask.o(.data)
    test_current                             0x200000d8   Data           4  motortask.o(.data)
    rotate_set                               0x200000dc   Data           4  rotatetask.o(.data)
    rotate_high_water                        0x200000e0   Data           4  rotatetask.o(.data)
    CPU_high_water                           0x200000e4   Data           4  starttask.o(.data)
    Mode_Switch_high_water                   0x20000108   Data           4  statetask.o(.data)
    pxCurrentTCB                             0x2000010c   Data           4  tasks.o(.data)
    g_Flag                                   0x2000016c   Data          18  main.o(.bss)
    ClampAngleReceiveBuffer                  0x20000180   Data          15  usart3.o(.bss)
    ClampAngleSend                           0x2000018f   Data          15  usart3.o(.bss)
    USART3_TX_dma                            0x200001a0   Data          44  usart3.o(.bss)
    angle_receive                            0x200001cc   Data          15  usart3.o(.bss)
    ZeroCheck_LiftTrack                      0x200001dc   Data          40  zerocheck.o(.bss)
    ZeroCheck_Rotate_Motor                   0x20000204   Data          20  zerocheck.o(.bss)
    Track_Motor                              0x20000218   Data          40  can2.o(.bss)
    Rotate_Motor                             0x20000240   Data          20  can2.o(.bss)
    tx_message_t                             0x20000254   Data          20  can2.o(.bss)
    Pid_LiftTrack_Speed                      0x20000268   Data          96  motortask.o(.bss)
    Pid_LiftTrack_Positioin                  0x200002c8   Data          96  motortask.o(.bss)
    Pid_Rotate_Motor_Speed                   0x20000328   Data          48  motortask.o(.bss)
    Pid_Rotate_Motor_Positioin               0x20000358   Data          48  motortask.o(.bss)
    __libspace_start                         0x20004a6c   Data          96  libspace.o(.bss)
    __temporary_stack_top$libspace           0x20004acc   Data           0  libspace.o(.bss)



==============================================================================

Memory Map of the image

  Image Entry point : 0x08000151

  Load Region LR_IROM1 (Base: 0x08000000, Size: 0x000050e8, Max: 0x00020000, ABSOLUTE, COMPRESSED[0x00004fa4])

    Execution Region ER_IROM1 (Base: 0x08000000, Size: 0x00004f7c, Max: 0x00020000, ABSOLUTE)

    Base Addr    Size         Type   Attr      Idx    E Section Name        Object

    0x08000000   0x00000150   Data   RO          272    RESET               startup_stm32f10x_cl.o
    0x08000150   0x00000008   Code   RO         4745  * !!!main             c_w.l(__main.o)
    0x08000158   0x00000034   Code   RO         4953    !!!scatter          c_w.l(__scatter.o)
    0x0800018c   0x0000005a   Code   RO         4951    !!dczerorl2         c_w.l(__dczerorl2.o)
    0x080001e6   0x00000002   PAD
    0x080001e8   0x0000001c   Code   RO         4955    !!handler_zi        c_w.l(__scatter_zi.o)
    0x08000204   0x00000002   Code   RO         4822    .ARM.Collect$$libinit$$00000000  c_w.l(libinit.o)
    0x08000206   0x00000000   Code   RO         4829    .ARM.Collect$$libinit$$00000002  c_w.l(libinit2.o)
    0x08000206   0x00000000   Code   RO         4831    .ARM.Collect$$libinit$$00000004  c_w.l(libinit2.o)
    0x08000206   0x00000000   Code   RO         4834    .ARM.Collect$$libinit$$0000000A  c_w.l(libinit2.o)
    0x08000206   0x00000000   Code   RO         4836    .ARM.Collect$$libinit$$0000000C  c_w.l(libinit2.o)
    0x08000206   0x00000000   Code   RO         4838    .ARM.Collect$$libinit$$0000000E  c_w.l(libinit2.o)
    0x08000206   0x00000000   Code   RO         4841    .ARM.Collect$$libinit$$00000011  c_w.l(libinit2.o)
    0x08000206   0x00000000   Code   RO         4843    .ARM.Collect$$libinit$$00000013  c_w.l(libinit2.o)
    0x08000206   0x00000000   Code   RO         4845    .ARM.Collect$$libinit$$00000015  c_w.l(libinit2.o)
    0x08000206   0x00000000   Code   RO         4847    .ARM.Collect$$libinit$$00000017  c_w.l(libinit2.o)
    0x08000206   0x00000000   Code   RO         4849    .ARM.Collect$$libinit$$00000019  c_w.l(libinit2.o)
    0x08000206   0x00000000   Code   RO         4851    .ARM.Collect$$libinit$$0000001B  c_w.l(libinit2.o)
    0x08000206   0x00000000   Code   RO         4853    .ARM.Collect$$libinit$$0000001D  c_w.l(libinit2.o)
    0x08000206   0x00000000   Code   RO         4855    .ARM.Collect$$libinit$$0000001F  c_w.l(libinit2.o)
    0x08000206   0x00000000   Code   RO         4857    .ARM.Collect$$libinit$$00000021  c_w.l(libinit2.o)
    0x08000206   0x00000000   Code   RO         4859    .ARM.Collect$$libinit$$00000023  c_w.l(libinit2.o)
    0x08000206   0x00000000   Code   RO         4861    .ARM.Collect$$libinit$$00000025  c_w.l(libinit2.o)
    0x08000206   0x00000000   Code   RO         4865    .ARM.Collect$$libinit$$0000002C  c_w.l(libinit2.o)
    0x08000206   0x00000000   Code   RO         4867    .ARM.Collect$$libinit$$0000002E  c_w.l(libinit2.o)
    0x08000206   0x00000000   Code   RO         4869    .ARM.Collect$$libinit$$00000030  c_w.l(libinit2.o)
    0x08000206   0x00000000   Code   RO         4871    .ARM.Collect$$libinit$$00000032  c_w.l(libinit2.o)
    0x08000206   0x00000002   Code   RO         4872    .ARM.Collect$$libinit$$00000033  c_w.l(libinit2.o)
    0x08000208   0x00000002   Code   RO         4892    .ARM.Collect$$libshutdown$$00000000  c_w.l(libshutdown.o)
    0x0800020a   0x00000000   Code   RO         4906    .ARM.Collect$$libshutdown$$00000003  c_w.l(libshutdown2.o)
    0x0800020a   0x00000000   Code   RO         4909    .ARM.Collect$$libshutdown$$00000006  c_w.l(libshutdown2.o)
    0x0800020a   0x00000000   Code   RO         4912    .ARM.Collect$$libshutdown$$00000009  c_w.l(libshutdown2.o)
    0x0800020a   0x00000000   Code   RO         4914    .ARM.Collect$$libshutdown$$0000000B  c_w.l(libshutdown2.o)
    0x0800020a   0x00000000   Code   RO         4917    .ARM.Collect$$libshutdown$$0000000E  c_w.l(libshutdown2.o)
    0x0800020a   0x00000002   Code   RO         4918    .ARM.Collect$$libshutdown$$0000000F  c_w.l(libshutdown2.o)
    0x0800020c   0x00000000   Code   RO         4773    .ARM.Collect$$rtentry$$00000000  c_w.l(__rtentry.o)
    0x0800020c   0x00000000   Code   RO         4795    .ARM.Collect$$rtentry$$00000002  c_w.l(__rtentry2.o)
    0x0800020c   0x00000006   Code   RO         4807    .ARM.Collect$$rtentry$$00000004  c_w.l(__rtentry4.o)
    0x08000212   0x00000000   Code   RO         4797    .ARM.Collect$$rtentry$$00000009  c_w.l(__rtentry2.o)
    0x08000212   0x00000004   Code   RO         4798    .ARM.Collect$$rtentry$$0000000A  c_w.l(__rtentry2.o)
    0x08000216   0x00000000   Code   RO         4800    .ARM.Collect$$rtentry$$0000000C  c_w.l(__rtentry2.o)
    0x08000216   0x00000008   Code   RO         4801    .ARM.Collect$$rtentry$$0000000D  c_w.l(__rtentry2.o)
    0x0800021e   0x00000002   Code   RO         4826    .ARM.Collect$$rtexit$$00000000  c_w.l(rtexit.o)
    0x08000220   0x00000000   Code   RO         4874    .ARM.Collect$$rtexit$$00000002  c_w.l(rtexit2.o)
    0x08000220   0x00000004   Code   RO         4875    .ARM.Collect$$rtexit$$00000003  c_w.l(rtexit2.o)
    0x08000224   0x00000006   Code   RO         4876    .ARM.Collect$$rtexit$$00000004  c_w.l(rtexit2.o)
    0x0800022a   0x00000002   PAD
    0x0800022c   0x00000096   Code   RO         4629    .emb_text           port.o
    0x080002c2   0x00000002   PAD
    0x080002c4   0x00000040   Code   RO          273    .text               startup_stm32f10x_cl.o
    0x08000304   0x00000010   Code   RO         4741    .text               c_w.l(aeabi_memset.o)
    0x08000314   0x00000006   Code   RO         4743    .text               c_w.l(heapauxi.o)
    0x0800031a   0x00000044   Code   RO         4785    .text               c_w.l(rt_memclr.o)
    0x0800035e   0x0000004e   Code   RO         4811    .text               c_w.l(rt_memclr_w.o)
    0x080003ac   0x0000004a   Code   RO         4813    .text               c_w.l(sys_stackheap_outer.o)
    0x080003f6   0x0000000c   Code   RO         4815    .text               c_w.l(exit.o)
    0x08000402   0x00000002   PAD
    0x08000404   0x00000008   Code   RO         4823    .text               c_w.l(libspace.o)
    0x0800040c   0x0000000c   Code   RO         4884    .text               c_w.l(sys_exit.o)
    0x08000418   0x00000002   Code   RO         4895    .text               c_w.l(use_no_semi.o)
    0x0800041a   0x00000000   Code   RO         4897    .text               c_w.l(indicate_semi.o)
    0x0800041a   0x00000028   Code   RO            1    i.BSP_init          main.o
    0x08000442   0x00000004   Code   RO          219    i.BusFault_Handler  stm32f10x_it.o
    0x08000446   0x00000002   PAD
    0x08000448   0x00000158   Code   RO         3332    i.CAN1_Config       can1.o
    0x080005a0   0x00000078   Code   RO         3333    i.CAN1_RX0_IRQHandler  can1.o
    0x08000618   0x00000030   Code   RO         3334    i.CAN1_RX1_IRQHandler  can1.o
    0x08000648   0x0000001c   Code   RO         3335    i.CAN1_TX_IRQHandler  can1.o
    0x08000664   0x000000e0   Code   RO         3573    i.CAN2_RX0_IRQHandler  can2.o
    0x08000744   0x00000030   Code   RO         3574    i.CAN2_RX1_IRQHandler  can2.o
    0x08000774   0x0000001c   Code   RO         3575    i.CAN2_TX_IRQHandler  can2.o
    0x08000790   0x000000a8   Code   RO          619    i.CAN_ClearITPendingBit  stm32f10x_can.o
    0x08000838   0x00000038   Code   RO          621    i.CAN_DeInit        stm32f10x_can.o
    0x08000870   0x00000108   Code   RO          623    i.CAN_FilterInit    stm32f10x_can.o
    0x08000978   0x00000120   Code   RO          625    i.CAN_GetITStatus   stm32f10x_can.o
    0x08000a98   0x00000012   Code   RO          629    i.CAN_ITConfig      stm32f10x_can.o
    0x08000aaa   0x00000114   Code   RO          630    i.CAN_Init          stm32f10x_can.o
    0x08000bbe   0x000000f0   Code   RO          633    i.CAN_Receive       stm32f10x_can.o
    0x08000cae   0x00000020   Code   RO          636    i.CAN_StructInit    stm32f10x_can.o
    0x08000cce   0x00000126   Code   RO          638    i.CAN_Transmit      stm32f10x_can.o
    0x08000df4   0x0000001c   Code   RO         3845    i.CPU_task          starttask.o
    0x08000e10   0x00000068   Code   RO         3483    i.CameraSteeringEngine_Set  tim2.o
    0x08000e78   0x00000012   Code   RO          641    i.CheckITStatus     stm32f10x_can.o
    0x08000e8a   0x00000002   PAD
    0x08000e8c   0x00000024   Code   RO         3504    i.DMA1_Channel2_IRQHandler  usart3.o
    0x08000eb0   0x00000016   Code   RO         3505    i.DMA1_Channel3_IRQHandler  usart3.o
    0x08000ec6   0x00000002   PAD
    0x08000ec8   0x0000001c   Code   RO         1015    i.DMA_ClearFlag     stm32f10x_dma.o
    0x08000ee4   0x0000001c   Code   RO         1016    i.DMA_ClearITPendingBit  stm32f10x_dma.o
    0x08000f00   0x00000018   Code   RO         1017    i.DMA_Cmd           stm32f10x_dma.o
    0x08000f18   0x0000014c   Code   RO         1018    i.DMA_DeInit        stm32f10x_dma.o
    0x08001064   0x00000008   Code   RO         1019    i.DMA_GetCurrDataCounter  stm32f10x_dma.o
    0x0800106c   0x0000002c   Code   RO         1020    i.DMA_GetFlagStatus  stm32f10x_dma.o
    0x08001098   0x0000002c   Code   RO         1021    i.DMA_GetITStatus   stm32f10x_dma.o
    0x080010c4   0x00000012   Code   RO         1022    i.DMA_ITConfig      stm32f10x_dma.o
    0x080010d6   0x0000003c   Code   RO         1023    i.DMA_Init          stm32f10x_dma.o
    0x08001112   0x00000004   Code   RO         1024    i.DMA_SetCurrDataCounter  stm32f10x_dma.o
    0x08001116   0x00000002   PAD
    0x08001118   0x0000001c   Code   RO         3336    i.Data_Send_to_Master_Init  can1.o
    0x08001134   0x00000002   Code   RO          220    i.DebugMon_Handler  stm32f10x_it.o
    0x08001136   0x00000116   Code   RO         1447    i.GPIO_Init         stm32f10x_gpio.o
    0x0800124c   0x00000090   Code   RO         1449    i.GPIO_PinRemapConfig  stm32f10x_gpio.o
    0x080012dc   0x00000004   Code   RO          221    i.HardFault_Handler  stm32f10x_it.o
    0x080012e0   0x0000001c   Code   RO         3772    i.Lift_task         lifttask.o
    0x080012fc   0x00000004   Code   RO          222    i.MemManage_Handler  stm32f10x_it.o
    0x08001300   0x00000020   Code   RO         3794    i.Motor_task        motortask.o
    0x08001320   0x00000002   Code   RO          223    i.NMI_Handler       stm32f10x_it.o
    0x08001322   0x00000022   Code   RO         3447    i.NVIC_Config       nvic.o
    0x08001344   0x00000070   Code   RO          278    i.NVIC_Init         misc.o
    0x080013b4   0x00000014   Code   RO          279    i.NVIC_PriorityGroupConfig  misc.o
    0x080013c8   0x00000080   Code   RO         3651    i.PID_Calc          pid.o
    0x08001448   0x00000124   Code   RO         3795    i.Pid_Motor_Init    motortask.o
    0x0800156c   0x00000020   Code   RO         1865    i.RCC_AHBPeriphClockCmd  stm32f10x_rcc.o
    0x0800158c   0x00000020   Code   RO         1867    i.RCC_APB1PeriphClockCmd  stm32f10x_rcc.o
    0x080015ac   0x00000020   Code   RO         1868    i.RCC_APB1PeriphResetCmd  stm32f10x_rcc.o
    0x080015cc   0x00000020   Code   RO         1869    i.RCC_APB2PeriphClockCmd  stm32f10x_rcc.o
    0x080015ec   0x00000020   Code   RO         1870    i.RCC_APB2PeriphResetCmd  stm32f10x_rcc.o
    0x0800160c   0x0000018c   Code   RO         1877    i.RCC_GetClocksFreq  stm32f10x_rcc.o
    0x08001798   0x00000008   Code   RO          191    i.SetSysClock       system_stm32f10x.o
    0x080017a0   0x000000e4   Code   RO          192    i.SetSysClockTo72   system_stm32f10x.o
    0x08001884   0x000000e4   Code   RO         3337    i.Slave2Master      can1.o
    0x08001968   0x00000008   Code   RO          224    i.SysTick_Handler   stm32f10x_it.o
    0x08001970   0x00000050   Code   RO          193    i.SystemInit        system_stm32f10x.o
    0x080019c0   0x000000a0   Code   RO         3484    i.TIM3_PWM_Init     tim2.o
    0x08001a60   0x00000028   Code   RO         3459    i.TIM4_IRQHandler   tim.o
    0x08001a88   0x00000060   Code   RO         3460    i.TIM4_Init         tim.o
    0x08001ae8   0x00000060   Code   RO         3384    i.TIM6_Configration  delay.o
    0x08001b48   0x0000002c   Code   RO         3385    i.TIM6_IRQHandler   delay.o
    0x08001b74   0x0000005c   Code   RO         3386    i.TIM7_Configration  delay.o
    0x08001bd0   0x0000002c   Code   RO         3387    i.TIM7_IRQHandler   delay.o
    0x08001bfc   0x00000006   Code   RO         2558    i.TIM_ClearITPendingBit  stm32f10x_tim.o
    0x08001c02   0x00000018   Code   RO         2563    i.TIM_Cmd           stm32f10x_tim.o
    0x08001c1a   0x00000022   Code   RO         2584    i.TIM_GetITStatus   stm32f10x_tim.o
    0x08001c3c   0x00000012   Code   RO         2588    i.TIM_ITConfig      stm32f10x_tim.o
    0x08001c4e   0x00000002   PAD
    0x08001c50   0x00000098   Code   RO         2592    i.TIM_OC1Init       stm32f10x_tim.o
    0x08001ce8   0x00000012   Code   RO         2595    i.TIM_OC1PreloadConfig  stm32f10x_tim.o
    0x08001cfa   0x00000002   PAD
    0x08001cfc   0x000000a4   Code   RO         2597    i.TIM_OC2Init       stm32f10x_tim.o
    0x08001da0   0x0000001a   Code   RO         2600    i.TIM_OC2PreloadConfig  stm32f10x_tim.o
    0x08001dba   0x00000004   Code   RO         2624    i.TIM_SetCompare1   stm32f10x_tim.o
    0x08001dbe   0x00000004   Code   RO         2625    i.TIM_SetCompare2   stm32f10x_tim.o
    0x08001dc2   0x00000002   PAD
    0x08001dc4   0x000000a4   Code   RO         2634    i.TIM_TimeBaseInit  stm32f10x_tim.o
    0x08001e68   0x000000ac   Code   RO         3507    i.USART3_IRQHandler  usart3.o
    0x08001f14   0x00000018   Code   RO         3099    i.USART_Cmd         stm32f10x_usart.o
    0x08001f2c   0x00000012   Code   RO         3100    i.USART_DMACmd      stm32f10x_usart.o
    0x08001f3e   0x00000002   PAD
    0x08001f40   0x0000009c   Code   RO         3101    i.USART_DeInit      stm32f10x_usart.o
    0x08001fdc   0x00000054   Code   RO         3103    i.USART_GetITStatus  stm32f10x_usart.o
    0x08002030   0x0000004a   Code   RO         3105    i.USART_ITConfig    stm32f10x_usart.o
    0x0800207a   0x00000002   PAD
    0x0800207c   0x000000d8   Code   RO         3106    i.USART_Init        stm32f10x_usart.o
    0x08002154   0x00000004   Code   RO          225    i.UsageFault_Handler  stm32f10x_it.o
    0x08002158   0x0000003a   Code   RO         3618    i.Verify_modbusCRC16_Check_Sum  modbuscrc16.o
    0x08002192   0x00000002   PAD
    0x08002194   0x00000098   Code   RO         3544    i.ZeroCheck         zerocheck.o
    0x0800222c   0x00000060   Code   RO         3545    i.ZeroCheck_Init    zerocheck.o
    0x0800228c   0x00000080   Code   RO         3546    i.ZeroCheck_cal     zerocheck.o
    0x0800230c   0x00000144   Code   RO         3663    i.autoExchange      autoexectask.o
    0x08002450   0x00000108   Code   RO         3664    i.autoGetMineMidair  autoexectask.o
    0x08002558   0x0000012c   Code   RO         3665    i.autoLargeIslandMine  autoexectask.o
    0x08002684   0x000000d0   Code   RO         3666    i.autoMineMidair    autoexectask.o
    0x08002754   0x00000034   Code   RO         3667    i.autoModeDelay_ms  autoexectask.o
    0x08002788   0x00000100   Code   RO         3668    i.autoResetSoftware  autoexectask.o
    0x08002888   0x00000174   Code   RO         3669    i.autoSmallIslandMine  autoexectask.o
    0x080029fc   0x0000014c   Code   RO         3670    i.autoexec          autoexectask.o
    0x08002b48   0x0000001c   Code   RO         3671    i.autoexecTask      autoexectask.o
    0x08002b64   0x00000164   Code   RO         3576    i.can2Config        can2.o
    0x08002cc8   0x000001cc   Code   RO         3508    i.changeBaudRate    usart3.o
    0x08002e94   0x0000005c   Code   RO         3726    i.clampAngleSend    clampangletask.o
    0x08002ef0   0x000000fc   Code   RO         3727    i.clampAngleSendTask  clampangletask.o
    0x08002fec   0x00000038   Code   RO         3620    i.crc16table        modbuscrc16.o
    0x08003024   0x0000002c   Code   RO         3388    i.delay_ms          delay.o
    0x08003050   0x00000034   Code   RO            2    i.flagInit          main.o
    0x08003084   0x00000104   Code   RO         3874    i.flagModeSwitch    statetask.o
    0x08003188   0x000000e0   Code   RO            3    i.gpioConfig        main.o
    0x08003268   0x00000022   Code   RO            4    i.main              main.o
    0x0800328a   0x00000002   PAD
    0x0800328c   0x00000010   Code   RO         3875    i.modeInit          statetask.o
    0x0800329c   0x000000ec   Code   RO         3876    i.modeSwitch        statetask.o
    0x08003388   0x0000002c   Code   RO         3877    i.modeSwitchTask    statetask.o
    0x080033b4   0x000000a8   Code   RO         3577    i.motorCurrentSend  can2.o
    0x0800345c   0x00000098   Code   RO         3823    i.motorRotate       rotatetask.o
    0x080034f4   0x000002a0   Code   RO         3796    i.motor_cal_task    motortask.o
    0x08003794   0x000001e0   Code   RO         3773    i.motor_lift_task   lifttask.o
    0x08003974   0x00000098   Code   RO         4229    i.prvAddCurrentTaskToDelayedList  tasks.o
    0x08003a0c   0x000000b8   Code   RO         4230    i.prvAddNewTaskToReadyList  tasks.o
    0x08003ac4   0x00000064   Code   RO         4231    i.prvCheckTasksWaitingTermination  tasks.o
    0x08003b28   0x00000012   Code   RO         4232    i.prvDeleteTCB      tasks.o
    0x08003b3a   0x00000002   PAD
    0x08003b3c   0x0000007c   Code   RO         4580    i.prvHeapInit       heap_4.o
    0x08003bb8   0x00000028   Code   RO         4233    i.prvIdleTask       tasks.o
    0x08003be0   0x00000090   Code   RO         4234    i.prvInitialiseNewTask  tasks.o
    0x08003c70   0x00000068   Code   RO         4235    i.prvInitialiseTaskLists  tasks.o
    0x08003cd8   0x00000068   Code   RO         4581    i.prvInsertBlockIntoFreeList  heap_4.o
    0x08003d40   0x00000034   Code   RO         4237    i.prvResetNextTaskUnblockTime  tasks.o
    0x08003d74   0x00000016   Code   RO         4238    i.prvTaskCheckFreeStackSpace  tasks.o
    0x08003d8a   0x00000016   Code   RO         4630    i.prvTaskExitError  port.o
    0x08003da0   0x000000d0   Code   RO         4582    i.pvPortMalloc      heap_4.o
    0x08003e70   0x00000024   Code   RO         4631    i.pxPortInitialiseStack  port.o
    0x08003e94   0x0000001c   Code   RO         3824    i.rotate_Task       rotatetask.o
    0x08003eb0   0x0000002c   Code   RO         3846    i.startTask         starttask.o
    0x08003edc   0x0000014c   Code   RO         3847    i.start_task        starttask.o
    0x08004028   0x00000028   Code   RO         4026    i.uxListRemove      list.o
    0x08004050   0x00000028   Code   RO         4243    i.uxTaskGetStackHighWaterMark  tasks.o
    0x08004078   0x0000001a   Code   RO         4027    i.vListInitialise   list.o
    0x08004092   0x00000006   Code   RO         4028    i.vListInitialiseItem  list.o
    0x08004098   0x00000034   Code   RO         4029    i.vListInsert       list.o
    0x080040cc   0x00000018   Code   RO         4030    i.vListInsertEnd    list.o
    0x080040e4   0x00000024   Code   RO         4633    i.vPortEnterCritical  port.o
    0x08004108   0x00000020   Code   RO         4634    i.vPortExitCritical  port.o
    0x08004128   0x00000048   Code   RO         4583    i.vPortFree         heap_4.o
    0x08004170   0x00000020   Code   RO         4635    i.vPortSetupTimerInterrupt  port.o
    0x08004190   0x00000034   Code   RO         4249    i.vTaskDelay        tasks.o
    0x080041c4   0x00000074   Code   RO         4250    i.vTaskDelayUntil   tasks.o
    0x08004238   0x000000cc   Code   RO         4251    i.vTaskDelete       tasks.o
    0x08004304   0x0000006c   Code   RO         4264    i.vTaskStartScheduler  tasks.o
    0x08004370   0x00000010   Code   RO         4266    i.vTaskSuspendAll   tasks.o
    0x08004380   0x000000a0   Code   RO         4267    i.vTaskSwitchContext  tasks.o
    0x08004420   0x00000034   Code   RO         4636    i.xPortStartScheduler  port.o
    0x08004454   0x00000034   Code   RO         4637    i.xPortSysTickHandler  port.o
    0x08004488   0x00000060   Code   RO         4269    i.xTaskCreate       tasks.o
    0x080044e8   0x0000000c   Code   RO         4273    i.xTaskGetTickCount  tasks.o
    0x080044f4   0x0000011c   Code   RO         4275    i.xTaskIncrementTick  tasks.o
    0x08004610   0x000000e8   Code   RO         4280    i.xTaskResumeAll    tasks.o
    0x080046f8   0x000000c4   Code   RO         4747    x$fpl$fadd          fz_ws.l(faddsub_clz.o)
    0x080047bc   0x00000018   Code   RO         4787    x$fpl$fcmpinf       fz_ws.l(fcmpi.o)
    0x080047d4   0x00000184   Code   RO         4754    x$fpl$fdiv          fz_ws.l(fdiv.o)
    0x08004958   0x00000036   Code   RO         4757    x$fpl$ffix          fz_ws.l(ffix.o)
    0x0800498e   0x00000002   PAD
    0x08004990   0x00000030   Code   RO         4762    x$fpl$fflt          fz_ws.l(fflt_clz.o)
    0x080049c0   0x00000068   Code   RO         4767    x$fpl$fleqf         fz_ws.l(fleqf.o)
    0x08004a28   0x00000102   Code   RO         4769    x$fpl$fmul          fz_ws.l(fmul.o)
    0x08004b2a   0x0000008c   Code   RO         4789    x$fpl$fnaninf       fz_ws.l(fnaninf.o)
    0x08004bb6   0x0000000a   Code   RO         4791    x$fpl$fretinf       fz_ws.l(fretinf.o)
    0x08004bc0   0x00000062   Code   RO         4771    x$fpl$frleqf        fz_ws.l(frleqf.o)
    0x08004c22   0x00000014   Code   RO         4748    x$fpl$frsb          fz_ws.l(faddsub_clz.o)
    0x08004c36   0x00000002   PAD
    0x08004c38   0x000000ea   Code   RO         4749    x$fpl$fsub          fz_ws.l(faddsub_clz.o)
    0x08004d22   0x00000000   Code   RO         4793    x$fpl$usenofp       fz_ws.l(usenofp.o)
    0x08004d22   0x00000002   PAD
    0x08004d24   0x00000014   Data   RO          194    .constdata          system_stm32f10x.o
    0x08004d38   0x00000222   Data   RO         3622    .constdata          modbuscrc16.o
    0x08004f5a   0x00000002   PAD
    0x08004f5c   0x00000020   Data   RO         4949    Region$$Table       anon$$obj.o


    Execution Region RW_IRAM1 (Base: 0x20000000, Size: 0x000050d0, Max: 0x00010000, ABSOLUTE, COMPRESSED[0x00000028])

    Base Addr    Size         Type   Attr      Idx    E Section Name        Object

    0x20000000   0x00000014   Data   RW         1905    .data               stm32f10x_rcc.o
    0x20000014   0x0000001e   Data   RW         3338    .data               can1.o
    0x20000032   0x00000002   PAD
    0x20000034   0x00000008   Data   RW         3390    .data               delay.o
    0x2000003c   0x00000004   Data   RW         3461    .data               tim.o
    0x20000040   0x00000004   Data   RW         3485    .data               tim2.o
    0x20000044   0x00000008   Data   RW         3510    .data               usart3.o
    0x2000004c   0x0000001c   Data   RW         3548    .data               zerocheck.o
    0x20000068   0x00000020   Data   RW         3672    .data               autoexectask.o
    0x20000088   0x00000008   Data   RW         3728    .data               clampangletask.o
    0x20000090   0x0000001c   Data   RW         3774    .data               lifttask.o
    0x200000ac   0x00000030   Data   RW         3798    .data               motortask.o
    0x200000dc   0x00000008   Data   RW         3825    .data               rotatetask.o
    0x200000e4   0x00000024   Data   RW         3849    .data               starttask.o
    0x20000108   0x00000004   Data   RW         3878    .data               statetask.o
    0x2000010c   0x00000044   Data   RW         4283    .data               tasks.o
    0x20000150   0x00000018   Data   RW         4588    .data               heap_4.o
    0x20000168   0x00000004   Data   RW         4638    .data               port.o
    0x2000016c   0x00000012   Zero   RW            5    .bss                main.o
    0x2000017e   0x00000002   PAD
    0x20000180   0x0000005b   Zero   RW         3509    .bss                usart3.o
    0x200001db   0x00000001   PAD
    0x200001dc   0x0000003c   Zero   RW         3547    .bss                zerocheck.o
    0x20000218   0x00000050   Zero   RW         3579    .bss                can2.o
    0x20000268   0x00000120   Zero   RW         3797    .bss                motortask.o
    0x20000388   0x000002e4   Zero   RW         4282    .bss                tasks.o
    0x2000066c   0x00004400   Zero   RW         4587    .bss                heap_4.o
    0x20004a6c   0x00000060   Zero   RW         4824    .bss                c_w.l(libspace.o)
    0x20004acc   0x00000004   PAD
    0x20004ad0   0x00000200   Zero   RW          271    HEAP                startup_stm32f10x_cl.o
    0x20004cd0   0x00000400   Zero   RW          270    STACK               startup_stm32f10x_cl.o


==============================================================================

Image component sizes


      Code (inc. data)   RO Data    RW Data    ZI Data      Debug   Object Name

      2136        228          0         32          0       6360   autoexectask.o
       796         56          0         30          0       8545   can1.o
       824         46          0          0         80       3505   can2.o
       344         26          0          8          0       1499   clampangletask.o
       320         38          0          8          0       2753   delay.o
         0          0          0          0          0       1508   event_groups.o
       508         62          0         24      17408       3695   heap_4.o
       508         70          0         28          0       2135   lifttask.o
       148          0          0          0          0       3026   list.o
       350         20          0          0         18     311695   main.o
       132         22          0          0          0       1447   misc.o
       114          8        546          0          0       1976   modbuscrc16.o
       996        140          0         48        288       3092   motortask.o
        34          0          0          0          0        598   nvic.o
       128          0          0          0          0        863   pid.o
       412         50          0          4          0       8828   port.o
       180         26          0          8          0       1243   rotatetask.o
       404        186          0         36          0       2655   starttask.o
        64         26        336          0       1536        824   startup_stm32f10x_cl.o
       556         48          0          4          0       2716   statetask.o
      1654         22          0          0          0       7080   stm32f10x_can.o
       590         44          0          0          0       7077   stm32f10x_dma.o
       422          6          0          0          0       2694   stm32f10x_gpio.o
        28          0          0          0          0       2987   stm32f10x_it.o
       556         52          0         20          0       6748   stm32f10x_rcc.o
       614         72          0          0          0       6920   stm32f10x_tim.o
       572         28          0          0          0       5416   stm32f10x_usart.o
       316         20         20          0          0       2285   system_stm32f10x.o
      2136        338          0         68        740      24339   tasks.o
       136         12          0          4          0       1448   tim.o
       264         30          0          4          0       1417   tim2.o
       690         58          0          8         91       3101   usart3.o
       376         50          0         28         60       2596   zerocheck.o

    ----------------------------------------------------------------------
     17334       1784        936        364      20224     443071   Object Totals
         0          0         32          0          0          0   (incl. Generated)
        26          0          2          2          3          0   (incl. Padding)

    ----------------------------------------------------------------------

      Code (inc. data)   RO Data    RW Data    ZI Data      Debug   Library Member Name

        90          0          0          0          0          0   __dczerorl2.o
         8          0          0          0          0         68   __main.o
         0          0          0          0          0          0   __rtentry.o
        12          0          0          0          0          0   __rtentry2.o
         6          0          0          0          0          0   __rtentry4.o
        52          8          0          0          0          0   __scatter.o
        28          0          0          0          0          0   __scatter_zi.o
        16          0          0          0          0         68   aeabi_memset.o
        12          0          0          0          0         72   exit.o
         6          0          0          0          0        152   heapauxi.o
         0          0          0          0          0          0   indicate_semi.o
         2          0          0          0          0          0   libinit.o
         2          0          0          0          0          0   libinit2.o
         2          0          0          0          0          0   libshutdown.o
         2          0          0          0          0          0   libshutdown2.o
         8          4          0          0         96         68   libspace.o
        68          0          0          0          0         68   rt_memclr.o
        78          0          0          0          0         80   rt_memclr_w.o
         2          0          0          0          0          0   rtexit.o
        10          0          0          0          0          0   rtexit2.o
        12          4          0          0          0         68   sys_exit.o
        74          0          0          0          0         80   sys_stackheap_outer.o
         2          0          0          0          0         68   use_no_semi.o
       450          8          0          0          0        236   faddsub_clz.o
        24          0          0          0          0         68   fcmpi.o
       388         76          0          0          0         96   fdiv.o
        54          4          0          0          0         84   ffix.o
        48          0          0          0          0         68   fflt_clz.o
       104          4          0          0          0         84   fleqf.o
       258          4          0          0          0         84   fmul.o
       140          4          0          0          0         84   fnaninf.o
        10          0          0          0          0         68   fretinf.o
        98          0          0          0          0         68   frleqf.o
         0          0          0          0          0          0   usenofp.o

    ----------------------------------------------------------------------
      2078        116          0          0        100       1732   Library Totals
        12          0          0          0          4          0   (incl. Padding)

    ----------------------------------------------------------------------

      Code (inc. data)   RO Data    RW Data    ZI Data      Debug   Library Name

       492         16          0          0         96        792   c_w.l
      1574        100          0          0          0        940   fz_ws.l

    ----------------------------------------------------------------------
      2078        116          0          0        100       1732   Library Totals

    ----------------------------------------------------------------------

==============================================================================


      Code (inc. data)   RO Data    RW Data    ZI Data      Debug   

     19412       1900        936        364      20324     436063   Grand Totals
     19412       1900        936         40      20324     436063   ELF Image Totals (compressed)
     19412       1900        936         40          0          0   ROM Totals

==============================================================================

    Total RO  Size (Code + RO Data)                20348 (  19.87kB)
    Total RW  Size (RW Data + ZI Data)             20688 (  20.20kB)
    Total ROM Size (Code + RO Data + RW Data)      20388 (  19.91kB)

==============================================================================

