Component: ARM Compiler 5.05 update 1 (build 106) Tool: armlink [4d0efa]

==============================================================================

Section Cross References

    startup_stm32f10x_md.o(RESET) refers to startup_stm32f10x_md.o(STACK) for __initial_sp
    startup_stm32f10x_md.o(RESET) refers to startup_stm32f10x_md.o(.text) for Reset_Handler
    startup_stm32f10x_md.o(RESET) refers to stm32f10x_it.o(i.NMI_Handler) for NMI_Handler
    startup_stm32f10x_md.o(RESET) refers to stm32f10x_it.o(i.HardFault_Handler) for HardFault_Handler
    startup_stm32f10x_md.o(RESET) refers to stm32f10x_it.o(i.MemManage_Handler) for MemManage_Handler
    startup_stm32f10x_md.o(RESET) refers to stm32f10x_it.o(i.BusFault_Handler) for BusFault_Handler
    startup_stm32f10x_md.o(RESET) refers to stm32f10x_it.o(i.UsageFault_Handler) for UsageFault_Handler
    startup_stm32f10x_md.o(RESET) refers to port.o(.emb_text) for SVC_Handler
    startup_stm32f10x_md.o(RESET) refers to stm32f10x_it.o(i.DebugMon_Handler) for DebugMon_Handler
    startup_stm32f10x_md.o(RESET) refers to stm32f10x_it.o(i.SysTick_Handler) for SysTick_Handler
    startup_stm32f10x_md.o(RESET) refers to usart3.o(i.DMA1_Channel2_IRQHandler) for DMA1_Channel2_IRQHandler
    startup_stm32f10x_md.o(RESET) refers to usart3.o(i.DMA1_Channel3_IRQHandler) for DMA1_Channel3_IRQHandler
    startup_stm32f10x_md.o(RESET) refers to can.o(i.USB_HP_CAN1_TX_IRQHandler) for USB_HP_CAN1_TX_IRQHandler
    startup_stm32f10x_md.o(RESET) refers to can.o(i.USB_LP_CAN1_RX0_IRQHandler) for USB_LP_CAN1_RX0_IRQHandler
    startup_stm32f10x_md.o(RESET) refers to can.o(i.CAN1_RX1_IRQHandler) for CAN1_RX1_IRQHandler
    startup_stm32f10x_md.o(RESET) refers to delay.o(i.TIM2_IRQHandler) for TIM2_IRQHandler
    startup_stm32f10x_md.o(RESET) refers to delay.o(i.TIM3_IRQHandler) for TIM3_IRQHandler
    startup_stm32f10x_md.o(RESET) refers to tim.o(i.TIM4_IRQHandler) for TIM4_IRQHandler
    startup_stm32f10x_md.o(RESET) refers to usart3.o(i.USART3_IRQHandler) for USART3_IRQHandler
    startup_stm32f10x_md.o(.text) refers to system_stm32f10x.o(i.SystemInit) for SystemInit
    startup_stm32f10x_md.o(.text) refers to entry.o(.ARM.Collect$$$$00000000) for __main
    stm32f10x_can.o(i.CAN_DeInit) refers to stm32f10x_rcc.o(i.RCC_APB1PeriphResetCmd) for RCC_APB1PeriphResetCmd
    stm32f10x_can.o(i.CAN_GetITStatus) refers to stm32f10x_can.o(i.CheckITStatus) for CheckITStatus
    stm32f10x_gpio.o(i.GPIO_AFIODeInit) refers to stm32f10x_rcc.o(i.RCC_APB2PeriphResetCmd) for RCC_APB2PeriphResetCmd
    stm32f10x_gpio.o(i.GPIO_DeInit) refers to stm32f10x_rcc.o(i.RCC_APB2PeriphResetCmd) for RCC_APB2PeriphResetCmd
    stm32f10x_adc.o(i.ADC_DeInit) refers to stm32f10x_rcc.o(i.RCC_APB2PeriphResetCmd) for RCC_APB2PeriphResetCmd
    stm32f10x_rcc.o(i.RCC_GetClocksFreq) refers to stm32f10x_rcc.o(.data) for APBAHBPrescTable
    stm32f10x_rcc.o(i.RCC_WaitForHSEStartUp) refers to stm32f10x_rcc.o(i.RCC_GetFlagStatus) for RCC_GetFlagStatus
    stm32f10x_tim.o(i.TIM_DeInit) refers to stm32f10x_rcc.o(i.RCC_APB2PeriphResetCmd) for RCC_APB2PeriphResetCmd
    stm32f10x_tim.o(i.TIM_DeInit) refers to stm32f10x_rcc.o(i.RCC_APB1PeriphResetCmd) for RCC_APB1PeriphResetCmd
    stm32f10x_tim.o(i.TIM_ETRClockMode1Config) refers to stm32f10x_tim.o(i.TIM_ETRConfig) for TIM_ETRConfig
    stm32f10x_tim.o(i.TIM_ETRClockMode2Config) refers to stm32f10x_tim.o(i.TIM_ETRConfig) for TIM_ETRConfig
    stm32f10x_tim.o(i.TIM_ICInit) refers to stm32f10x_tim.o(i.TI1_Config) for TI1_Config
    stm32f10x_tim.o(i.TIM_ICInit) refers to stm32f10x_tim.o(i.TIM_SetIC1Prescaler) for TIM_SetIC1Prescaler
    stm32f10x_tim.o(i.TIM_ICInit) refers to stm32f10x_tim.o(i.TI2_Config) for TI2_Config
    stm32f10x_tim.o(i.TIM_ICInit) refers to stm32f10x_tim.o(i.TIM_SetIC2Prescaler) for TIM_SetIC2Prescaler
    stm32f10x_tim.o(i.TIM_ICInit) refers to stm32f10x_tim.o(i.TI3_Config) for TI3_Config
    stm32f10x_tim.o(i.TIM_ICInit) refers to stm32f10x_tim.o(i.TIM_SetIC3Prescaler) for TIM_SetIC3Prescaler
    stm32f10x_tim.o(i.TIM_ICInit) refers to stm32f10x_tim.o(i.TI4_Config) for TI4_Config
    stm32f10x_tim.o(i.TIM_ICInit) refers to stm32f10x_tim.o(i.TIM_SetIC4Prescaler) for TIM_SetIC4Prescaler
    stm32f10x_tim.o(i.TIM_ITRxExternalClockConfig) refers to stm32f10x_tim.o(i.TIM_SelectInputTrigger) for TIM_SelectInputTrigger
    stm32f10x_tim.o(i.TIM_PWMIConfig) refers to stm32f10x_tim.o(i.TI1_Config) for TI1_Config
    stm32f10x_tim.o(i.TIM_PWMIConfig) refers to stm32f10x_tim.o(i.TIM_SetIC1Prescaler) for TIM_SetIC1Prescaler
    stm32f10x_tim.o(i.TIM_PWMIConfig) refers to stm32f10x_tim.o(i.TI2_Config) for TI2_Config
    stm32f10x_tim.o(i.TIM_PWMIConfig) refers to stm32f10x_tim.o(i.TIM_SetIC2Prescaler) for TIM_SetIC2Prescaler
    stm32f10x_tim.o(i.TIM_TIxExternalClockConfig) refers to stm32f10x_tim.o(i.TI2_Config) for TI2_Config
    stm32f10x_tim.o(i.TIM_TIxExternalClockConfig) refers to stm32f10x_tim.o(i.TI1_Config) for TI1_Config
[...]
    Removing tasks.o(i.xTaskResumeFromISR), (152 bytes).
    Removing heap_4.o(i.vPortInitialiseBlocks), (2 bytes).
    Removing heap_4.o(i.xPortGetFreeHeapSize), (12 bytes).
    Removing heap_4.o(i.xPortGetMinimumEverFreeHeapSize), (12 bytes).
    Removing port.o(i.vPortEndScheduler), (2 bytes).
    Removing modbuscrc16.o(i.crc16bitbybit), (62 bytes).
    Removing modbuscrc16.o(i.crc16tablefast), (68 bytes).
    Removing dadd.o(.text), (334 bytes).
    Removing dmul.o(.text), (228 bytes).
    Removing ddiv.o(.text), (222 bytes).
    Removing dfixul.o(.text), (48 bytes).
    Removing cdrcmple.o(.text), (48 bytes).
    Removing depilogue.o(.text), (186 bytes).

374 unused section(s) (total 19080 bytes) removed from the image.

==============================================================================

Image Symbol Table

    Local Symbols

    Symbol Name                              Value     Ov Type        Size  Object(Section)

    ../clib/../cmprslib/zerorunl2.c          0x00000000   Number         0  __dczerorl2.o ABSOLUTE
    ../clib/microlib/division.c              0x00000000   Number         0  uidiv.o ABSOLUTE
    ../clib/microlib/division.c              0x00000000   Number         0  uldiv.o ABSOLUTE
    ../clib/microlib/init/entry.s            0x00000000   Number         0  entry8a.o ABSOLUTE
    ../clib/microlib/init/entry.s            0x00000000   Number         0  entry9a.o ABSOLUTE
    ../clib/microlib/init/entry.s            0x00000000   Number         0  entry9b.o ABSOLUTE
    ../clib/microlib/init/entry.s            0x00000000   Number         0  entry10a.o ABSOLUTE
    ../clib/microlib/init/entry.s            0x00000000   Number         0  entry7a.o ABSOLUTE
    ../clib/microlib/init/entry.s            0x00000000   Number         0  entry11b.o ABSOLUTE
    ../clib/microlib/init/entry.s            0x00000000   Number         0  entry.o ABSOLUTE
    ../clib/microlib/init/entry.s            0x00000000   Number         0  entry8b.o ABSOLUTE
    ../clib/microlib/init/entry.s            0x00000000   Number         0  entry2.o ABSOLUTE
    ../clib/microlib/init/entry.s            0x00000000   Number         0  entry5.o ABSOLUTE
    ../clib/microlib/init/entry.s            0x00000000   Number         0  entry7b.o ABSOLUTE
    ../clib/microlib/init/entry.s            0x00000000   Number         0  entry10b.o ABSOLUTE
    ../clib/microlib/init/entry.s            0x00000000   Number         0  entry11a.o ABSOLUTE
    ../clib/microlib/longlong.c              0x00000000   Number         0  llsshr.o ABSOLUTE
    ../clib/microlib/longlong.c              0x00000000   Number         0  llushr.o ABSOLUTE
    ../clib/microlib/longlong.c              0x00000000   Number         0  llshl.o ABSOLUTE
    ../clib/microlib/printf/printf.c         0x00000000   Number         0  printf0.o ABSOLUTE
    ../clib/microlib/printf/printf.c         0x00000000   Number         0  printf1.o ABSOLUTE
    ../clib/microlib/printf/printf.c         0x00000000   Number         0  printf2.o ABSOLUTE
    ../clib/microlib/printf/printf.c         0x00000000   Number         0  printf3.o ABSOLUTE
    ../clib/microlib/printf/printf.c         0x00000000   Number         0  printf4.o ABSOLUTE
    ../clib/microlib/printf/printf.c         0x00000000   Number         0  printf5.o ABSOLUTE
    ../clib/microlib/printf/printf.c         0x00000000   Number         0  printf7.o ABSOLUTE
    ../clib/microlib/printf/printf.c         0x00000000   Number         0  printf8.o ABSOLUTE
    ../clib/microlib/printf/printf.c         0x00000000   Number         0  printfa.o ABSOLUTE
    ../clib/microlib/printf/printf.c         0x00000000   Number         0  printfb.o ABSOLUTE
    ../clib/microlib/printf/printf.c         0x00000000   Number         0  printf6.o ABSOLUTE
    ../clib/microlib/printf/stubs.s          0x00000000   Number         0  stubs.o ABSOLUTE
    ../clib/microlib/stdio/fputc.c           0x00000000   Number         0  fputc.o ABSOLUTE
    ../clib/microlib/stdio/semi.s            0x00000000   Number         0  semi.o ABSOLUTE
    ../clib/microlib/stdio/streams.c         0x00000000   Number         0  stdout.o ABSOLUTE
    ../clib/microlib/string/memcpy.c         0x00000000   Number         0  memcpya.o ABSOLUTE
    ../clib/microlib/string/memcpy.c         0x00000000   Number         0  memcpyb.o ABSOLUTE
    ../clib/microlib/string/memset.c         0x00000000   Number         0  memseta.o ABSOLUTE
    ../clib/microlib/string/strcpy.c         0x00000000   Number         0  strcpy.o ABSOLUTE
    ../clib/microlib/string/strlen.c         0x00000000   Number         0  strlen.o ABSOLUTE
    ../clib/microlib/stubs.s                 0x00000000   Number         0  iusesemip.o ABSOLUTE
    ../clib/microlib/stubs.s                 0x00000000   Number         0  iusefp.o ABSOLUTE
    ../fplib/microlib/fpadd.c                0x00000000   Number         0  fadd.o ABSOLUTE
    ../fplib/microlib/fpadd.c                0x00000000   Number         0  dadd.o ABSOLUTE
    ../fplib/microlib/fpdiv.c                0x00000000   Number         0  ddiv.o ABSOLUTE
    ../fplib/microlib/fpdiv.c                0x00000000   Number         0  fdiv.o ABSOLUTE
    ../fplib/microlib/fpepilogue.c           0x00000000   Number         0  fepilogue.o ABSOLUTE
    ../fplib/microlib/fpepilogue.c           0x00000000   Number         0  depilogue.o ABSOLUTE
    ../fplib/microlib/fpfix.c                0x00000000   Number         0  ffixi.o ABSOLUTE
    ../fplib/microlib/fpfix.c                0x00000000   Number         0  dfixul.o ABSOLUTE
    ../fplib/microlib/fpflt.c                0x00000000   Number         0  fflti.o ABSOLUTE
    ../fplib/microlib/fpmul.c                0x00000000   Number         0  fmul.o ABSOLUTE
    ../fplib/microlib/fpmul.c                0x00000000   Number         0  dmul.o ABSOLUTE
    ..\Algorithm\ModbusCRC16.c               0x00000000   Number         0  modbuscrc16.o ABSOLUTE
    ..\Algorithm\pid.c                       0x00000000   Number         0  pid.o ABSOLUTE
    ..\CM3\core_cm3.c                        0x00000000   Number         0  core_cm3.o ABSOLUTE
    ..\CM3\startup_stm32f10x_md.s            0x00000000   Number         0  startup_stm32f10x_md.o ABSOLUTE
    ..\FreeRTOS\port\MemMang\heap_4.c        0x00000000   Number         0  heap_4.o ABSOLUTE
    ..\FreeRTOS\port\RVDS\ARM_CM3\port.c     0x00000000   Number         0  port.o ABSOLUTE
    ..\FreeRTOS\src\croutine.c               0x00000000   Number         0  croutine.o ABSOLUTE
    ..\FreeRTOS\src\event_groups.c           0x00000000   Number         0  event_groups.o ABSOLUTE
    ..\FreeRTOS\src\list.c                   0x00000000   Number         0  list.o ABSOLUTE
    ..\FreeRTOS\src\queue.c                  0x00000000   Number         0  queue.o ABSOLUTE
    ..\FreeRTOS\src\tasks.c                  0x00000000   Number         0  tasks.o ABSOLUTE
    ..\FreeRTOS\src\timers.c                 0x00000000   Number         0  timers.o ABSOLUTE
    ..\Libraries\misc.c                      0x00000000   Number         0  misc.o ABSOLUTE
    ..\Libraries\stm32f10x_adc.c             0x00000000   Number         0  stm32f10x_adc.o ABSOLUTE
    ..\Libraries\stm32f10x_can.c             0x00000000   Number         0  stm32f10x_can.o ABSOLUTE
    ..\Libraries\stm32f10x_crc.c             0x00000000   Number         0  stm32f10x_crc.o ABSOLUTE
    ..\Libraries\stm32f10x_dma.c             0x00000000   Number         0  stm32f10x_dma.o ABSOLUTE
    ..\Libraries\stm32f10x_exti.c            0x00000000   Number         0  stm32f10x_exti.o ABSOLUTE
    ..\Libraries\stm32f10x_flash.c           0x00000000   Number         0  stm32f10x_flash.o ABSOLUTE
    ..\Libraries\stm32f10x_gpio.c            0x00000000   Number         0  stm32f10x_gpio.o ABSOLUTE
    ..\Libraries\stm32f10x_iwdg.c            0x00000000   Number         0  stm32f10x_iwdg.o ABSOLUTE
    ..\Libraries\stm32f10x_rcc.c             0x00000000   Number         0  stm32f10x_rcc.o ABSOLUTE
    ..\Libraries\stm32f10x_spi.c             0x00000000   Number         0  stm32f10x_spi.o ABSOLUTE
    ..\Libraries\stm32f10x_tim.c             0x00000000   Number         0  stm32f10x_tim.o ABSOLUTE
    ..\Libraries\stm32f10x_usart.c           0x00000000   Number         0  stm32f10x_usart.o ABSOLUTE
    ..\MyLib\Nvic.c                          0x00000000   Number         0  nvic.o ABSOLUTE
    ..\MyLib\ZeroCheck.c                     0x00000000   Number         0  zerocheck.o ABSOLUTE
    ..\MyLib\can.c                           0x00000000   Number         0  can.o ABSOLUTE
    ..\MyLib\delay.c                         0x00000000   Number         0  delay.o ABSOLUTE
    ..\MyLib\iwdg.c                          0x00000000   Number         0  iwdg.o ABSOLUTE
    ..\MyLib\tim.c                           0x00000000   Number         0  tim.o ABSOLUTE
    ..\MyLib\usart3.c                        0x00000000   Number         0  usart3.o ABSOLUTE
    ..\Task\AutoexecTask.c                   0x00000000   Number         0  autoexectask.o ABSOLUTE
    ..\Task\ClampAngleTask.c                 0x00000000   Number         0  clampangletask.o ABSOLUTE
    ..\Task\ForwardTask.c                    0x00000000   Number         0  forwardtask.o ABSOLUTE
    ..\Task\LiftTask.c                       0x00000000   Number         0  lifttask.o ABSOLUTE
    ..\Task\MotorTask.c                      0x00000000   Number         0  motortask.o ABSOLUTE
    ..\Task\RotateTask.c                     0x00000000   Number         0  rotatetask.o ABSOLUTE
    ..\Task\StartTask.c                      0x00000000   Number         0  starttask.o ABSOLUTE
    ..\Task\StateTask.c                      0x00000000   Number         0  statetask.o ABSOLUTE
    ..\User\main.c                           0x00000000   Number         0  main.o ABSOLUTE
    ..\User\stm32f10x_it.c                   0x00000000   Number         0  stm32f10x_it.o ABSOLUTE
    ..\User\system_stm32f10x.c               0x00000000   Number         0  system_stm32f10x.o ABSOLUTE
    ..\\CM3\\core_cm3.c                      0x00000000   Number         0  core_cm3.o ABSOLUTE
    ..\\FreeRTOS\\port\\RVDS\\ARM_CM3\\port.c 0x00000000   Number         0  port.o ABSOLUTE
    cdrcmple.s                               0x00000000   Number         0  cdrcmple.o ABSOLUTE
    cfcmple.s                                0x00000000   Number         0  cfcmple.o ABSOLUTE
    cfrcmple.s                               0x00000000   Number         0  cfrcmple.o ABSOLUTE
    dc.s                                     0x00000000   Number         0  dc.o ABSOLUTE
    handlers.s                               0x00000000   Number         0  handlers.o ABSOLUTE
    init.s                                   0x00000000   Number         0  init.o ABSOLUTE
    RESET                                    0x08000000   Section      236  startup_stm32f10x_md.o(RESET)
    .ARM.Collect$$$$00000000                 0x080000ec   Section        0  entry.o(.ARM.Collect$$$$00000000)
    .ARM.Collect$$$$00000001                 0x080000ec   Section        4  entry2.o(.ARM.Collect$$$$00000001)
    .ARM.Collect$$$$00000004                 0x080000f0   Section        4  entry5.o(.ARM.Collect$$$$00000004)
    .ARM.Collect$$$$00000008                 0x080000f4   Section        0  entry7b.o(.ARM.Collect$$$$00000008)
    .ARM.Collect$$$$0000000A                 0x080000f4   Section        0  entry8b.o(.ARM.Collect$$$$0000000A)
    .ARM.Collect$$$$0000000B                 0x080000f4   Section        8  entry9a.o(.ARM.Collect$$$$0000000B)
    .ARM.Collect$$$$0000000D                 0x080000fc   Section        0  entry10a.o(.ARM.Collect$$$$0000000D)
    .ARM.Collect$$$$0000000F                 0x080000fc   Section        0  entry11a.o(.ARM.Collect$$$$0000000F)
    .ARM.Collect$$$$00002712                 0x080000fc   Section        4  entry2.o(.ARM.Collect$$$$00002712)
    __lit__00000000                          0x080000fc   Data           4  entry2.o(.ARM.Collect$$$$00002712)
    .emb_text                                0x08000100   Section      150  port.o(.emb_text)
    .text                                    0x08000198   Section       36  startup_stm32f10x_md.o(.text)
    .text                                    0x080001bc   Section        0  memseta.o(.text)
    .text                                    0x080001e0   Section        0  fadd.o(.text)
    .text                                    0x08000290   Section        0  fmul.o(.text)
    .text                                    0x080002f4   Section        0  fdiv.o(.text)
    .text                                    0x08000370   Section        0  fflti.o(.text)
    .text                                    0x08000382   Section        0  ffixi.o(.text)
    .text                                    0x080003b4   Section       20  cfcmple.o(.text)
    .text                                    0x080003c8   Section       20  cfrcmple.o(.text)
    .text                                    0x080003dc   Section        0  fepilogue.o(.text)
    .text                                    0x080003dc   Section        0  iusefp.o(.text)
    .text                                    0x0800044c   Section       36  init.o(.text)
    .text                                    0x08000470   Section        0  __dczerorl2.o(.text)
    i.BSP_init                               0x080004c6   Section        0  main.o(i.BSP_init)
    i.BusFault_Handler                       0x080004ea   Section        0  stm32f10x_it.o(i.BusFault_Handler)
    i.CAN1_Config                            0x080004f0   Section        0  can.o(i.CAN1_Config)
    i.CAN1_RX1_IRQHandler                    0x08000658   Section        0  can.o(i.CAN1_RX1_IRQHandler)
    i.CAN_ClearITPendingBit                  0x080006d0   Section        0  stm32f10x_can.o(i.CAN_ClearITPendingBit)
    i.CAN_DeInit                             0x08000778   Section        0  stm32f10x_can.o(i.CAN_DeInit)
    i.CAN_FilterInit                         0x080007b0   Section        0  stm32f10x_can.o(i.CAN_FilterInit)
    i.CAN_GetITStatus                        0x080008b8   Section        0  stm32f10x_can.o(i.CAN_GetITStatus)
    i.CAN_ITConfig                           0x080009d8   Section        0  stm32f10x_can.o(i.CAN_ITConfig)
    i.CAN_Init                               0x080009ea   Section        0  stm32f10x_can.o(i.CAN_Init)
    i.CAN_Receive                            0x08000afe   Section        0  stm32f10x_can.o(i.CAN_Receive)
    i.CAN_StructInit                         0x08000bee   Section        0  stm32f10x_can.o(i.CAN_StructInit)
    i.CAN_Transmit                           0x08000c0e   Section        0  stm32f10x_can.o(i.CAN_Transmit)
    i.CPU_task                               0x08000d34   Section        0  starttask.o(i.CPU_task)
    i.CheckITStatus                          0x08000d50   Section        0  stm32f10x_can.o(i.CheckITStatus)
    CheckITStatus                            0x08000d51   Thumb Code    18  stm32f10x_can.o(i.CheckITStatus)
    i.DMA1_Channel2_IRQHandler               0x08000d64   Section        0  usart3.o(i.DMA1_Channel2_IRQHandler)
    i.DMA1_Channel3_IRQHandler               0x08000d88   Section        0  usart3.o(i.DMA1_Channel3_IRQHandler)
    i.DMA_ClearFlag                          0x08000da0   Section        0  stm32f10x_dma.o(i.DMA_ClearFlag)
    i.DMA_ClearITPendingBit                  0x08000dbc   Section        0  stm32f10x_dma.o(i.DMA_ClearITPendingBit)
    i.DMA_Cmd                                0x08000dd8   Section        0  stm32f10x_dma.o(i.DMA_Cmd)
    i.DMA_DeInit                             0x08000df0   Section        0  stm32f10x_dma.o(i.DMA_DeInit)
    i.DMA_GetCurrDataCounter                 0x08000f3c   Section        0  stm32f10x_dma.o(i.DMA_GetCurrDataCounter)
    i.DMA_GetFlagStatus                      0x08000f44   Section        0  stm32f10x_dma.o(i.DMA_GetFlagStatus)
    i.DMA_GetITStatus                        0x08000f70   Section        0  stm32f10x_dma.o(i.DMA_GetITStatus)
    i.DMA_ITConfig                           0x08000f9c   Section        0  stm32f10x_dma.o(i.DMA_ITConfig)
    i.DMA_Init                               0x08000fae   Section        0  stm32f10x_dma.o(i.DMA_Init)
    i.DMA_SetCurrDataCounter                 0x08000fea   Section        0  stm32f10x_dma.o(i.DMA_SetCurrDataCounter)
    i.Data_Send_to_Master_Init               0x08000ff0   Section        0  can.o(i.Data_Send_to_Master_Init)
    i.DebugMon_Handler                       0x0800100c   Section        0  stm32f10x_it.o(i.DebugMon_Handler)
    i.GPIO_Init                              0x0800100e   Section        0  stm32f10x_gpio.o(i.GPIO_Init)
    i.HardFault_Handler                      0x08001124   Section        0  stm32f10x_it.o(i.HardFault_Handler)
    i.Lift_task                              0x08001128   Section        0  lifttask.o(i.Lift_task)
    i.MemManage_Handler                      0x08001144   Section        0  stm32f10x_it.o(i.MemManage_Handler)
    i.Motor_task                             0x08001148   Section        0  motortask.o(i.Motor_task)
    i.NMI_Handler                            0x08001168   Section        0  stm32f10x_it.o(i.NMI_Handler)
    i.NVIC_Config                            0x0800116a   Section        0  nvic.o(i.NVIC_Config)
    i.NVIC_Init                              0x0800118c   Section        0  misc.o(i.NVIC_Init)
    i.NVIC_PriorityGroupConfig               0x080011fc   Section        0  misc.o(i.NVIC_PriorityGroupConfig)
    i.PID_Calc                               0x08001210   Section        0  pid.o(i.PID_Calc)
    i.Pid_Motor_Init                         0x08001290   Section        0  motortask.o(i.Pid_Motor_Init)
    i.RCC_AHBPeriphClockCmd                  0x080013b0   Section        0  stm32f10x_rcc.o(i.RCC_AHBPeriphClockCmd)
    i.RCC_APB1PeriphClockCmd                 0x080013d0   Section        0  stm32f10x_rcc.o(i.RCC_APB1PeriphClockCmd)
    i.RCC_APB1PeriphResetCmd                 0x080013f0   Section        0  stm32f10x_rcc.o(i.RCC_APB1PeriphResetCmd)
    i.RCC_APB2PeriphClockCmd                 0x08001410   Section        0  stm32f10x_rcc.o(i.RCC_APB2PeriphClockCmd)
    i.RCC_APB2PeriphResetCmd                 0x08001430   Section        0  stm32f10x_rcc.o(i.RCC_APB2PeriphResetCmd)
    i.RCC_GetClocksFreq                      0x08001450   Section        0  stm32f10x_rcc.o(i.RCC_GetClocksFreq)
    i.SetSysClock                            0x08001524   Section        0  system_stm32f10x.o(i.SetSysClock)
    SetSysClock                              0x08001525   Thumb Code     8  system_stm32f10x.o(i.SetSysClock)
    i.SetSysClockTo72                        0x0800152c   Section        0  system_stm32f10x.o(i.SetSysClockTo72)
    SetSysClockTo72                          0x0800152d   Thumb Code   214  system_stm32f10x.o(i.SetSysClockTo72)
    i.Slave2Master                           0x0800160c   Section        0  can.o(i.Slave2Master)
    i.SysTick_Handler                        0x080016e4   Section        0  stm32f10x_it.o(i.SysTick_Handler)
    i.SystemInit                             0x080016ec   Section        0  system_stm32f10x.o(i.SystemInit)
    i.TIM2_IRQHandler                        0x0800174c   Section        0  delay.o(i.TIM2_IRQHandler)
    i.TIM2_Init                              0x08001770   Section        0  delay.o(i.TIM2_Init)
    i.TIM3_IRQHandler                        0x080017cc   Section        0  delay.o(i.TIM3_IRQHandler)
    i.TIM3_Init                              0x080017f8   Section        0  delay.o(i.TIM3_Init)
    i.TIM4_IRQHandler                        0x08001858   Section        0  tim.o(i.TIM4_IRQHandler)
    i.TIM4_Init                              0x08001880   Section        0  tim.o(i.TIM4_Init)
    i.TIM_ClearITPendingBit                  0x080018e0   Section        0  stm32f10x_tim.o(i.TIM_ClearITPendingBit)
    i.TIM_Cmd                                0x080018e6   Section        0  stm32f10x_tim.o(i.TIM_Cmd)
    i.TIM_GetITStatus                        0x080018fe   Section        0  stm32f10x_tim.o(i.TIM_GetITStatus)
    i.TIM_ITConfig                           0x08001920   Section        0  stm32f10x_tim.o(i.TIM_ITConfig)
    i.TIM_TimeBaseInit                       0x08001934   Section        0  stm32f10x_tim.o(i.TIM_TimeBaseInit)
    i.USART3_Configuration                   0x080019d8   Section        0  usart3.o(i.USART3_Configuration)
    i.USART3_IRQHandler                      0x08001ba4   Section        0  usart3.o(i.USART3_IRQHandler)
    i.USART_Cmd                              0x08001c50   Section        0  stm32f10x_usart.o(i.USART_Cmd)
    i.USART_DMACmd                           0x08001c68   Section        0  stm32f10x_usart.o(i.USART_DMACmd)
    i.USART_DeInit                           0x08001c7c   Section        0  stm32f10x_usart.o(i.USART_DeInit)
    i.USART_GetITStatus                      0x08001d18   Section        0  stm32f10x_usart.o(i.USART_GetITStatus)
    i.USART_ITConfig                         0x08001d6c   Section        0  stm32f10x_usart.o(i.USART_ITConfig)
    i.USART_Init                             0x08001db8   Section        0  stm32f10x_usart.o(i.USART_Init)
    i.USB_HP_CAN1_TX_IRQHandler              0x08001e90   Section        0  can.o(i.USB_HP_CAN1_TX_IRQHandler)
    i.USB_LP_CAN1_RX0_IRQHandler             0x08001eac   Section        0  can.o(i.USB_LP_CAN1_RX0_IRQHandler)
    i.UsageFault_Handler                     0x08001f84   Section        0  stm32f10x_it.o(i.UsageFault_Handler)
    i.Verify_modbusCRC16_Check_Sum           0x08001f88   Section        0  modbuscrc16.o(i.Verify_modbusCRC16_Check_Sum)
    i.ZeroCheck                              0x08001fc4   Section        0  zerocheck.o(i.ZeroCheck)
    i.ZeroCheck_Init                         0x0800205c   Section        0  zerocheck.o(i.ZeroCheck_Init)
    i.ZeroCheck_cal                          0x080020bc   Section        0  zerocheck.o(i.ZeroCheck_cal)
    i.__scatterload_copy                     0x0800213c   Section       14  handlers.o(i.__scatterload_copy)
    i.__scatterload_null                     0x0800214a   Section        2  handlers.o(i.__scatterload_null)
    i.__scatterload_zeroinit                 0x0800214c   Section       14  handlers.o(i.__scatterload_zeroinit)
    i.autoExchange                           0x0800215c   Section        0  autoexectask.o(i.autoExchange)
    i.autoGetMineMidair                      0x0800229c   Section        0  autoexectask.o(i.autoGetMineMidair)
    i.autoLargeIslandMine                    0x080023a4   Section        0  autoexectask.o(i.autoLargeIslandMine)
    i.autoMineMidair                         0x080024cc   Section        0  autoexectask.o(i.autoMineMidair)
    i.autoModeDelay_ms                       0x0800259c   Section        0  autoexectask.o(i.autoModeDelay_ms)
    i.autoModeSwitch                         0x080025d0   Section        0  statetask.o(i.autoModeSwitch)
    i.autoSmallIslandMine                    0x080025d4   Section        0  autoexectask.o(i.autoSmallIslandMine)
    i.autoexec                               0x08002744   Section        0  autoexectask.o(i.autoexec)
    i.autoexecTask                           0x08002870   Section        0  autoexectask.o(i.autoexecTask)
    i.changeBaudRate                         0x0800288c   Section        0  usart3.o(i.changeBaudRate)
    i.clampAngleSend                         0x08002a58   Section        0  clampangletask.o(i.clampAngleSend)
    i.clampAngleSendTask                     0x08002ab4   Section        0  clampangletask.o(i.clampAngleSendTask)
    i.crc16table                             0x08002bb0   Section        0  modbuscrc16.o(i.crc16table)
    i.delay_ms                               0x08002be8   Section        0  delay.o(i.delay_ms)
    i.flagInit                               0x08002c14   Section        0  main.o(i.flagInit)
    i.flagModeSwitch                         0x08002c40   Section        0  statetask.o(i.flagModeSwitch)
    i.gpioConfig                             0x08002d24   Section        0  main.o(i.gpioConfig)
    i.main                                   0x08002e08   Section        0  main.o(i.main)
    i.modeInit                               0x08002e2c   Section        0  statetask.o(i.modeInit)
    i.modeSwitch                             0x08002e3c   Section        0  statetask.o(i.modeSwitch)
    i.modeSwitchTask                         0x08002f10   Section        0  statetask.o(i.modeSwitchTask)
    i.motorCurrentSend                       0x08002f40   Section        0  can.o(i.motorCurrentSend)
    i.motorRotate                            0x08002ffc   Section        0  rotatetask.o(i.motorRotate)
    i.motor_cal_task                         0x08003094   Section        0  motortask.o(i.motor_cal_task)
    i.motor_lift_task                        0x0800331c   Section        0  lifttask.o(i.motor_lift_task)
    i.prvAddCurrentTaskToDelayedList         0x080034fc   Section        0  tasks.o(i.prvAddCurrentTaskToDelayedList)
    prvAddCurrentTaskToDelayedList           0x080034fd   Thumb Code   124  tasks.o(i.prvAddCurrentTaskToDelayedList)
    i.prvAddNewTaskToReadyList               0x08003594   Section        0  tasks.o(i.prvAddNewTaskToReadyList)
    prvAddNewTaskToReadyList                 0x08003595   Thumb Code   156  tasks.o(i.prvAddNewTaskToReadyList)
    i.prvCheckTasksWaitingTermination        0x0800364c   Section        0  tasks.o(i.prvCheckTasksWaitingTermination)
    prvCheckTasksWaitingTermination          0x0800364d   Thumb Code    86  tasks.o(i.prvCheckTasksWaitingTermination)
    i.prvDeleteTCB                           0x080036b0   Section        0  tasks.o(i.prvDeleteTCB)
    prvDeleteTCB                             0x080036b1   Thumb Code    18  tasks.o(i.prvDeleteTCB)
    i.prvHeapInit                            0x080036c4   Section        0  heap_4.o(i.prvHeapInit)
    prvHeapInit                              0x080036c5   Thumb Code    98  heap_4.o(i.prvHeapInit)
    i.prvIdleTask                            0x08003740   Section        0  tasks.o(i.prvIdleTask)
    prvIdleTask                              0x08003741   Thumb Code    32  tasks.o(i.prvIdleTask)
    i.prvInitialiseNewTask                   0x08003768   Section        0  tasks.o(i.prvInitialiseNewTask)
    prvInitialiseNewTask                     0x08003769   Thumb Code   144  tasks.o(i.prvInitialiseNewTask)
    i.prvInitialiseTaskLists                 0x080037f8   Section        0  tasks.o(i.prvInitialiseTaskLists)
    prvInitialiseTaskLists                   0x080037f9   Thumb Code    70  tasks.o(i.prvInitialiseTaskLists)
    i.prvInsertBlockIntoFreeList             0x08003860   Section        0  heap_4.o(i.prvInsertBlockIntoFreeList)
    prvInsertBlockIntoFreeList               0x08003861   Thumb Code    96  heap_4.o(i.prvInsertBlockIntoFreeList)
    i.prvResetNextTaskUnblockTime            0x080038c8   Section        0  tasks.o(i.prvResetNextTaskUnblockTime)
    prvResetNextTaskUnblockTime              0x080038c9   Thumb Code    42  tasks.o(i.prvResetNextTaskUnblockTime)
    i.prvTaskCheckFreeStackSpace             0x080038fc   Section        0  tasks.o(i.prvTaskCheckFreeStackSpace)
    prvTaskCheckFreeStackSpace               0x080038fd   Thumb Code    22  tasks.o(i.prvTaskCheckFreeStackSpace)
    i.prvTaskExitError                       0x08003912   Section        0  port.o(i.prvTaskExitError)
    prvTaskExitError                         0x08003913   Thumb Code    22  port.o(i.prvTaskExitError)
    i.pvPortMalloc                           0x08003928   Section        0  heap_4.o(i.pvPortMalloc)
    i.pxPortInitialiseStack                  0x080039f8   Section        0  port.o(i.pxPortInitialiseStack)
    i.rotate_Task                            0x08003a1c   Section        0  rotatetask.o(i.rotate_Task)
    i.startTask                              0x08003a38   Section        0  starttask.o(i.startTask)
    i.start_task                             0x08003a64   Section        0  starttask.o(i.start_task)
    i.uxListRemove                           0x08003bb0   Section        0  list.o(i.uxListRemove)
    i.uxTaskGetStackHighWaterMark            0x08003bd8   Section        0  tasks.o(i.uxTaskGetStackHighWaterMark)
    i.vListInitialise                        0x08003c00   Section        0  list.o(i.vListInitialise)
    i.vListInitialiseItem                    0x08003c1a   Section        0  list.o(i.vListInitialiseItem)
    i.vListInsert                            0x08003c20   Section        0  list.o(i.vListInsert)
    i.vListInsertEnd                         0x08003c54   Section        0  list.o(i.vListInsertEnd)
    i.vPortEnterCritical                     0x08003c6c   Section        0  port.o(i.vPortEnterCritical)
    i.vPortExitCritical                      0x08003c90   Section        0  port.o(i.vPortExitCritical)
    i.vPortFree                              0x08003cb0   Section        0  heap_4.o(i.vPortFree)
    i.vPortSetupTimerInterrupt               0x08003cf8   Section        0  port.o(i.vPortSetupTimerInterrupt)
    i.vTaskDelay                             0x08003d18   Section        0  tasks.o(i.vTaskDelay)
    i.vTaskDelayUntil                        0x08003d4c   Section        0  tasks.o(i.vTaskDelayUntil)
    i.vTaskDelete                            0x08003dc0   Section        0  tasks.o(i.vTaskDelete)
    i.vTaskStartScheduler                    0x08003e8c   Section        0  tasks.o(i.vTaskStartScheduler)
    i.vTaskSuspendAll                        0x08003ef8   Section        0  tasks.o(i.vTaskSuspendAll)
    i.vTaskSwitchContext                     0x08003f08   Section        0  tasks.o(i.vTaskSwitchContext)
    i.xPortStartScheduler                    0x08003fa8   Section        0  port.o(i.xPortStartScheduler)
    i.xPortSysTickHandler                    0x08003fdc   Section        0  port.o(i.xPortSysTickHandler)
    i.xTaskCreate                            0x08004010   Section        0  tasks.o(i.xTaskCreate)
    i.xTaskGetTickCount                      0x08004070   Section        0  tasks.o(i.xTaskGetTickCount)
    i.xTaskIncrementTick                     0x0800407c   Section        0  tasks.o(i.xTaskIncrementTick)
    i.xTaskResumeAll                         0x08004198   Section        0  tasks.o(i.xTaskResumeAll)
    .constdata                               0x08004280   Section      546  modbuscrc16.o(.constdata)
    .data                                    0x20000000   Section       20  stm32f10x_rcc.o(.data)
    APBAHBPrescTable                         0x20000000   Data          16  stm32f10x_rcc.o(.data)
    ADCPrescTable                            0x20000010   Data           4  stm32f10x_rcc.o(.data)
    .data                                    0x20000014   Section       20  system_stm32f10x.o(.data)
    .data                                    0x20000028   Section        8  delay.o(.data)
    .data                                    0x20000030   Section        4  tim.o(.data)
    .data                                    0x20000034   Section       22  can.o(.data)
    .data                                    0x2000004c   Section       28  zerocheck.o(.data)
    .data                                    0x20000068   Section        8  usart3.o(.data)
    .data                                    0x20000070   Section       36  starttask.o(.data)
    StartTask_Handler                        0x20000074   Data           4  starttask.o(.data)
    CPUTask_Handler                          0x20000078   Data           4  starttask.o(.data)
    modeSwitchTask_Handler                   0x2000007c   Data           4  starttask.o(.data)
    autoexecTask_Handler                     0x20000080   Data           4  starttask.o(.data)
    ClampAngleTask_Handler                   0x20000084   Data           4  starttask.o(.data)
    MOTOR_TASK_Handler                       0x20000088   Data           4  starttask.o(.data)
    LIFT_TASK_Handler                        0x2000008c   Data           4  starttask.o(.data)
    ROTATE_TASK_Handler                      0x20000090   Data           4  starttask.o(.data)
    .data                                    0x20000094   Section        4  statetask.o(.data)
    .data                                    0x20000098   Section       28  autoexectask.o(.data)
    .data                                    0x200000b4   Section       44  motortask.o(.data)
    .data                                    0x200000e0   Section       28  lifttask.o(.data)
    .data                                    0x200000fc   Section        8  clampangletask.o(.data)
    .data                                    0x20000104   Section        8  rotatetask.o(.data)
    .data                                    0x2000010c   Section       68  tasks.o(.data)
    pxDelayedTaskList                        0x20000110   Data           4  tasks.o(.data)
    pxOverflowDelayedTaskList                0x20000114   Data           4  tasks.o(.data)
    uxDeletedTasksWaitingCleanUp             0x20000118   Data           4  tasks.o(.data)
    uxCurrentNumberOfTasks                   0x2000011c   Data           4  tasks.o(.data)
    xTickCount                               0x20000120   Data           4  tasks.o(.data)
    uxTopReadyPriority                       0x20000124   Data           4  tasks.o(.data)
    xSchedulerRunning                        0x20000128   Data           4  tasks.o(.data)
    uxPendedTicks                            0x2000012c   Data           4  tasks.o(.data)
    xYieldPending                            0x20000130   Data           4  tasks.o(.data)
    xNumOfOverflows                          0x20000134   Data           4  tasks.o(.data)
    uxTaskNumber                             0x20000138   Data           4  tasks.o(.data)
    xNextTaskUnblockTime                     0x2000013c   Data           4  tasks.o(.data)
    xIdleTaskHandle                          0x20000140   Data           4  tasks.o(.data)
    uxSchedulerSuspended                     0x20000144   Data           4  tasks.o(.data)
    ulTaskSwitchedInTime                     0x20000148   Data           4  tasks.o(.data)
    ulTotalRunTime                           0x2000014c   Data           4  tasks.o(.data)
    .data                                    0x20000150   Section       24  heap_4.o(.data)
    xStart                                   0x20000150   Data           8  heap_4.o(.data)
    pxEnd                                    0x20000158   Data           4  heap_4.o(.data)
    xFreeBytesRemaining                      0x2000015c   Data           4  heap_4.o(.data)
    xMinimumEverFreeBytesRemaining           0x20000160   Data           4  heap_4.o(.data)
    xBlockAllocatedBit                       0x20000164   Data           4  heap_4.o(.data)
    .data                                    0x20000168   Section        4  port.o(.data)
    uxCriticalNesting                        0x20000168   Data           4  port.o(.data)
    .bss                                     0x2000016c   Section       14  main.o(.bss)
    .bss                                     0x2000017c   Section      100  can.o(.bss)
    .bss                                     0x200001e0   Section       60  zerocheck.o(.bss)
    .bss                                     0x2000021c   Section       91  usart3.o(.bss)
    .bss                                     0x20000278   Section      288  motortask.o(.bss)
    .bss                                     0x20000398   Section      740  tasks.o(.bss)
    pxReadyTasksLists                        0x20000398   Data         640  tasks.o(.bss)
    xDelayedTaskList1                        0x20000618   Data          20  tasks.o(.bss)
    xDelayedTaskList2                        0x2000062c   Data          20  tasks.o(.bss)
    xPendingReadyList                        0x20000640   Data          20  tasks.o(.bss)
    xTasksWaitingTermination                 0x20000654   Data          20  tasks.o(.bss)
    xSuspendedTaskList                       0x20000668   Data          20  tasks.o(.bss)
    .bss                                     0x2000067c   Section    17408  heap_4.o(.bss)
    ucHeap                                   0x2000067c   Data       17408  heap_4.o(.bss)
    STACK                                    0x20004a80   Section     1024  startup_stm32f10x_md.o(STACK)

    Global Symbols

    Symbol Name                              Value     Ov Type        Size  Object(Section)

    BuildAttributes$$THM_ISAv4$P$D$K$B$S$PE$A:L22UL41UL21$X:L11$S22US41US21$IEEE1$IW$USESV6$~STKCKD$USESV7$~SHL$OTIME$ROPI$EBA8$MICROLIB$REQ8$PRES8$EABIv2 0x00000000   Number         0  anon$$obj.o ABSOLUTE
    __ARM_use_no_argv                        0x00000000   Number         0  main.o ABSOLUTE
    _printf_a                                0x00000000   Number         0  stubs.o ABSOLUTE
    _printf_c                                0x00000000   Number         0  stubs.o ABSOLUTE
    _printf_charcount                        0x00000000   Number         0  stubs.o ABSOLUTE
    _printf_d                                0x00000000   Number         0  stubs.o ABSOLUTE
    _printf_e                                0x00000000   Number         0  stubs.o ABSOLUTE
    _printf_f                                0x00000000   Number         0  stubs.o ABSOLUTE
    _printf_flags                            0x00000000   Number         0  stubs.o ABSOLUTE
    _printf_fp_dec                           0x00000000   Number         0  stubs.o ABSOLUTE
    _printf_fp_hex                           0x00000000   Number         0  stubs.o ABSOLUTE
    _printf_g                                0x00000000   Number         0  stubs.o ABSOLUTE
    _printf_i                                0x00000000   Number         0  stubs.o ABSOLUTE
    _printf_int_dec                          0x00000000   Number         0  stubs.o ABSOLUTE
    _printf_l                                0x00000000   Number         0  stubs.o ABSOLUTE
    _printf_lc                               0x00000000   Number         0  stubs.o ABSOLUTE
    _printf_ll                               0x00000000   Number         0  stubs.o ABSOLUTE
    _printf_lld                              0x00000000   Number         0  stubs.o ABSOLUTE
    _printf_lli                              0x00000000   Number         0  stubs.o ABSOLUTE
    _printf_llo                              0x00000000   Number         0  stubs.o ABSOLUTE
    _printf_llu                              0x00000000   Number         0  stubs.o ABSOLUTE
    _printf_llx                              0x00000000   Number         0  stubs.o ABSOLUTE
    _printf_longlong_dec                     0x00000000   Number         0  stubs.o ABSOLUTE
    _printf_longlong_hex                     0x00000000   Number         0  stubs.o ABSOLUTE
    _printf_longlong_oct                     0x00000000   Number         0  stubs.o ABSOLUTE
    _printf_ls                               0x00000000   Number         0  stubs.o ABSOLUTE
    _printf_mbtowc                           0x00000000   Number         0  stubs.o ABSOLUTE
    _printf_n                                0x00000000   Number         0  stubs.o ABSOLUTE
    _printf_o                                0x00000000   Number         0  stubs.o ABSOLUTE
    _printf_p                                0x00000000   Number         0  stubs.o ABSOLUTE
    _printf_percent                          0x00000000   Number         0  stubs.o ABSOLUTE
    _printf_pre_padding                      0x00000000   Number         0  stubs.o ABSOLUTE
    _printf_return_value                     0x00000000   Number         0  stubs.o ABSOLUTE
    _printf_s                                0x00000000   Number         0  stubs.o ABSOLUTE
    _printf_sizespec                         0x00000000   Number         0  stubs.o ABSOLUTE
    _printf_str                              0x00000000   Number         0  stubs.o ABSOLUTE
    _printf_truncate_signed                  0x00000000   Number         0  stubs.o ABSOLUTE
    _printf_truncate_unsigned                0x00000000   Number         0  stubs.o ABSOLUTE
    _printf_u                                0x00000000   Number         0  stubs.o ABSOLUTE
    _printf_wc                               0x00000000   Number         0  stubs.o ABSOLUTE
    _printf_wctomb                           0x00000000   Number         0  stubs.o ABSOLUTE
    _printf_widthprec                        0x00000000   Number         0  stubs.o ABSOLUTE
    _printf_x                                0x00000000   Number         0  stubs.o ABSOLUTE
    __cpp_initialize__aeabi_                  - Undefined Weak Reference
    __cxa_finalize                            - Undefined Weak Reference
    _clock_init                               - Undefined Weak Reference
    _microlib_exit                            - Undefined Weak Reference
    __Vectors_Size                           0x000000ec   Number         0  startup_stm32f10x_md.o ABSOLUTE
    __Vectors                                0x08000000   Data           4  startup_stm32f10x_md.o(RESET)
    __Vectors_End                            0x080000ec   Data           0  startup_stm32f10x_md.o(RESET)
    __main                                   0x080000ed   Thumb Code     0  entry.o(.ARM.Collect$$$$00000000)
    _main_stk                                0x080000ed   Thumb Code     0  entry2.o(.ARM.Collect$$$$00000001)
    _main_scatterload                        0x080000f1   Thumb Code     0  entry5.o(.ARM.Collect$$$$00000004)
    __main_after_scatterload                 0x080000f5   Thumb Code     0  entry5.o(.ARM.Collect$$$$00000004)
    _main_clock                              0x080000f5   Thumb Code     0  entry7b.o(.ARM.Collect$$$$00000008)
    _main_cpp_init                           0x080000f5   Thumb Code     0  entry8b.o(.ARM.Collect$$$$0000000A)
    _main_init                               0x080000f5   Thumb Code     0  entry9a.o(.ARM.Collect$$$$0000000B)
    __rt_final_cpp                           0x080000fd   Thumb Code     0  entry10a.o(.ARM.Collect$$$$0000000D)
    __rt_final_exit                          0x080000fd   Thumb Code     0  entry11a.o(.ARM.Collect$$$$0000000F)
    SVC_Handler                              0x08000101   Thumb Code    32  port.o(.emb_text)
    __asm___6_port_c_39a90d8d__prvStartFirstTask 0x08000125   Thumb Code    28  port.o(.emb_text)
    PendSV_Handler                           0x08000145   Thumb Code    72  port.o(.emb_text)
    vPortGetIPSR                             0x08000191   Thumb Code     6  port.o(.emb_text)
    Reset_Handler                            0x08000199   Thumb Code     8  startup_stm32f10x_md.o(.text)
    ADC1_2_IRQHandler                        0x080001b3   Thumb Code     0  startup_stm32f10x_md.o(.text)
    CAN1_SCE_IRQHandler                      0x080001b3   Thumb Code     0  startup_stm32f10x_md.o(.text)
    DMA1_Channel1_IRQHandler                 0x080001b3   Thumb Code     0  startup_stm32f10x_md.o(.text)
    DMA1_Channel4_IRQHandler                 0x080001b3   Thumb Code     0  startup_stm32f10x_md.o(.text)
    DMA1_Channel5_IRQHandler                 0x080001b3   Thumb Code     0  startup_stm32f10x_md.o(.text)
    DMA1_Channel6_IRQHandler                 0x080001b3   Thumb Code     0  startup_stm32f10x_md.o(.text)
    DMA1_Channel7_IRQHandler                 0x080001b3   Thumb Code     0  startup_stm32f10x_md.o(.text)
    EXTI0_IRQHandler                         0x080001b3   Thumb Code     0  startup_stm32f10x_md.o(.text)
    EXTI15_10_IRQHandler                     0x080001b3   Thumb Code     0  startup_stm32f10x_md.o(.text)
    EXTI1_IRQHandler                         0x080001b3   Thumb Code     0  startup_stm32f10x_md.o(.text)
    EXTI2_IRQHandler                         0x080001b3   Thumb Code     0  startup_stm32f10x_md.o(.text)
    EXTI3_IRQHandler                         0x080001b3   Thumb Code     0  startup_stm32f10x_md.o(.text)
    EXTI4_IRQHandler                         0x080001b3   Thumb Code     0  startup_stm32f10x_md.o(.text)
    EXTI9_5_IRQHandler                       0x080001b3   Thumb Code     0  startup_stm32f10x_md.o(.text)
    FLASH_IRQHandler                         0x080001b3   Thumb Code     0  startup_stm32f10x_md.o(.text)
    I2C1_ER_IRQHandler                       0x080001b3   Thumb Code     0  startup_stm32f10x_md.o(.text)
    I2C1_EV_IRQHandler                       0x080001b3   Thumb Code     0  startup_stm32f10x_md.o(.text)
    I2C2_ER_IRQHandler                       0x080001b3   Thumb Code     0  startup_stm32f10x_md.o(.text)
    I2C2_EV_IRQHandler                       0x080001b3   Thumb Code     0  startup_stm32f10x_md.o(.text)
    PVD_IRQHandler                           0x080001b3   Thumb Code     0  startup_stm32f10x_md.o(.text)
    RCC_IRQHandler                           0x080001b3   Thumb Code     0  startup_stm32f10x_md.o(.text)
    RTCAlarm_IRQHandler                      0x080001b3   Thumb Code     0  startup_stm32f10x_md.o(.text)
    RTC_IRQHandler                           0x080001b3   Thumb Code     0  startup_stm32f10x_md.o(.text)
    SPI1_IRQHandler                          0x080001b3   Thumb Code     0  startup_stm32f10x_md.o(.text)
    SPI2_IRQHandler                          0x080001b3   Thumb Code     0  startup_stm32f10x_md.o(.text)
    TAMPER_IRQHandler                        0x080001b3   Thumb Code     0  startup_stm32f10x_md.o(.text)
    TIM1_BRK_IRQHandler                      0x080001b3   Thumb Code     0  startup_stm32f10x_md.o(.text)
    TIM1_CC_IRQHandler                       0x080001b3   Thumb Code     0  startup_stm32f10x_md.o(.text)
    TIM1_TRG_COM_IRQHandler                  0x080001b3   Thumb Code     0  startup_stm32f10x_md.o(.text)
    TIM1_UP_IRQHandler                       0x080001b3   Thumb Code     0  startup_stm32f10x_md.o(.text)
    USART1_IRQHandler                        0x080001b3   Thumb Code     0  startup_stm32f10x_md.o(.text)
    USART2_IRQHandler                        0x080001b3   Thumb Code     0  startup_stm32f10x_md.o(.text)
    USBWakeUp_IRQHandler                     0x080001b3   Thumb Code     0  startup_stm32f10x_md.o(.text)
    WWDG_IRQHandler                          0x080001b3   Thumb Code     0  startup_stm32f10x_md.o(.text)
    __aeabi_memset                           0x080001bd   Thumb Code    14  memseta.o(.text)
    __aeabi_memset4                          0x080001bd   Thumb Code     0  memseta.o(.text)
    __aeabi_memset8                          0x080001bd   Thumb Code     0  memseta.o(.text)
    __aeabi_memclr                           0x080001cb   Thumb Code     4  memseta.o(.text)
    __aeabi_memclr4                          0x080001cb   Thumb Code     0  memseta.o(.text)
    __aeabi_memclr8                          0x080001cb   Thumb Code     0  memseta.o(.text)
    _memset$wrapper                          0x080001cf   Thumb Code    18  memseta.o(.text)
    __aeabi_fadd                             0x080001e1   Thumb Code   164  fadd.o(.text)
    __aeabi_fsub                             0x08000285   Thumb Code     6  fadd.o(.text)
    __aeabi_frsub                            0x0800028b   Thumb Code     6  fadd.o(.text)
    __aeabi_fmul                             0x08000291   Thumb Code   100  fmul.o(.text)
    __aeabi_fdiv                             0x080002f5   Thumb Code   124  fdiv.o(.text)
    __aeabi_i2f                              0x08000371   Thumb Code    18  fflti.o(.text)
    __aeabi_f2iz                             0x08000383   Thumb Code    50  ffixi.o(.text)
    __aeabi_cfcmpeq                          0x080003b5   Thumb Code     0  cfcmple.o(.text)
    __aeabi_cfcmple                          0x080003b5   Thumb Code    20  cfcmple.o(.text)
    __aeabi_cfrcmple                         0x080003c9   Thumb Code    20  cfrcmple.o(.text)
    __I$use$fp                               0x080003dd   Thumb Code     0  iusefp.o(.text)
    _float_round                             0x080003dd   Thumb Code    18  fepilogue.o(.text)
    _float_epilogue                          0x080003ef   Thumb Code    92  fepilogue.o(.text)
    __scatterload                            0x0800044d   Thumb Code    28  init.o(.text)
    __scatterload_rt2                        0x0800044d   Thumb Code     0  init.o(.text)
    __decompress                             0x08000471   Thumb Code     0  __dczerorl2.o(.text)
    __decompress1                            0x08000471   Thumb Code    86  __dczerorl2.o(.text)
    BSP_init                                 0x080004c7   Thumb Code    36  main.o(i.BSP_init)
    BusFault_Handler                         0x080004eb   Thumb Code     4  stm32f10x_it.o(i.BusFault_Handler)
    CAN1_Config                              0x080004f1   Thumb Code   352  can.o(i.CAN1_Config)
    CAN1_RX1_IRQHandler                      0x08000659   Thumb Code   108  can.o(i.CAN1_RX1_IRQHandler)
    CAN_ClearITPendingBit                    0x080006d1   Thumb Code   162  stm32f10x_can.o(i.CAN_ClearITPendingBit)
    CAN_DeInit                               0x08000779   Thumb Code    50  stm32f10x_can.o(i.CAN_DeInit)
    CAN_FilterInit                           0x080007b1   Thumb Code   258  stm32f10x_can.o(i.CAN_FilterInit)
    CAN_GetITStatus                          0x080008b9   Thumb Code   284  stm32f10x_can.o(i.CAN_GetITStatus)
    CAN_ITConfig                             0x080009d9   Thumb Code    18  stm32f10x_can.o(i.CAN_ITConfig)
    CAN_Init                                 0x080009eb   Thumb Code   276  stm32f10x_can.o(i.CAN_Init)
    CAN_Receive                              0x08000aff   Thumb Code   240  stm32f10x_can.o(i.CAN_Receive)
    CAN_StructInit                           0x08000bef   Thumb Code    32  stm32f10x_can.o(i.CAN_StructInit)
    CAN_Transmit                             0x08000c0f   Thumb Code   294  stm32f10x_can.o(i.CAN_Transmit)
    CPU_task                                 0x08000d35   Thumb Code    22  starttask.o(i.CPU_task)
    DMA1_Channel2_IRQHandler                 0x08000d65   Thumb Code    32  usart3.o(i.DMA1_Channel2_IRQHandler)
    DMA1_Channel3_IRQHandler                 0x08000d89   Thumb Code    22  usart3.o(i.DMA1_Channel3_IRQHandler)
    DMA_ClearFlag                            0x08000da1   Thumb Code    18  stm32f10x_dma.o(i.DMA_ClearFlag)
    DMA_ClearITPendingBit                    0x08000dbd   Thumb Code    18  stm32f10x_dma.o(i.DMA_ClearITPendingBit)
    DMA_Cmd                                  0x08000dd9   Thumb Code    24  stm32f10x_dma.o(i.DMA_Cmd)
    DMA_DeInit                               0x08000df1   Thumb Code   324  stm32f10x_dma.o(i.DMA_DeInit)
    DMA_GetCurrDataCounter                   0x08000f3d   Thumb Code     8  stm32f10x_dma.o(i.DMA_GetCurrDataCounter)
    DMA_GetFlagStatus                        0x08000f45   Thumb Code    36  stm32f10x_dma.o(i.DMA_GetFlagStatus)
    DMA_GetITStatus                          0x08000f71   Thumb Code    36  stm32f10x_dma.o(i.DMA_GetITStatus)
    DMA_ITConfig                             0x08000f9d   Thumb Code    18  stm32f10x_dma.o(i.DMA_ITConfig)
    DMA_Init                                 0x08000faf   Thumb Code    60  stm32f10x_dma.o(i.DMA_Init)
    DMA_SetCurrDataCounter                   0x08000feb   Thumb Code     4  stm32f10x_dma.o(i.DMA_SetCurrDataCounter)
    Data_Send_to_Master_Init                 0x08000ff1   Thumb Code    24  can.o(i.Data_Send_to_Master_Init)
    DebugMon_Handler                         0x0800100d   Thumb Code     2  stm32f10x_it.o(i.DebugMon_Handler)
    GPIO_Init                                0x0800100f   Thumb Code   278  stm32f10x_gpio.o(i.GPIO_Init)
    HardFault_Handler                        0x08001125   Thumb Code     4  stm32f10x_it.o(i.HardFault_Handler)
    Lift_task                                0x08001129   Thumb Code    24  lifttask.o(i.Lift_task)
    MemManage_Handler                        0x08001145   Thumb Code     4  stm32f10x_it.o(i.MemManage_Handler)
    Motor_task                               0x08001149   Thumb Code    28  motortask.o(i.Motor_task)
    NMI_Handler                              0x08001169   Thumb Code     2  stm32f10x_it.o(i.NMI_Handler)
    NVIC_Config                              0x0800116b   Thumb Code    34  nvic.o(i.NVIC_Config)
    NVIC_Init                                0x0800118d   Thumb Code   100  misc.o(i.NVIC_Init)
    NVIC_PriorityGroupConfig                 0x080011fd   Thumb Code    10  misc.o(i.NVIC_PriorityGroupConfig)
    PID_Calc                                 0x08001211   Thumb Code   128  pid.o(i.PID_Calc)
    Pid_Motor_Init                           0x08001291   Thumb Code   220  motortask.o(i.Pid_Motor_Init)
    RCC_AHBPeriphClockCmd                    0x080013b1   Thumb Code    26  stm32f10x_rcc.o(i.RCC_AHBPeriphClockCmd)
    RCC_APB1PeriphClockCmd                   0x080013d1   Thumb Code    26  stm32f10x_rcc.o(i.RCC_APB1PeriphClockCmd)
    RCC_APB1PeriphResetCmd                   0x080013f1   Thumb Code    26  stm32f10x_rcc.o(i.RCC_APB1PeriphResetCmd)
    RCC_APB2PeriphClockCmd                   0x08001411   Thumb Code    26  stm32f10x_rcc.o(i.RCC_APB2PeriphClockCmd)
    RCC_APB2PeriphResetCmd                   0x08001431   Thumb Code    26  stm32f10x_rcc.o(i.RCC_APB2PeriphResetCmd)
    RCC_GetClocksFreq                        0x08001451   Thumb Code   192  stm32f10x_rcc.o(i.RCC_GetClocksFreq)
    Slave2Master                             0x0800160d   Thumb Code   198  can.o(i.Slave2Master)
    SysTick_Handler                          0x080016e5   Thumb Code     8  stm32f10x_it.o(i.SysTick_Handler)
    SystemInit                               0x080016ed   Thumb Code    78  system_stm32f10x.o(i.SystemInit)
    TIM2_IRQHandler                          0x0800174d   Thumb Code    32  delay.o(i.TIM2_IRQHandler)
    TIM2_Init                                0x08001771   Thumb Code    92  delay.o(i.TIM2_Init)
    TIM3_IRQHandler                          0x080017cd   Thumb Code    34  delay.o(i.TIM3_IRQHandler)
    TIM3_Init                                0x080017f9   Thumb Code    90  delay.o(i.TIM3_Init)
    TIM4_IRQHandler                          0x08001859   Thumb Code    32  tim.o(i.TIM4_IRQHandler)
    TIM4_Init                                0x08001881   Thumb Code    92  tim.o(i.TIM4_Init)
    TIM_ClearITPendingBit                    0x080018e1   Thumb Code     6  stm32f10x_tim.o(i.TIM_ClearITPendingBit)
    TIM_Cmd                                  0x080018e7   Thumb Code    24  stm32f10x_tim.o(i.TIM_Cmd)
    TIM_GetITStatus                          0x080018ff   Thumb Code    34  stm32f10x_tim.o(i.TIM_GetITStatus)
    TIM_ITConfig                             0x08001921   Thumb Code    18  stm32f10x_tim.o(i.TIM_ITConfig)
    TIM_TimeBaseInit                         0x08001935   Thumb Code   122  stm32f10x_tim.o(i.TIM_TimeBaseInit)
    USART3_Configuration                     0x080019d9   Thumb Code   434  usart3.o(i.USART3_Configuration)
    USART3_IRQHandler                        0x08001ba5   Thumb Code   144  usart3.o(i.USART3_IRQHandler)
    USART_Cmd                                0x08001c51   Thumb Code    24  stm32f10x_usart.o(i.USART_Cmd)
    USART_DMACmd                             0x08001c69   Thumb Code    18  stm32f10x_usart.o(i.USART_DMACmd)
    USART_DeInit                             0x08001c7d   Thumb Code   134  stm32f10x_usart.o(i.USART_DeInit)
    USART_GetITStatus                        0x08001d19   Thumb Code    84  stm32f10x_usart.o(i.USART_GetITStatus)
    USART_ITConfig                           0x08001d6d   Thumb Code    74  stm32f10x_usart.o(i.USART_ITConfig)
    USART_Init                               0x08001db9   Thumb Code   210  stm32f10x_usart.o(i.USART_Init)
    USB_HP_CAN1_TX_IRQHandler                0x08001e91   Thumb Code    22  can.o(i.USB_HP_CAN1_TX_IRQHandler)
    USB_LP_CAN1_RX0_IRQHandler               0x08001ead   Thumb Code   198  can.o(i.USB_LP_CAN1_RX0_IRQHandler)
    UsageFault_Handler                       0x08001f85   Thumb Code     4  stm32f10x_it.o(i.UsageFault_Handler)
    Verify_modbusCRC16_Check_Sum             0x08001f89   Thumb Code    58  modbuscrc16.o(i.Verify_modbusCRC16_Check_Sum)
    ZeroCheck                                0x08001fc5   Thumb Code   142  zerocheck.o(i.ZeroCheck)
    ZeroCheck_Init                           0x0800205d   Thumb Code    82  zerocheck.o(i.ZeroCheck_Init)
    ZeroCheck_cal                            0x080020bd   Thumb Code   102  zerocheck.o(i.ZeroCheck_cal)
    __scatterload_copy                       0x0800213d   Thumb Code    14  handlers.o(i.__scatterload_copy)
    __scatterload_null                       0x0800214b   Thumb Code     2  handlers.o(i.__scatterload_null)
    __scatterload_zeroinit                   0x0800214d   Thumb Code    14  handlers.o(i.__scatterload_zeroinit)
    autoExchange                             0x0800215d   Thumb Code   304  autoexectask.o(i.autoExchange)
    autoGetMineMidair                        0x0800229d   Thumb Code   250  autoexectask.o(i.autoGetMineMidair)
    autoLargeIslandMine                      0x080023a5   Thumb Code   284  autoexectask.o(i.autoLargeIslandMine)
    autoMineMidair                           0x080024cd   Thumb Code   190  autoexectask.o(i.autoMineMidair)
    autoModeDelay_ms                         0x0800259d   Thumb Code    36  autoexectask.o(i.autoModeDelay_ms)
    autoModeSwitch                           0x080025d1   Thumb Code     2  statetask.o(i.autoModeSwitch)
    autoSmallIslandMine                      0x080025d5   Thumb Code   352  autoexectask.o(i.autoSmallIslandMine)
    autoexec                                 0x08002745   Thumb Code   234  autoexectask.o(i.autoexec)
    autoexecTask                             0x08002871   Thumb Code    24  autoexectask.o(i.autoexecTask)
    changeBaudRate                           0x0800288d   Thumb Code   434  usart3.o(i.changeBaudRate)
    clampAngleSend                           0x08002a59   Thumb Code    80  clampangletask.o(i.clampAngleSend)
    clampAngleSendTask                       0x08002ab5   Thumb Code   238  clampangletask.o(i.clampAngleSendTask)
    crc16table                               0x08002bb1   Thumb Code    48  modbuscrc16.o(i.crc16table)
    delay_ms                                 0x08002be9   Thumb Code    38  delay.o(i.delay_ms)
    flagInit                                 0x08002c15   Thumb Code    40  main.o(i.flagInit)
    flagModeSwitch                           0x08002c41   Thumb Code   216  statetask.o(i.flagModeSwitch)
    gpioConfig                               0x08002d25   Thumb Code   214  main.o(i.gpioConfig)
    main                                     0x08002e09   Thumb Code    34  main.o(i.main)
    modeInit                                 0x08002e2d   Thumb Code    10  statetask.o(i.modeInit)
    modeSwitch                               0x08002e3d   Thumb Code   198  statetask.o(i.modeSwitch)
    modeSwitchTask                           0x08002f11   Thumb Code    44  statetask.o(i.modeSwitchTask)
    motorCurrentSend                         0x08002f41   Thumb Code   180  can.o(i.motorCurrentSend)
    motorRotate                              0x08002ffd   Thumb Code   130  rotatetask.o(i.motorRotate)
    motor_cal_task                           0x08003095   Thumb Code   592  motortask.o(i.motor_cal_task)
    motor_lift_task                          0x0800331d   Thumb Code   414  lifttask.o(i.motor_lift_task)
    pvPortMalloc                             0x08003929   Thumb Code   188  heap_4.o(i.pvPortMalloc)
    pxPortInitialiseStack                    0x080039f9   Thumb Code    30  port.o(i.pxPortInitialiseStack)
    rotate_Task                              0x08003a1d   Thumb Code    24  rotatetask.o(i.rotate_Task)
    startTask                                0x08003a39   Thumb Code    24  starttask.o(i.startTask)
    start_task                               0x08003a65   Thumb Code   172  starttask.o(i.start_task)
    uxListRemove                             0x08003bb1   Thumb Code    40  list.o(i.uxListRemove)
    uxTaskGetStackHighWaterMark              0x08003bd9   Thumb Code    34  tasks.o(i.uxTaskGetStackHighWaterMark)
    vListInitialise                          0x08003c01   Thumb Code    26  list.o(i.vListInitialise)
    vListInitialiseItem                      0x08003c1b   Thumb Code     6  list.o(i.vListInitialiseItem)
    vListInsert                              0x08003c21   Thumb Code    52  list.o(i.vListInsert)
    vListInsertEnd                           0x08003c55   Thumb Code    24  list.o(i.vListInsertEnd)
    vPortEnterCritical                       0x08003c6d   Thumb Code    30  port.o(i.vPortEnterCritical)
    vPortExitCritical                        0x08003c91   Thumb Code    28  port.o(i.vPortExitCritical)
    vPortFree                                0x08003cb1   Thumb Code    64  heap_4.o(i.vPortFree)
    vPortSetupTimerInterrupt                 0x08003cf9   Thumb Code    26  port.o(i.vPortSetupTimerInterrupt)
    vTaskDelay                               0x08003d19   Thumb Code    46  tasks.o(i.vTaskDelay)
    vTaskDelayUntil                          0x08003d4d   Thumb Code   106  tasks.o(i.vTaskDelayUntil)
    vTaskDelete                              0x08003dc1   Thumb Code   166  tasks.o(i.vTaskDelete)
    vTaskStartScheduler                      0x08003e8d   Thumb Code    76  tasks.o(i.vTaskStartScheduler)
    vTaskSuspendAll                          0x08003ef9   Thumb Code    12  tasks.o(i.vTaskSuspendAll)
    vTaskSwitchContext                       0x08003f09   Thumb Code   128  tasks.o(i.vTaskSwitchContext)
    xPortStartScheduler                      0x08003fa9   Thumb Code    42  port.o(i.xPortStartScheduler)
    xPortSysTickHandler                      0x08003fdd   Thumb Code    46  port.o(i.xPortSysTickHandler)
    xTaskCreate                              0x08004011   Thumb Code    96  tasks.o(i.xTaskCreate)
    xTaskGetTickCount                        0x08004071   Thumb Code     6  tasks.o(i.xTaskGetTickCount)
    xTaskIncrementTick                       0x0800407d   Thumb Code   238  tasks.o(i.xTaskIncrementTick)
    xTaskResumeAll                           0x08004199   Thumb Code   196  tasks.o(i.xTaskResumeAll)
    polynom                                  0x08004280   Data           2  modbuscrc16.o(.constdata)
    crctablehi                               0x08004282   Data         256  modbuscrc16.o(.constdata)
    crctablelo                               0x08004382   Data         256  modbuscrc16.o(.constdata)
    crctalbeabs                              0x08004482   Data          32  modbuscrc16.o(.constdata)
    Region$$Table$$Base                      0x080044a4   Number         0  anon$$obj.o(Region$$Table)
    Region$$Table$$Limit                     0x080044c4   Number         0  anon$$obj.o(Region$$Table)
    SystemCoreClock                          0x20000014   Data           4  system_stm32f10x.o(.data)
    AHBPrescTable                            0x20000018   Data          16  system_stm32f10x.o(.data)
    delayms                                  0x20000028   Data           4  delay.o(.data)
    delayus                                  0x2000002c   Data           4  delay.o(.data)
    CPU_RunTime                              0x20000030   Data           4  tim.o(.data)
    can                                      0x20000034   Data           4  can.o(.data)
    Data_Send_to_F105                        0x20000038   Data           8  can.o(.data)
    data_receive                             0x20000040   Data           8  can.o(.data)
    Flag2Master                              0x20000048   Data           1  can.o(.data)
    FlagOfMaster                             0x20000049   Data           1  can.o(.data)
    Pos_LiftTrack                            0x2000004c   Data           8  zerocheck.o(.data)
    Pos_Rotate_Motor                         0x20000054   Data           4  zerocheck.o(.data)
    pos_before0                              0x20000058   Data           4  zerocheck.o(.data)
    pos_before1                              0x2000005c   Data           4  zerocheck.o(.data)
    pos_before2                              0x20000060   Data           4  zerocheck.o(.data)
    pos_before3                              0x20000064   Data           4  zerocheck.o(.data)
    ClampAngle_X                             0x20000068   Data           4  usart3.o(.data)
    data_length                              0x2000006c   Data           4  usart3.o(.data)
    CPU_high_water                           0x20000070   Data           4  starttask.o(.data)
    Mode_Switch_high_water                   0x20000094   Data           4  statetask.o(.data)
    Autoexec_high_water                      0x20000098   Data           4  autoexectask.o(.data)
    auto_large_enum                          0x2000009c   Data           1  autoexectask.o(.data)
    auto_large_enum_next                     0x2000009d   Data           1  autoexectask.o(.data)
    auto_midair_enum                         0x2000009e   Data           1  autoexectask.o(.data)
    auto_midair_enum_next                    0x2000009f   Data           1  autoexectask.o(.data)
    auto_get_midair_enum                     0x200000a0   Data           1  autoexectask.o(.data)
    auto_get_midair_enum_next                0x200000a1   Data           1  autoexectask.o(.data)
    auto_small_enum                          0x200000a2   Data           1  autoexectask.o(.data)
    auto_small_enum_next                     0x200000a3   Data           1  autoexectask.o(.data)
    auto_exchange_enum                       0x200000a4   Data           1  autoexectask.o(.data)
    auto_exchange_enum_next                  0x200000a5   Data           1  autoexectask.o(.data)
    auto_delay_flag                          0x200000a6   Data           1  autoexectask.o(.data)
    auto_delay_en_flag                       0x200000a7   Data           1  autoexectask.o(.data)
    auto_delay_length                        0x200000a8   Data           4  autoexectask.o(.data)
    auto_time_pre                            0x200000ac   Data           4  autoexectask.o(.data)
    auto_time_now                            0x200000b0   Data           4  autoexectask.o(.data)
    Motor_high_water                         0x200000b4   Data           4  motortask.o(.data)
    LiftTrack_Current                        0x200000b8   Data           8  motortask.o(.data)
    Rotate_Motor_Current                     0x200000c0   Data           4  motortask.o(.data)
    LiftPositionInit                         0x200000c4   Data           8  motortask.o(.data)
    LiftJourney_1                            0x200000cc   Data           4  motortask.o(.data)
    LiftJourney_2                            0x200000d0   Data           4  motortask.o(.data)
    lift_once_offset                         0x200000d4   Data           4  motortask.o(.data)
    RotatePositionInit                       0x200000d8   Data           4  motortask.o(.data)
    RotateJourney                            0x200000dc   Data           4  motortask.o(.data)
    Lift_high_water                          0x200000e0   Data           4  lifttask.o(.data)
    lift_pos_set                             0x200000e4   Data           8  lifttask.o(.data)
    Lift_pos_set_pre                         0x200000ec   Data           8  lifttask.o(.data)
    test_p                                   0x200000f4   Data           4  lifttask.o(.data)
    test_ii                                  0x200000f8   Data           4  lifttask.o(.data)
    time_test                                0x200000fc   Data           4  clampangletask.o(.data)
    Clamp_high_water                         0x20000100   Data           4  clampangletask.o(.data)
    rotate_set                               0x20000104   Data           4  rotatetask.o(.data)
    rotate_high_water                        0x20000108   Data           4  rotatetask.o(.data)
    pxCurrentTCB                             0x2000010c   Data           4  tasks.o(.data)
    g_Flag                                   0x2000016c   Data          14  main.o(.bss)
    Track_Motor                              0x2000017c   Data          40  can.o(.bss)
    Rotate_Motor                             0x200001a4   Data          20  can.o(.bss)
    tx_message                               0x200001b8   Data          20  can.o(.bss)
    rx_message                               0x200001cc   Data          20  can.o(.bss)
    ZeroCheck_LiftTrack                      0x200001e0   Data          40  zerocheck.o(.bss)
    ZeroCheck_Rotate_Motor                   0x20000208   Data          20  zerocheck.o(.bss)
    ClampAngleReceiveBuffer                  0x2000021c   Data          15  usart3.o(.bss)
    ClampAngleSend                           0x2000022b   Data          15  usart3.o(.bss)
    USART3_TX_dma                            0x2000023c   Data          44  usart3.o(.bss)
    angle_receive                            0x20000268   Data          15  usart3.o(.bss)
    Pid_LiftTrack_Speed                      0x20000278   Data          96  motortask.o(.bss)
    Pid_LiftTrack_Positioin                  0x200002d8   Data          96  motortask.o(.bss)
    Pid_Rotate_Motor_Speed                   0x20000338   Data          48  motortask.o(.bss)
    Pid_Rotate_Motor_Positioin               0x20000368   Data          48  motortask.o(.bss)
    __initial_sp                             0x20004e80   Data           0  startup_stm32f10x_md.o(STACK)



==============================================================================

Memory Map of the image

  Image Entry point : 0x080000ed

  Load Region LR_IROM1 (Base: 0x08000000, Size: 0x00004630, Max: 0x00100000, ABSOLUTE, COMPRESSED[0x000044ec])

    Execution Region ER_IROM1 (Base: 0x08000000, Size: 0x000044c4, Max: 0x00100000, ABSOLUTE)

    Base Addr    Size         Type   Attr      Idx    E Section Name        Object

    0x08000000   0x000000ec   Data   RO           19    RESET               startup_stm32f10x_md.o
    0x080000ec   0x00000000   Code   RO         3587  * .ARM.Collect$$$$00000000  mc_w.l(entry.o)
    0x080000ec   0x00000004   Code   RO         3875    .ARM.Collect$$$$00000001  mc_w.l(entry2.o)
    0x080000f0   0x00000004   Code   RO         3878    .ARM.Collect$$$$00000004  mc_w.l(entry5.o)
    0x080000f4   0x00000000   Code   RO         3880    .ARM.Collect$$$$00000008  mc_w.l(entry7b.o)
    0x080000f4   0x00000000   Code   RO         3882    .ARM.Collect$$$$0000000A  mc_w.l(entry8b.o)
    0x080000f4   0x00000008   Code   RO         3883    .ARM.Collect$$$$0000000B  mc_w.l(entry9a.o)
    0x080000fc   0x00000000   Code   RO         3885    .ARM.Collect$$$$0000000D  mc_w.l(entry10a.o)
    0x080000fc   0x00000000   Code   RO         3887    .ARM.Collect$$$$0000000F  mc_w.l(entry11a.o)
    0x080000fc   0x00000004   Code   RO         3876    .ARM.Collect$$$$00002712  mc_w.l(entry2.o)
    0x08000100   0x00000096   Code   RO         3471    .emb_text           port.o
    0x08000196   0x00000002   PAD
    0x08000198   0x00000024   Code   RO           20    .text               startup_stm32f10x_md.o
    0x080001bc   0x00000024   Code   RO         3592    .text               mc_w.l(memseta.o)
    0x080001e0   0x000000b0   Code   RO         3861    .text               mf_w.l(fadd.o)
    0x08000290   0x00000064   Code   RO         3863    .text               mf_w.l(fmul.o)
    0x080002f4   0x0000007c   Code   RO         3865    .text               mf_w.l(fdiv.o)
    0x08000370   0x00000012   Code   RO         3867    .text               mf_w.l(fflti.o)
    0x08000382   0x00000032   Code   RO         3869    .text               mf_w.l(ffixi.o)
    0x080003b4   0x00000014   Code   RO         3871    .text               mf_w.l(cfcmple.o)
    0x080003c8   0x00000014   Code   RO         3873    .text               mf_w.l(cfrcmple.o)
    0x080003dc   0x00000000   Code   RO         3896    .text               mc_w.l(iusefp.o)
    0x080003dc   0x0000006e   Code   RO         3897    .text               mf_w.l(fepilogue.o)
    0x0800044a   0x00000002   PAD
    0x0800044c   0x00000024   Code   RO         3909    .text               mc_w.l(init.o)
    0x08000470   0x00000056   Code   RO         3929    .text               mc_w.l(__dczerorl2.o)
    0x080004c6   0x00000024   Code   RO         2114    i.BSP_init          main.o
    0x080004ea   0x00000004   Code   RO         2063    i.BusFault_Handler  stm32f10x_it.o
    0x080004ee   0x00000002   PAD
    0x080004f0   0x00000168   Code   RO         2351    i.CAN1_Config       can.o
    0x08000658   0x00000078   Code   RO         2352    i.CAN1_RX1_IRQHandler  can.o
    0x080006d0   0x000000a8   Code   RO          109    i.CAN_ClearITPendingBit  stm32f10x_can.o
    0x08000778   0x00000038   Code   RO          111    i.CAN_DeInit        stm32f10x_can.o
    0x080007b0   0x00000108   Code   RO          113    i.CAN_FilterInit    stm32f10x_can.o
    0x080008b8   0x00000120   Code   RO          115    i.CAN_GetITStatus   stm32f10x_can.o
    0x080009d8   0x00000012   Code   RO          119    i.CAN_ITConfig      stm32f10x_can.o
    0x080009ea   0x00000114   Code   RO          120    i.CAN_Init          stm32f10x_can.o
    0x08000afe   0x000000f0   Code   RO          123    i.CAN_Receive       stm32f10x_can.o
    0x08000bee   0x00000020   Code   RO          126    i.CAN_StructInit    stm32f10x_can.o
    0x08000c0e   0x00000126   Code   RO          128    i.CAN_Transmit      stm32f10x_can.o
    0x08000d34   0x0000001c   Code   RO         2511    i.CPU_task          starttask.o
    0x08000d50   0x00000012   Code   RO          131    i.CheckITStatus     stm32f10x_can.o
    0x08000d62   0x00000002   PAD
    0x08000d64   0x00000024   Code   RO         2453    i.DMA1_Channel2_IRQHandler  usart3.o
    0x08000d88   0x00000016   Code   RO         2454    i.DMA1_Channel3_IRQHandler  usart3.o
    0x08000d9e   0x00000002   PAD
    0x08000da0   0x0000001c   Code   RO         1526    i.DMA_ClearFlag     stm32f10x_dma.o
    0x08000dbc   0x0000001c   Code   RO         1527    i.DMA_ClearITPendingBit  stm32f10x_dma.o
    0x08000dd8   0x00000018   Code   RO         1528    i.DMA_Cmd           stm32f10x_dma.o
    0x08000df0   0x0000014c   Code   RO         1529    i.DMA_DeInit        stm32f10x_dma.o
    0x08000f3c   0x00000008   Code   RO         1530    i.DMA_GetCurrDataCounter  stm32f10x_dma.o
    0x08000f44   0x0000002c   Code   RO         1531    i.DMA_GetFlagStatus  stm32f10x_dma.o
    0x08000f70   0x0000002c   Code   RO         1532    i.DMA_GetITStatus   stm32f10x_dma.o
    0x08000f9c   0x00000012   Code   RO         1533    i.DMA_ITConfig      stm32f10x_dma.o
    0x08000fae   0x0000003c   Code   RO         1534    i.DMA_Init          stm32f10x_dma.o
    0x08000fea   0x00000004   Code   RO         1535    i.DMA_SetCurrDataCounter  stm32f10x_dma.o
    0x08000fee   0x00000002   PAD
    0x08000ff0   0x0000001c   Code   RO         2353    i.Data_Send_to_Master_Init  can.o
    0x0800100c   0x00000002   Code   RO         2064    i.DebugMon_Handler  stm32f10x_it.o
    0x0800100e   0x00000116   Code   RO          268    i.GPIO_Init         stm32f10x_gpio.o
    0x08001124   0x00000004   Code   RO         2065    i.HardFault_Handler  stm32f10x_it.o
    0x08001128   0x0000001c   Code   RO         2665    i.Lift_task         lifttask.o
    0x08001144   0x00000004   Code   RO         2066    i.MemManage_Handler  stm32f10x_it.o
    0x08001148   0x00000020   Code   RO         2636    i.Motor_task        motortask.o
    0x08001168   0x00000002   Code   RO         2067    i.NMI_Handler       stm32f10x_it.o
    0x0800116a   0x00000022   Code   RO         2412    i.NVIC_Config       nvic.o
    0x0800118c   0x00000070   Code   RO           24    i.NVIC_Init         misc.o
    0x080011fc   0x00000014   Code   RO           25    i.NVIC_PriorityGroupConfig  misc.o
    0x08001210   0x00000080   Code   RO         3542    i.PID_Calc          pid.o
    0x08001290   0x00000120   Code   RO         2637    i.Pid_Motor_Init    motortask.o
    0x080013b0   0x00000020   Code   RO          599    i.RCC_AHBPeriphClockCmd  stm32f10x_rcc.o
    0x080013d0   0x00000020   Code   RO          600    i.RCC_APB1PeriphClockCmd  stm32f10x_rcc.o
    0x080013f0   0x00000020   Code   RO          601    i.RCC_APB1PeriphResetCmd  stm32f10x_rcc.o
    0x08001410   0x00000020   Code   RO          602    i.RCC_APB2PeriphClockCmd  stm32f10x_rcc.o
    0x08001430   0x00000020   Code   RO          603    i.RCC_APB2PeriphResetCmd  stm32f10x_rcc.o
    0x08001450   0x000000d4   Code   RO          610    i.RCC_GetClocksFreq  stm32f10x_rcc.o
    0x08001524   0x00000008   Code   RO         2244    i.SetSysClock       system_stm32f10x.o
    0x0800152c   0x000000e0   Code   RO         2245    i.SetSysClockTo72   system_stm32f10x.o
    0x0800160c   0x000000d8   Code   RO         2354    i.Slave2Master      can.o
    0x080016e4   0x00000008   Code   RO         2068    i.SysTick_Handler   stm32f10x_it.o
    0x080016ec   0x00000060   Code   RO         2247    i.SystemInit        system_stm32f10x.o
    0x0800174c   0x00000024   Code   RO         2278    i.TIM2_IRQHandler   delay.o
    0x08001770   0x0000005c   Code   RO         2279    i.TIM2_Init         delay.o
    0x080017cc   0x0000002c   Code   RO         2280    i.TIM3_IRQHandler   delay.o
    0x080017f8   0x00000060   Code   RO         2281    i.TIM3_Init         delay.o
    0x08001858   0x00000028   Code   RO         2327    i.TIM4_IRQHandler   tim.o
    0x08001880   0x00000060   Code   RO         2328    i.TIM4_Init         tim.o
    0x080018e0   0x00000006   Code   RO          809    i.TIM_ClearITPendingBit  stm32f10x_tim.o
    0x080018e6   0x00000018   Code   RO          814    i.TIM_Cmd           stm32f10x_tim.o
    0x080018fe   0x00000022   Code   RO          835    i.TIM_GetITStatus   stm32f10x_tim.o
    0x08001920   0x00000012   Code   RO          839    i.TIM_ITConfig      stm32f10x_tim.o
    0x08001932   0x00000002   PAD
    0x08001934   0x000000a4   Code   RO          885    i.TIM_TimeBaseInit  stm32f10x_tim.o
    0x080019d8   0x000001cc   Code   RO         2455    i.USART3_Configuration  usart3.o
    0x08001ba4   0x000000ac   Code   RO         2456    i.USART3_IRQHandler  usart3.o
    0x08001c50   0x00000018   Code   RO         1350    i.USART_Cmd         stm32f10x_usart.o
    0x08001c68   0x00000012   Code   RO         1351    i.USART_DMACmd      stm32f10x_usart.o
    0x08001c7a   0x00000002   PAD
    0x08001c7c   0x0000009c   Code   RO         1352    i.USART_DeInit      stm32f10x_usart.o
    0x08001d18   0x00000054   Code   RO         1354    i.USART_GetITStatus  stm32f10x_usart.o
    0x08001d6c   0x0000004a   Code   RO         1356    i.USART_ITConfig    stm32f10x_usart.o
    0x08001db6   0x00000002   PAD
    0x08001db8   0x000000d8   Code   RO         1357    i.USART_Init        stm32f10x_usart.o
    0x08001e90   0x0000001c   Code   RO         2355    i.USB_HP_CAN1_TX_IRQHandler  can.o
    0x08001eac   0x000000d8   Code   RO         2356    i.USB_LP_CAN1_RX0_IRQHandler  can.o
    0x08001f84   0x00000004   Code   RO         2069    i.UsageFault_Handler  stm32f10x_it.o
    0x08001f88   0x0000003a   Code   RO         3554    i.Verify_modbusCRC16_Check_Sum  modbuscrc16.o
    0x08001fc2   0x00000002   PAD
    0x08001fc4   0x00000098   Code   RO         2424    i.ZeroCheck         zerocheck.o
    0x0800205c   0x00000060   Code   RO         2425    i.ZeroCheck_Init    zerocheck.o
    0x080020bc   0x00000080   Code   RO         2426    i.ZeroCheck_cal     zerocheck.o
    0x0800213c   0x0000000e   Code   RO         3923    i.__scatterload_copy  mc_w.l(handlers.o)
    0x0800214a   0x00000002   Code   RO         3924    i.__scatterload_null  mc_w.l(handlers.o)
    0x0800214c   0x0000000e   Code   RO         3925    i.__scatterload_zeroinit  mc_w.l(handlers.o)
    0x0800215a   0x00000002   PAD
    0x0800215c   0x00000140   Code   RO         2579    i.autoExchange      autoexectask.o
    0x0800229c   0x00000108   Code   RO         2580    i.autoGetMineMidair  autoexectask.o
    0x080023a4   0x00000128   Code   RO         2581    i.autoLargeIslandMine  autoexectask.o
    0x080024cc   0x000000d0   Code   RO         2582    i.autoMineMidair    autoexectask.o
    0x0800259c   0x00000034   Code   RO         2583    i.autoModeDelay_ms  autoexectask.o
    0x080025d0   0x00000002   Code   RO         2539    i.autoModeSwitch    statetask.o
    0x080025d2   0x00000002   PAD
    0x080025d4   0x00000170   Code   RO         2584    i.autoSmallIslandMine  autoexectask.o
    0x08002744   0x0000012c   Code   RO         2585    i.autoexec          autoexectask.o
    0x08002870   0x0000001c   Code   RO         2586    i.autoexecTask      autoexectask.o
    0x0800288c   0x000001cc   Code   RO         2457    i.changeBaudRate    usart3.o
    0x08002a58   0x0000005c   Code   RO         2711    i.clampAngleSend    clampangletask.o
    0x08002ab4   0x000000fc   Code   RO         2712    i.clampAngleSendTask  clampangletask.o
    0x08002bb0   0x00000038   Code   RO         3556    i.crc16table        modbuscrc16.o
    0x08002be8   0x0000002c   Code   RO         2282    i.delay_ms          delay.o
    0x08002c14   0x0000002c   Code   RO         2115    i.flagInit          main.o
    0x08002c40   0x000000e4   Code   RO         2540    i.flagModeSwitch    statetask.o
    0x08002d24   0x000000e4   Code   RO         2116    i.gpioConfig        main.o
    0x08002e08   0x00000022   Code   RO         2117    i.main              main.o
    0x08002e2a   0x00000002   PAD
    0x08002e2c   0x00000010   Code   RO         2541    i.modeInit          statetask.o
    0x08002e3c   0x000000d4   Code   RO         2542    i.modeSwitch        statetask.o
    0x08002f10   0x00000030   Code   RO         2543    i.modeSwitchTask    statetask.o
    0x08002f40   0x000000bc   Code   RO         2357    i.motorCurrentSend  can.o
    0x08002ffc   0x00000098   Code   RO         2733    i.motorRotate       rotatetask.o
    0x08003094   0x00000288   Code   RO         2638    i.motor_cal_task    motortask.o
    0x0800331c   0x000001e0   Code   RO         2666    i.motor_lift_task   lifttask.o
    0x080034fc   0x00000098   Code   RO         3071    i.prvAddCurrentTaskToDelayedList  tasks.o
    0x08003594   0x000000b8   Code   RO         3072    i.prvAddNewTaskToReadyList  tasks.o
    0x0800364c   0x00000064   Code   RO         3073    i.prvCheckTasksWaitingTermination  tasks.o
    0x080036b0   0x00000012   Code   RO         3074    i.prvDeleteTCB      tasks.o
    0x080036c2   0x00000002   PAD
    0x080036c4   0x0000007c   Code   RO         3422    i.prvHeapInit       heap_4.o
    0x08003740   0x00000028   Code   RO         3075    i.prvIdleTask       tasks.o
    0x08003768   0x00000090   Code   RO         3076    i.prvInitialiseNewTask  tasks.o
    0x080037f8   0x00000068   Code   RO         3077    i.prvInitialiseTaskLists  tasks.o
    0x08003860   0x00000068   Code   RO         3423    i.prvInsertBlockIntoFreeList  heap_4.o
    0x080038c8   0x00000034   Code   RO         3079    i.prvResetNextTaskUnblockTime  tasks.o
    0x080038fc   0x00000016   Code   RO         3080    i.prvTaskCheckFreeStackSpace  tasks.o
    0x08003912   0x00000016   Code   RO         3472    i.prvTaskExitError  port.o
    0x08003928   0x000000d0   Code   RO         3424    i.pvPortMalloc      heap_4.o
    0x080039f8   0x00000024   Code   RO         3473    i.pxPortInitialiseStack  port.o
    0x08003a1c   0x0000001c   Code   RO         2734    i.rotate_Task       rotatetask.o
    0x08003a38   0x0000002c   Code   RO         2512    i.startTask         starttask.o
    0x08003a64   0x0000014c   Code   RO         2513    i.start_task        starttask.o
    0x08003bb0   0x00000028   Code   RO         2868    i.uxListRemove      list.o
    0x08003bd8   0x00000028   Code   RO         3085    i.uxTaskGetStackHighWaterMark  tasks.o
    0x08003c00   0x0000001a   Code   RO         2869    i.vListInitialise   list.o
    0x08003c1a   0x00000006   Code   RO         2870    i.vListInitialiseItem  list.o
    0x08003c20   0x00000034   Code   RO         2871    i.vListInsert       list.o
    0x08003c54   0x00000018   Code   RO         2872    i.vListInsertEnd    list.o
    0x08003c6c   0x00000024   Code   RO         3475    i.vPortEnterCritical  port.o
    0x08003c90   0x00000020   Code   RO         3476    i.vPortExitCritical  port.o
    0x08003cb0   0x00000048   Code   RO         3425    i.vPortFree         heap_4.o
    0x08003cf8   0x00000020   Code   RO         3477    i.vPortSetupTimerInterrupt  port.o
    0x08003d18   0x00000034   Code   RO         3091    i.vTaskDelay        tasks.o
    0x08003d4c   0x00000074   Code   RO         3092    i.vTaskDelayUntil   tasks.o
    0x08003dc0   0x000000cc   Code   RO         3093    i.vTaskDelete       tasks.o
    0x08003e8c   0x0000006c   Code   RO         3106    i.vTaskStartScheduler  tasks.o
    0x08003ef8   0x00000010   Code   RO         3108    i.vTaskSuspendAll   tasks.o
    0x08003f08   0x000000a0   Code   RO         3109    i.vTaskSwitchContext  tasks.o
    0x08003fa8   0x00000034   Code   RO         3478    i.xPortStartScheduler  port.o
    0x08003fdc   0x00000034   Code   RO         3479    i.xPortSysTickHandler  port.o
    0x08004010   0x00000060   Code   RO         3111    i.xTaskCreate       tasks.o
    0x08004070   0x0000000c   Code   RO         3115    i.xTaskGetTickCount  tasks.o
    0x0800407c   0x0000011c   Code   RO         3117    i.xTaskIncrementTick  tasks.o
    0x08004198   0x000000e8   Code   RO         3122    i.xTaskResumeAll    tasks.o
    0x08004280   0x00000222   Data   RO         3558    .constdata          modbuscrc16.o
    0x080044a2   0x00000002   PAD
    0x080044a4   0x00000020   Data   RO         3921    Region$$Table       anon$$obj.o


    Execution Region RW_IRAM1 (Base: 0x20000000, Size: 0x00004e80, Max: 0x00100000, ABSOLUTE, COMPRESSED[0x00000028])

    Base Addr    Size         Type   Attr      Idx    E Section Name        Object

    0x20000000   0x00000014   Data   RW          630    .data               stm32f10x_rcc.o
    0x20000014   0x00000014   Data   RW         2248    .data               system_stm32f10x.o
    0x20000028   0x00000008   Data   RW         2284    .data               delay.o
    0x20000030   0x00000004   Data   RW         2329    .data               tim.o
    0x20000034   0x00000016   Data   RW         2360    .data               can.o
    0x2000004a   0x00000002   PAD
    0x2000004c   0x0000001c   Data   RW         2428    .data               zerocheck.o
    0x20000068   0x00000008   Data   RW         2459    .data               usart3.o
    0x20000070   0x00000024   Data   RW         2515    .data               starttask.o
    0x20000094   0x00000004   Data   RW         2544    .data               statetask.o
    0x20000098   0x0000001c   Data   RW         2587    .data               autoexectask.o
    0x200000b4   0x0000002c   Data   RW         2640    .data               motortask.o
    0x200000e0   0x0000001c   Data   RW         2667    .data               lifttask.o
    0x200000fc   0x00000008   Data   RW         2713    .data               clampangletask.o
    0x20000104   0x00000008   Data   RW         2735    .data               rotatetask.o
    0x2000010c   0x00000044   Data   RW         3125    .data               tasks.o
    0x20000150   0x00000018   Data   RW         3430    .data               heap_4.o
    0x20000168   0x00000004   Data   RW         3480    .data               port.o
    0x2000016c   0x0000000e   Zero   RW         2118    .bss                main.o
    0x2000017a   0x00000002   PAD
    0x2000017c   0x00000064   Zero   RW         2359    .bss                can.o
    0x200001e0   0x0000003c   Zero   RW         2427    .bss                zerocheck.o
    0x2000021c   0x0000005b   Zero   RW         2458    .bss                usart3.o
    0x20000277   0x00000001   PAD
    0x20000278   0x00000120   Zero   RW         2639    .bss                motortask.o
    0x20000398   0x000002e4   Zero   RW         3124    .bss                tasks.o
    0x2000067c   0x00004400   Zero   RW         3429    .bss                heap_4.o
    0x20004a7c   0x00000004   PAD
    0x20004a80   0x00000400   Zero   RW           17    STACK               startup_stm32f10x_md.o


==============================================================================

Image component sizes


      Code (inc. data)   RO Data    RW Data    ZI Data      Debug   Object Name

      1836        200          0         28          0       5639   autoexectask.o
      1156         74          0         22        100       4839   can.o
       344         26          0          8          0       1495   clampangletask.o
         0          0          0          0          0       4568   core_cm3.o
       312         26          0          8          0       6874   delay.o
         0          0          0          0          0       1508   event_groups.o
       508         62          0         24      17408       3691   heap_4.o
       508         70          0         28          0       2127   lifttask.o
       148          0          0          0          0       3022   list.o
       342         18          0          0         14      17923   main.o
       132         22          0          0          0     266231   misc.o
       114          8        546          0          0       1968   modbuscrc16.o
       968        128          0         44        288       3035   motortask.o
        34          0          0          0          0        594   nvic.o
       128          0          0          0          0        859   pid.o
       412         50          0          4          0       8820   port.o
       180         26          0          8          0       1235   rotatetask.o
       404        186          0         36          0       2651   starttask.o
        36          8        236          0       1024        784   startup_stm32f10x_md.o
       506         42          0          4          0       3077   statetask.o
      1654         22          0          0          0       7044   stm32f10x_can.o
       590         44          0          0          0       7033   stm32f10x_dma.o
       278          0          0          0          0       1880   stm32f10x_gpio.o
        28          0          0          0          0       2975   stm32f10x_it.o
       372         50          0         20          0       5908   stm32f10x_rcc.o
       246         42          0          0          0       3358   stm32f10x_tim.o
       572         28          0          0          0       5384   stm32f10x_usart.o
       328         28          0         20          0       2117   system_stm32f10x.o
      2136        338          0         68        740      24311   tasks.o
       136         12          0          4          0       1444   tim.o
      1150         84          0          8         91       3928   usart3.o
       376         50          0         28         60       2596   zerocheck.o

    ----------------------------------------------------------------------
     15958       1644        816        364      19732     408918   Object Totals
         0          0         32          0          0          0   (incl. Generated)
        24          0          2          2          7          0   (incl. Padding)

    ----------------------------------------------------------------------

      Code (inc. data)   RO Data    RW Data    ZI Data      Debug   Library Member Name

        86          0          0          0          0          0   __dczerorl2.o
         0          0          0          0          0          0   entry.o
         0          0          0          0          0          0   entry10a.o
         0          0          0          0          0          0   entry11a.o
         8          4          0          0          0          0   entry2.o
         4          0          0          0          0          0   entry5.o
         0          0          0          0          0          0   entry7b.o
         0          0          0          0          0          0   entry8b.o
         8          4          0          0          0          0   entry9a.o
        30          0          0          0          0          0   handlers.o
        36          8          0          0          0         68   init.o
         0          0          0          0          0          0   iusefp.o
        36          0          0          0          0        108   memseta.o
        20          0          0          0          0         68   cfcmple.o
        20          0          0          0          0         68   cfrcmple.o
       176          0          0          0          0        140   fadd.o
       124          0          0          0          0         88   fdiv.o
       110          0          0          0          0        168   fepilogue.o
        50          0          0          0          0         68   ffixi.o
        18          0          0          0          0         68   fflti.o
       100          0          0          0          0         76   fmul.o

    ----------------------------------------------------------------------
       830         16          0          0          0        920   Library Totals
         4          0          0          0          0          0   (incl. Padding)

    ----------------------------------------------------------------------

      Code (inc. data)   RO Data    RW Data    ZI Data      Debug   Library Name

       208         16          0          0          0        176   mc_w.l
       618          0          0          0          0        744   mf_w.l

    ----------------------------------------------------------------------
       830         16          0          0          0        920   Library Totals

    ----------------------------------------------------------------------

==============================================================================


      Code (inc. data)   RO Data    RW Data    ZI Data      Debug   

     16788       1660        816        364      19732     402530   Grand Totals
     16788       1660        816         40      19732     402530   ELF Image Totals (compressed)
     16788       1660        816         40          0          0   ROM Totals

==============================================================================

    Total RO  Size (Code + RO Data)                17604 (  17.19kB)
    Total RW  Size (RW Data + ZI Data)             20096 (  19.63kB)
    Total ROM Size (Code + RO Data + RW Data)      17644 (  17.23kB)

==============================================================================

